Component: ARM Compiler 6.12 Tool: armlink [5d624300]

==============================================================================

Section Cross References

    startup_stm32h743xx.o(RESET) refers to startup_stm32h743xx.o(STACK) for __initial_sp
    startup_stm32h743xx.o(RESET) refers to startup_stm32h743xx.o(.text) for Reset_Handler
    startup_stm32h743xx.o(RESET) refers to stm32h7xx_it.o(.text.NMI_Handler) for NMI_Handler
    startup_stm32h743xx.o(RESET) refers to stm32h7xx_it.o(.text.HardFault_Handler) for HardFault_Handler
    startup_stm32h743xx.o(RESET) refers to stm32h7xx_it.o(.text.MemManage_Handler) for MemManage_Handler
    startup_stm32h743xx.o(RESET) refers to stm32h7xx_it.o(.text.BusFault_Handler) for BusFault_Handler
    startup_stm32h743xx.o(RESET) refers to stm32h7xx_it.o(.text.UsageFault_Handler) for UsageFault_Handler
    startup_stm32h743xx.o(RESET) refers to stm32h7xx_it.o(.text.SVC_Handler) for SVC_Handler
    startup_stm32h743xx.o(RESET) refers to stm32h7xx_it.o(.text.DebugMon_Handler) for DebugMon_Handler
    startup_stm32h743xx.o(RESET) refers to stm32h7xx_it.o(.text.PendSV_Handler) for PendSV_Handler
    startup_stm32h743xx.o(RESET) refers to stm32h7xx_it.o(.text.SysTick_Handler) for SysTick_Handler
    startup_stm32h743xx.o(RESET) refers to stm32h7xx_it.o(.text.DMA1_Stream1_IRQHandler) for DMA1_Stream1_IRQHandler
    startup_stm32h743xx.o(RESET) refers to stm32h7xx_it.o(.text.DMA1_Stream2_IRQHandler) for DMA1_Stream2_IRQHandler
    startup_stm32h743xx.o(RESET) refers to stm32h7xx_it.o(.text.ADC_IRQHandler) for ADC_IRQHandler
    startup_stm32h743xx.o(RESET) refers to stm32h7xx_it.o(.text.EXTI15_10_IRQHandler) for EXTI15_10_IRQHandler
    startup_stm32h743xx.o(.text) refers to system_stm32h7xx.o(.text.SystemInit) for SystemInit
    startup_stm32h743xx.o(.text) refers to entry.o(.ARM.Collect$$$$00000000) for __main
    dac_gen.o(.text.dac_gomid) refers to stm32h7xx_hal_dac.o(.text.HAL_DAC_Start_DMA) for HAL_DAC_Start_DMA
    dac_gen.o(.ARM.exidx.text.dac_gomid) refers to dac_gen.o(.text.dac_gomid) for [Anonymous Symbol]
    dac_gen.o(.text.dac_run) refers to stm32h7xx_hal_dac.o(.text.HAL_DAC_Start_DMA) for HAL_DAC_Start_DMA
    dac_gen.o(.text.dac_run) refers to dac.o(.bss.hdac1) for hdac1
    dac_gen.o(.ARM.exidx.text.dac_run) refers to dac_gen.o(.text.dac_run) for [Anonymous Symbol]
    dac_gen.o(.text.HAL_DAC_ConvCpltCallbackCh1) refers to dac_gen.o(.text.dac_gomid) for dac_gomid
    dac_gen.o(.text.HAL_DAC_ConvCpltCallbackCh1) refers to stm32h7xx_hal_dac.o(.text.HAL_DAC_Start_DMA) for HAL_DAC_Start_DMA
    dac_gen.o(.text.HAL_DAC_ConvCpltCallbackCh1) refers to dac_gen.o(.text.dac_plot_countinue) for dac_plot_countinue
    dac_gen.o(.text.HAL_DAC_ConvCpltCallbackCh1) refers to dac_gen.o(.bss.DAC_Status) for DAC_Status
    dac_gen.o(.text.HAL_DAC_ConvCpltCallbackCh1) refers to dac.o(.bss.hdac1) for hdac1
    dac_gen.o(.text.HAL_DAC_ConvCpltCallbackCh1) refers to dac_gen.o(.bss.Plot_Bank0) for Plot_Bank0
    dac_gen.o(.text.HAL_DAC_ConvCpltCallbackCh1) refers to dac_gen.o(.bss.Plot_Bank1) for Plot_Bank1
    dac_gen.o(.ARM.exidx.text.HAL_DAC_ConvCpltCallbackCh1) refers to dac_gen.o(.text.HAL_DAC_ConvCpltCallbackCh1) for [Anonymous Symbol]
    dac_gen.o(.text.dac_plot_countinue) refers to sin.o(i.__hardfp_sin) for __hardfp_sin
    dac_gen.o(.ARM.exidx.text.dac_plot_countinue) refers to dac_gen.o(.text.dac_plot_countinue) for [Anonymous Symbol]
    dac_gen.o(.text.dac_plot) refers to sin.o(i.__hardfp_sin) for __hardfp_sin
    dac_gen.o(.ARM.exidx.text.dac_plot) refers to dac_gen.o(.text.dac_plot) for [Anonymous Symbol]
    dac_gen.o(.text.han_win) refers to cos.o(i.__hardfp_cos) for __hardfp_cos
    dac_gen.o(.ARM.exidx.text.han_win) refers to dac_gen.o(.text.han_win) for [Anonymous Symbol]
    fft.o(.text.fast_rfft_64) refers to memseta.o(.text) for __aeabi_memclr4
    fft.o(.text.fast_rfft_64) refers to arm_rfft_fast_init_f32.o(.text.arm_rfft_fast_init_f32) for arm_rfft_fast_init_f32
    fft.o(.text.fast_rfft_64) refers to arm_rfft_fast_f32.o(.text.arm_rfft_fast_f32) for arm_rfft_fast_f32
    fft.o(.text.fast_rfft_64) refers to arm_cmplx_mag_f32.o(.text.arm_cmplx_mag_f32) for arm_cmplx_mag_f32
    fft.o(.text.fast_rfft_64) refers to fft.o(.bss.magoutput) for magoutput
    fft.o(.ARM.exidx.text.fast_rfft_64) refers to fft.o(.text.fast_rfft_64) for [Anonymous Symbol]
    main.o(.text.HAL_GPIO_EXTI_Callback) refers to stm32h7xx_hal_gpio.o(.text.HAL_GPIO_TogglePin) for HAL_GPIO_TogglePin
    main.o(.text.HAL_GPIO_EXTI_Callback) refers to stm32h7xx_hal.o(.text.HAL_Delay) for HAL_Delay
    main.o(.ARM.exidx.text.HAL_GPIO_EXTI_Callback) refers to main.o(.text.HAL_GPIO_EXTI_Callback) for [Anonymous Symbol]
    main.o(.text.fputc) refers to stm32h7xx_hal_uart.o(.text.HAL_UART_Transmit) for HAL_UART_Transmit
    main.o(.text.fputc) refers to usart.o(.bss.huart3) for huart3
    main.o(.ARM.exidx.text.fputc) refers to main.o(.text.fputc) for [Anonymous Symbol]
[...]
    __arm_cp.2_42                            0x08005204   Number         4  stm32h7xx_hal_uart.o(.text.UART_SetConfig)
    __arm_cp.2_12                            0x08005628   Number         4  stm32h7xx_hal_uart.o(.text.UART_SetConfig)
    __arm_cp.2_13                            0x0800562c   Number         4  stm32h7xx_hal_uart.o(.text.UART_SetConfig)
    __arm_cp.2_14                            0x08005630   Number         4  stm32h7xx_hal_uart.o(.text.UART_SetConfig)
    __arm_cp.2_15                            0x08005634   Number         4  stm32h7xx_hal_uart.o(.text.UART_SetConfig)
    [Anonymous Symbol]                       0x08005638   Section        0  stm32h7xx_hal_uart.o(.text.UART_WaitOnFlagUntilTimeout)
    [Anonymous Symbol]                       0x080056a2   Section        0  stm32h7xx_it.o(.text.UsageFault_Handler)
    __NVIC_SetPriority                       0x080056a5   Thumb Code    32  stm32h7xx_hal_cortex.o(.text.__NVIC_SetPriority)
    [Anonymous Symbol]                       0x080056a4   Section        0  stm32h7xx_hal_cortex.o(.text.__NVIC_SetPriority)
    __arm_cp.2_0                             0x080056bc   Number         4  stm32h7xx_hal_cortex.o(.text.__NVIC_SetPriority)
    __arm_cp.2_1                             0x080056c0   Number         4  stm32h7xx_hal_cortex.o(.text.__NVIC_SetPriority)
    [Anonymous Symbol]                       0x080056c4   Section        0  arm_bitreversal2.o(.text.arm_bitreversal_32)
    [Anonymous Symbol]                       0x08005710   Section        0  arm_cfft_f32.o(.text.arm_cfft_f32)
    [Anonymous Symbol]                       0x080057ec   Section        0  arm_cfft_f32.o(.text.arm_cfft_radix8by2_f32)
    [Anonymous Symbol]                       0x0800596c   Section        0  arm_cfft_f32.o(.text.arm_cfft_radix8by4_f32)
    [Anonymous Symbol]                       0x08005d48   Section        0  arm_cmplx_mag_f32.o(.text.arm_cmplx_mag_f32)
    [Anonymous Symbol]                       0x08005e80   Section        0  arm_cfft_radix8_f32.o(.text.arm_radix8_butterfly_f32)
    [Anonymous Symbol]                       0x080063a4   Section        0  arm_rfft_fast_init_f32.o(.text.arm_rfft_1024_fast_init_f32)
    [Anonymous Symbol]                       0x080063e0   Section        0  arm_rfft_fast_init_f32.o(.text.arm_rfft_128_fast_init_f32)
    [Anonymous Symbol]                       0x08006416   Section        0  arm_rfft_fast_init_f32.o(.text.arm_rfft_2048_fast_init_f32)
    [Anonymous Symbol]                       0x08006452   Section        0  arm_rfft_fast_init_f32.o(.text.arm_rfft_256_fast_init_f32)
    [Anonymous Symbol]                       0x0800648a   Section        0  arm_rfft_fast_init_f32.o(.text.arm_rfft_32_fast_init_f32)
    [Anonymous Symbol]                       0x080064c0   Section        0  arm_rfft_fast_init_f32.o(.text.arm_rfft_4096_fast_init_f32)
    [Anonymous Symbol]                       0x080064fc   Section        0  arm_rfft_fast_init_f32.o(.text.arm_rfft_512_fast_init_f32)
    [Anonymous Symbol]                       0x08006538   Section        0  arm_rfft_fast_init_f32.o(.text.arm_rfft_64_fast_init_f32)
    [Anonymous Symbol]                       0x0800656e   Section        0  arm_rfft_fast_f32.o(.text.arm_rfft_fast_f32)
    [Anonymous Symbol]                       0x080065be   Section        0  arm_rfft_fast_init_f32.o(.text.arm_rfft_fast_init_f32)
    [Anonymous Symbol]                       0x08006650   Section        0  dac_gen.o(.text.dac_gomid)
    __arm_cp.0_0                             0x0800667c   Number         4  dac_gen.o(.text.dac_gomid)
    [Anonymous Symbol]                       0x08006680   Section        0  dac_gen.o(.text.dac_plot_countinue)
    __arm_cp.3_1                             0x08006758   Number         4  dac_gen.o(.text.dac_plot_countinue)
    [Anonymous Symbol]                       0x0800675c   Section        0  fft.o(.text.fast_rfft_64)
    [Anonymous Symbol]                       0x080067ac   Section        0  main.o(.text.fputc)
    __arm_cp.1_0                             0x080067c8   Number         4  main.o(.text.fputc)
    [Anonymous Symbol]                       0x080067d0   Section        0  dac_gen.o(.text.han_win)
    [Anonymous Symbol]                       0x08006850   Section        0  main.o(.text.main)
    __arm_cp.4_0                             0x08006918   Number         4  main.o(.text.main)
    __arm_cp.4_1                             0x0800691c   Number         4  main.o(.text.main)
    __arm_cp.4_2                             0x08006920   Number         4  main.o(.text.main)
    __arm_cp.4_3                             0x08006924   Number         4  main.o(.text.main)
    __arm_cp.4_4                             0x08006928   Number         4  main.o(.text.main)
    __arm_cp.4_6                             0x0800692c   Number         4  main.o(.text.main)
    __arm_cp.4_7                             0x08006930   Number         4  main.o(.text.main)
    __arm_cp.4_8                             0x08006934   Number         4  main.o(.text.main)
    __arm_cp.4_9                             0x08006938   Number         4  main.o(.text.main)
    __arm_cp.4_10                            0x0800693c   Number         4  main.o(.text.main)
    __arm_cp.4_11                            0x08006940   Number         4  main.o(.text.main)
    __arm_cp.4_12                            0x08006944   Number         4  main.o(.text.main)
    [Anonymous Symbol]                       0x08006950   Section        0  arm_rfft_fast_f32.o(.text.merge_rfft_f32)
    [Anonymous Symbol]                       0x080069fc   Section        0  arm_rfft_fast_f32.o(.text.stage_rfft_f32)
    i.__0printf                              0x08006aa0   Section        0  printfa.o(i.__0printf)
    i.__ARM_fpclassify                       0x08006ac0   Section        0  fpclassify.o(i.__ARM_fpclassify)
    i.__hardfp_cos                           0x08006af0   Section        0  cos.o(i.__hardfp_cos)
    i.__hardfp_sin                           0x08006ba0   Section        0  sin.o(i.__hardfp_sin)
    i.__hardfp_sqrtf                         0x08006c50   Section        0  sqrtf.o(i.__hardfp_sqrtf)
    i.__ieee754_rem_pio2                     0x08006c90   Section        0  rred.o(i.__ieee754_rem_pio2)
    i.__kernel_cos                           0x08006f98   Section        0  cos_i.o(i.__kernel_cos)
    i.__kernel_poly                          0x0800705c   Section        0  poly.o(i.__kernel_poly)
    i.__kernel_sin                           0x080070d0   Section        0  sin_i.o(i.__kernel_sin)
    i.__mathlib_dbl_invalid                  0x08007170   Section        0  dunder.o(i.__mathlib_dbl_invalid)
    i.__mathlib_dbl_underflow                0x08007188   Section        0  dunder.o(i.__mathlib_dbl_underflow)
    i.__scatterload_copy                     0x080071a0   Section       14  handlers.o(i.__scatterload_copy)
    i.__scatterload_null                     0x080071ae   Section        2  handlers.o(i.__scatterload_null)
    i.__scatterload_zeroinit                 0x080071b0   Section       14  handlers.o(i.__scatterload_zeroinit)
    i.__set_errno                            0x080071c0   Section        0  errno.o(i.__set_errno)
    _fp_digits                               0x080071cd   Thumb Code   366  printfa.o(i._fp_digits)
    i._fp_digits                             0x080071cc   Section        0  printfa.o(i._fp_digits)
    _printf_core                             0x08007351   Thumb Code  1744  printfa.o(i._printf_core)
    i._printf_core                           0x08007350   Section        0  printfa.o(i._printf_core)
    _printf_post_padding                     0x08007a2d   Thumb Code    36  printfa.o(i._printf_post_padding)
    i._printf_post_padding                   0x08007a2c   Section        0  printfa.o(i._printf_post_padding)
    _printf_pre_padding                      0x08007a51   Thumb Code    46  printfa.o(i._printf_pre_padding)
    i._printf_pre_padding                    0x08007a50   Section        0  printfa.o(i._printf_pre_padding)
    i.fabs                                   0x08007a7e   Section        0  fabs.o(i.fabs)
    C                                        0x08007a98   Data          48  cos_i.o(.constdata)
    .constdata                               0x08007a98   Section       48  cos_i.o(.constdata)
    pio2s                                    0x08007ac8   Data          48  rred.o(.constdata)
    .constdata                               0x08007ac8   Section      200  rred.o(.constdata)
    twooverpi                                0x08007af8   Data         152  rred.o(.constdata)
    S                                        0x08007b90   Data          40  sin_i.o(.constdata)
    .constdata                               0x08007b90   Section       40  sin_i.o(.constdata)
    [Anonymous Symbol]                       0x08007bb8   Section        0  stm32h7xx_hal_uart.o(.rodata..Lswitch.table.UART_SetConfig.25)
    .L__const.UARTEx_SetNbDataToProcess.numerator 0x0800b14c   Data           8  stm32h7xx_hal_uart_ex.o(.rodata.cst8)
    .L__const.UARTEx_SetNbDataToProcess.denominator 0x0800b154   Data           8  stm32h7xx_hal_uart_ex.o(.rodata.cst8)
    DMA_CalcBaseAndBitshift.flagBitshiftOffset 0x0800b15c   Data           8  stm32h7xx_hal_dma.o(.rodata.cst8)
    .data                                    0x24000000   Section        4  stdout.o(.data)
    _errno                                   0x24000004   Data           4  errno.o(.data)
    .data                                    0x24000004   Section        4  errno.o(.data)
    uwTickFreq                               0x24000008   Data           1  stm32h7xx_hal.o(.data..L_MergedGlobals)
    [Anonymous Symbol]                       0x24000008   Section        0  stm32h7xx_hal.o(.data..L_MergedGlobals)
    uwTickPrio                               0x2400000c   Data           4  stm32h7xx_hal.o(.data..L_MergedGlobals)
    uwTick                                   0x24000880   Data           4  stm32h7xx_hal.o(.bss.uwTick)
    [Anonymous Symbol]                       0x24000880   Section        0  stm32h7xx_hal.o(.bss.uwTick)
    STACK                                    0x24000888   Section     1024  startup_stm32h743xx.o(STACK)

    Global Symbols

    Symbol Name                              Value     Ov Type        Size  Object(Section)

    BuildAttributes$$THM_ISAv4$E$P$D$K$B$S$7EM$VFPv5_D16$PE$PLD8$A:L22UL41UL21$X:L11$S22US41US21$IEEE1$IW$~IW$USESV6$~STKCKD$USESV7$~SHL$OTIME$ROPI$IEEEX$EBA8$MICROLIB$REQ8$PRES8$EABIv2 0x00000000   Number         0  anon$$obj.o ABSOLUTE
    _printf_a                                0x00000000   Number         0  stubs.o ABSOLUTE
    _printf_c                                0x00000000   Number         0  stubs.o ABSOLUTE
    _printf_charcount                        0x00000000   Number         0  stubs.o ABSOLUTE
    _printf_d                                0x00000000   Number         0  stubs.o ABSOLUTE
    _printf_e                                0x00000000   Number         0  stubs.o ABSOLUTE
    _printf_f                                0x00000000   Number         0  stubs.o ABSOLUTE
    _printf_flags                            0x00000000   Number         0  stubs.o ABSOLUTE
    _printf_fp_dec                           0x00000000   Number         0  stubs.o ABSOLUTE
    _printf_fp_hex                           0x00000000   Number         0  stubs.o ABSOLUTE
    _printf_g                                0x00000000   Number         0  stubs.o ABSOLUTE
    _printf_i                                0x00000000   Number         0  stubs.o ABSOLUTE
    _printf_int_dec                          0x00000000   Number         0  stubs.o ABSOLUTE
    _printf_l                                0x00000000   Number         0  stubs.o ABSOLUTE
    _printf_lc                               0x00000000   Number         0  stubs.o ABSOLUTE
    _printf_ll                               0x00000000   Number         0  stubs.o ABSOLUTE
    _printf_lld                              0x00000000   Number         0  stubs.o ABSOLUTE
    _printf_lli                              0x00000000   Number         0  stubs.o ABSOLUTE
    _printf_llo                              0x00000000   Number         0  stubs.o ABSOLUTE
    _printf_llu                              0x00000000   Number         0  stubs.o ABSOLUTE
    _printf_llx                              0x00000000   Number         0  stubs.o ABSOLUTE
    _printf_longlong_dec                     0x00000000   Number         0  stubs.o ABSOLUTE
    _printf_longlong_hex                     0x00000000   Number         0  stubs.o ABSOLUTE
    _printf_longlong_oct                     0x00000000   Number         0  stubs.o ABSOLUTE
    _printf_ls                               0x00000000   Number         0  stubs.o ABSOLUTE
    _printf_mbtowc                           0x00000000   Number         0  stubs.o ABSOLUTE
    _printf_n                                0x00000000   Number         0  stubs.o ABSOLUTE
    _printf_o                                0x00000000   Number         0  stubs.o ABSOLUTE
    _printf_p                                0x00000000   Number         0  stubs.o ABSOLUTE
    _printf_percent                          0x00000000   Number         0  stubs.o ABSOLUTE
    _printf_pre_padding                      0x00000000   Number         0  stubs.o ABSOLUTE
    _printf_return_value                     0x00000000   Number         0  stubs.o ABSOLUTE
    _printf_s                                0x00000000   Number         0  stubs.o ABSOLUTE
    _printf_sizespec                         0x00000000   Number         0  stubs.o ABSOLUTE
    _printf_str                              0x00000000   Number         0  stubs.o ABSOLUTE
    _printf_truncate_signed                  0x00000000   Number         0  stubs.o ABSOLUTE
    _printf_truncate_unsigned                0x00000000   Number         0  stubs.o ABSOLUTE
    _printf_u                                0x00000000   Number         0  stubs.o ABSOLUTE
    _printf_wc                               0x00000000   Number         0  stubs.o ABSOLUTE
    _printf_wctomb                           0x00000000   Number         0  stubs.o ABSOLUTE
    _printf_widthprec                        0x00000000   Number         0  stubs.o ABSOLUTE
    _printf_x                                0x00000000   Number         0  stubs.o ABSOLUTE
    __cpp_initialize__aeabi_                  - Undefined Weak Reference
    __cxa_finalize                            - Undefined Weak Reference
    __decompress                              - Undefined Weak Reference
    _clock_init                               - Undefined Weak Reference
    _microlib_exit                            - Undefined Weak Reference
    __Vectors_Size                           0x00000298   Number         0  startup_stm32h743xx.o ABSOLUTE
    __Vectors                                0x08000000   Data           4  startup_stm32h743xx.o(RESET)
    __Vectors_End                            0x08000298   Data           0  startup_stm32h743xx.o(RESET)
    __main                                   0x08000299   Thumb Code     0  entry.o(.ARM.Collect$$$$00000000)
    _main_stk                                0x08000299   Thumb Code     0  entry2.o(.ARM.Collect$$$$00000001)
    _main_scatterload                        0x0800029d   Thumb Code     0  entry5.o(.ARM.Collect$$$$00000004)
    __main_after_scatterload                 0x080002a1   Thumb Code     0  entry5.o(.ARM.Collect$$$$00000004)
    _main_clock                              0x080002a1   Thumb Code     0  entry7b.o(.ARM.Collect$$$$00000008)
    _main_cpp_init                           0x080002a1   Thumb Code     0  entry8b.o(.ARM.Collect$$$$0000000A)
    _main_init                               0x080002a1   Thumb Code     0  entry9a.o(.ARM.Collect$$$$0000000B)
    __rt_final_cpp                           0x080002a9   Thumb Code     0  entry10a.o(.ARM.Collect$$$$0000000D)
    __rt_final_exit                          0x080002a9   Thumb Code     0  entry11a.o(.ARM.Collect$$$$0000000F)
    Reset_Handler                            0x080002ad   Thumb Code     8  startup_stm32h743xx.o(.text)
    ADC3_IRQHandler                          0x080002c7   Thumb Code     0  startup_stm32h743xx.o(.text)
    BDMA_Channel0_IRQHandler                 0x080002c7   Thumb Code     0  startup_stm32h743xx.o(.text)
    BDMA_Channel1_IRQHandler                 0x080002c7   Thumb Code     0  startup_stm32h743xx.o(.text)
    BDMA_Channel2_IRQHandler                 0x080002c7   Thumb Code     0  startup_stm32h743xx.o(.text)
    BDMA_Channel3_IRQHandler                 0x080002c7   Thumb Code     0  startup_stm32h743xx.o(.text)
    BDMA_Channel4_IRQHandler                 0x080002c7   Thumb Code     0  startup_stm32h743xx.o(.text)
    BDMA_Channel5_IRQHandler                 0x080002c7   Thumb Code     0  startup_stm32h743xx.o(.text)
    BDMA_Channel6_IRQHandler                 0x080002c7   Thumb Code     0  startup_stm32h743xx.o(.text)
    BDMA_Channel7_IRQHandler                 0x080002c7   Thumb Code     0  startup_stm32h743xx.o(.text)
    CEC_IRQHandler                           0x080002c7   Thumb Code     0  startup_stm32h743xx.o(.text)
    COMP1_IRQHandler                         0x080002c7   Thumb Code     0  startup_stm32h743xx.o(.text)
    CRS_IRQHandler                           0x080002c7   Thumb Code     0  startup_stm32h743xx.o(.text)
    DCMI_IRQHandler                          0x080002c7   Thumb Code     0  startup_stm32h743xx.o(.text)
    DFSDM1_FLT0_IRQHandler                   0x080002c7   Thumb Code     0  startup_stm32h743xx.o(.text)
    DFSDM1_FLT1_IRQHandler                   0x080002c7   Thumb Code     0  startup_stm32h743xx.o(.text)
    DFSDM1_FLT2_IRQHandler                   0x080002c7   Thumb Code     0  startup_stm32h743xx.o(.text)
    DFSDM1_FLT3_IRQHandler                   0x080002c7   Thumb Code     0  startup_stm32h743xx.o(.text)
    DMA1_Stream0_IRQHandler                  0x080002c7   Thumb Code     0  startup_stm32h743xx.o(.text)
    DMA1_Stream3_IRQHandler                  0x080002c7   Thumb Code     0  startup_stm32h743xx.o(.text)
    DMA1_Stream4_IRQHandler                  0x080002c7   Thumb Code     0  startup_stm32h743xx.o(.text)
    DMA1_Stream5_IRQHandler                  0x080002c7   Thumb Code     0  startup_stm32h743xx.o(.text)
    DMA1_Stream6_IRQHandler                  0x080002c7   Thumb Code     0  startup_stm32h743xx.o(.text)
    DMA1_Stream7_IRQHandler                  0x080002c7   Thumb Code     0  startup_stm32h743xx.o(.text)
    DMA2D_IRQHandler                         0x080002c7   Thumb Code     0  startup_stm32h743xx.o(.text)
    DMA2_Stream0_IRQHandler                  0x080002c7   Thumb Code     0  startup_stm32h743xx.o(.text)
    DMA2_Stream1_IRQHandler                  0x080002c7   Thumb Code     0  startup_stm32h743xx.o(.text)
    DMA2_Stream2_IRQHandler                  0x080002c7   Thumb Code     0  startup_stm32h743xx.o(.text)
    DMA2_Stream3_IRQHandler                  0x080002c7   Thumb Code     0  startup_stm32h743xx.o(.text)
    DMA2_Stream4_IRQHandler                  0x080002c7   Thumb Code     0  startup_stm32h743xx.o(.text)
    DMA2_Stream5_IRQHandler                  0x080002c7   Thumb Code     0  startup_stm32h743xx.o(.text)
    DMA2_Stream6_IRQHandler                  0x080002c7   Thumb Code     0  startup_stm32h743xx.o(.text)
    DMA2_Stream7_IRQHandler                  0x080002c7   Thumb Code     0  startup_stm32h743xx.o(.text)
    DMAMUX1_OVR_IRQHandler                   0x080002c7   Thumb Code     0  startup_stm32h743xx.o(.text)
    DMAMUX2_OVR_IRQHandler                   0x080002c7   Thumb Code     0  startup_stm32h743xx.o(.text)
    ETH_IRQHandler                           0x080002c7   Thumb Code     0  startup_stm32h743xx.o(.text)
    ETH_WKUP_IRQHandler                      0x080002c7   Thumb Code     0  startup_stm32h743xx.o(.text)
    EXTI0_IRQHandler                         0x080002c7   Thumb Code     0  startup_stm32h743xx.o(.text)
    EXTI1_IRQHandler                         0x080002c7   Thumb Code     0  startup_stm32h743xx.o(.text)
    EXTI2_IRQHandler                         0x080002c7   Thumb Code     0  startup_stm32h743xx.o(.text)
    EXTI3_IRQHandler                         0x080002c7   Thumb Code     0  startup_stm32h743xx.o(.text)
    EXTI4_IRQHandler                         0x080002c7   Thumb Code     0  startup_stm32h743xx.o(.text)
    EXTI9_5_IRQHandler                       0x080002c7   Thumb Code     0  startup_stm32h743xx.o(.text)
    FDCAN1_IT0_IRQHandler                    0x080002c7   Thumb Code     0  startup_stm32h743xx.o(.text)
    FDCAN1_IT1_IRQHandler                    0x080002c7   Thumb Code     0  startup_stm32h743xx.o(.text)
    FDCAN2_IT0_IRQHandler                    0x080002c7   Thumb Code     0  startup_stm32h743xx.o(.text)
    FDCAN2_IT1_IRQHandler                    0x080002c7   Thumb Code     0  startup_stm32h743xx.o(.text)
    FDCAN_CAL_IRQHandler                     0x080002c7   Thumb Code     0  startup_stm32h743xx.o(.text)
    FLASH_IRQHandler                         0x080002c7   Thumb Code     0  startup_stm32h743xx.o(.text)
    FMC_IRQHandler                           0x080002c7   Thumb Code     0  startup_stm32h743xx.o(.text)
    FPU_IRQHandler                           0x080002c7   Thumb Code     0  startup_stm32h743xx.o(.text)
    HRTIM1_FLT_IRQHandler                    0x080002c7   Thumb Code     0  startup_stm32h743xx.o(.text)
    HRTIM1_Master_IRQHandler                 0x080002c7   Thumb Code     0  startup_stm32h743xx.o(.text)
    HRTIM1_TIMA_IRQHandler                   0x080002c7   Thumb Code     0  startup_stm32h743xx.o(.text)
    HRTIM1_TIMB_IRQHandler                   0x080002c7   Thumb Code     0  startup_stm32h743xx.o(.text)
    HRTIM1_TIMC_IRQHandler                   0x080002c7   Thumb Code     0  startup_stm32h743xx.o(.text)
    HRTIM1_TIMD_IRQHandler                   0x080002c7   Thumb Code     0  startup_stm32h743xx.o(.text)
    HRTIM1_TIME_IRQHandler                   0x080002c7   Thumb Code     0  startup_stm32h743xx.o(.text)
    HSEM1_IRQHandler                         0x080002c7   Thumb Code     0  startup_stm32h743xx.o(.text)
    I2C1_ER_IRQHandler                       0x080002c7   Thumb Code     0  startup_stm32h743xx.o(.text)
    I2C1_EV_IRQHandler                       0x080002c7   Thumb Code     0  startup_stm32h743xx.o(.text)
    I2C2_ER_IRQHandler                       0x080002c7   Thumb Code     0  startup_stm32h743xx.o(.text)
    I2C2_EV_IRQHandler                       0x080002c7   Thumb Code     0  startup_stm32h743xx.o(.text)
    I2C3_ER_IRQHandler                       0x080002c7   Thumb Code     0  startup_stm32h743xx.o(.text)
    I2C3_EV_IRQHandler                       0x080002c7   Thumb Code     0  startup_stm32h743xx.o(.text)
    I2C4_ER_IRQHandler                       0x080002c7   Thumb Code     0  startup_stm32h743xx.o(.text)
    I2C4_EV_IRQHandler                       0x080002c7   Thumb Code     0  startup_stm32h743xx.o(.text)
    JPEG_IRQHandler                          0x080002c7   Thumb Code     0  startup_stm32h743xx.o(.text)
    LPTIM1_IRQHandler                        0x080002c7   Thumb Code     0  startup_stm32h743xx.o(.text)
    LPTIM2_IRQHandler                        0x080002c7   Thumb Code     0  startup_stm32h743xx.o(.text)
    LPTIM3_IRQHandler                        0x080002c7   Thumb Code     0  startup_stm32h743xx.o(.text)
    LPTIM4_IRQHandler                        0x080002c7   Thumb Code     0  startup_stm32h743xx.o(.text)
    LPTIM5_IRQHandler                        0x080002c7   Thumb Code     0  startup_stm32h743xx.o(.text)
    LPUART1_IRQHandler                       0x080002c7   Thumb Code     0  startup_stm32h743xx.o(.text)
    LTDC_ER_IRQHandler                       0x080002c7   Thumb Code     0  startup_stm32h743xx.o(.text)
    LTDC_IRQHandler                          0x080002c7   Thumb Code     0  startup_stm32h743xx.o(.text)
    MDIOS_IRQHandler                         0x080002c7   Thumb Code     0  startup_stm32h743xx.o(.text)
    MDIOS_WKUP_IRQHandler                    0x080002c7   Thumb Code     0  startup_stm32h743xx.o(.text)
    MDMA_IRQHandler                          0x080002c7   Thumb Code     0  startup_stm32h743xx.o(.text)
    OTG_FS_EP1_IN_IRQHandler                 0x080002c7   Thumb Code     0  startup_stm32h743xx.o(.text)
    OTG_FS_EP1_OUT_IRQHandler                0x080002c7   Thumb Code     0  startup_stm32h743xx.o(.text)
    OTG_FS_IRQHandler                        0x080002c7   Thumb Code     0  startup_stm32h743xx.o(.text)
    OTG_FS_WKUP_IRQHandler                   0x080002c7   Thumb Code     0  startup_stm32h743xx.o(.text)
    OTG_HS_EP1_IN_IRQHandler                 0x080002c7   Thumb Code     0  startup_stm32h743xx.o(.text)
    OTG_HS_EP1_OUT_IRQHandler                0x080002c7   Thumb Code     0  startup_stm32h743xx.o(.text)
    OTG_HS_IRQHandler                        0x080002c7   Thumb Code     0  startup_stm32h743xx.o(.text)
    OTG_HS_WKUP_IRQHandler                   0x080002c7   Thumb Code     0  startup_stm32h743xx.o(.text)
    PVD_AVD_IRQHandler                       0x080002c7   Thumb Code     0  startup_stm32h743xx.o(.text)
    QUADSPI_IRQHandler                       0x080002c7   Thumb Code     0  startup_stm32h743xx.o(.text)
    RCC_IRQHandler                           0x080002c7   Thumb Code     0  startup_stm32h743xx.o(.text)
    RNG_IRQHandler                           0x080002c7   Thumb Code     0  startup_stm32h743xx.o(.text)
    RTC_Alarm_IRQHandler                     0x080002c7   Thumb Code     0  startup_stm32h743xx.o(.text)
    RTC_WKUP_IRQHandler                      0x080002c7   Thumb Code     0  startup_stm32h743xx.o(.text)
    SAI1_IRQHandler                          0x080002c7   Thumb Code     0  startup_stm32h743xx.o(.text)
    SAI2_IRQHandler                          0x080002c7   Thumb Code     0  startup_stm32h743xx.o(.text)
    SAI3_IRQHandler                          0x080002c7   Thumb Code     0  startup_stm32h743xx.o(.text)
    SAI4_IRQHandler                          0x080002c7   Thumb Code     0  startup_stm32h743xx.o(.text)
    SDMMC1_IRQHandler                        0x080002c7   Thumb Code     0  startup_stm32h743xx.o(.text)
    SDMMC2_IRQHandler                        0x080002c7   Thumb Code     0  startup_stm32h743xx.o(.text)
    SPDIF_RX_IRQHandler                      0x080002c7   Thumb Code     0  startup_stm32h743xx.o(.text)
    SPI1_IRQHandler                          0x080002c7   Thumb Code     0  startup_stm32h743xx.o(.text)
    SPI2_IRQHandler                          0x080002c7   Thumb Code     0  startup_stm32h743xx.o(.text)
    SPI3_IRQHandler                          0x080002c7   Thumb Code     0  startup_stm32h743xx.o(.text)
    SPI4_IRQHandler                          0x080002c7   Thumb Code     0  startup_stm32h743xx.o(.text)
    SPI5_IRQHandler                          0x080002c7   Thumb Code     0  startup_stm32h743xx.o(.text)
    SPI6_IRQHandler                          0x080002c7   Thumb Code     0  startup_stm32h743xx.o(.text)
    SWPMI1_IRQHandler                        0x080002c7   Thumb Code     0  startup_stm32h743xx.o(.text)
    TAMP_STAMP_IRQHandler                    0x080002c7   Thumb Code     0  startup_stm32h743xx.o(.text)
    TIM15_IRQHandler                         0x080002c7   Thumb Code     0  startup_stm32h743xx.o(.text)
    TIM16_IRQHandler                         0x080002c7   Thumb Code     0  startup_stm32h743xx.o(.text)
    TIM17_IRQHandler                         0x080002c7   Thumb Code     0  startup_stm32h743xx.o(.text)
    TIM1_BRK_IRQHandler                      0x080002c7   Thumb Code     0  startup_stm32h743xx.o(.text)
    TIM1_CC_IRQHandler                       0x080002c7   Thumb Code     0  startup_stm32h743xx.o(.text)
    TIM1_TRG_COM_IRQHandler                  0x080002c7   Thumb Code     0  startup_stm32h743xx.o(.text)
    TIM1_UP_IRQHandler                       0x080002c7   Thumb Code     0  startup_stm32h743xx.o(.text)
    TIM2_IRQHandler                          0x080002c7   Thumb Code     0  startup_stm32h743xx.o(.text)
    TIM3_IRQHandler                          0x080002c7   Thumb Code     0  startup_stm32h743xx.o(.text)
    TIM4_IRQHandler                          0x080002c7   Thumb Code     0  startup_stm32h743xx.o(.text)
    TIM5_IRQHandler                          0x080002c7   Thumb Code     0  startup_stm32h743xx.o(.text)
    TIM6_DAC_IRQHandler                      0x080002c7   Thumb Code     0  startup_stm32h743xx.o(.text)
    TIM7_IRQHandler                          0x080002c7   Thumb Code     0  startup_stm32h743xx.o(.text)
    TIM8_BRK_TIM12_IRQHandler                0x080002c7   Thumb Code     0  startup_stm32h743xx.o(.text)
    TIM8_CC_IRQHandler                       0x080002c7   Thumb Code     0  startup_stm32h743xx.o(.text)
    TIM8_TRG_COM_TIM14_IRQHandler            0x080002c7   Thumb Code     0  startup_stm32h743xx.o(.text)
    TIM8_UP_TIM13_IRQHandler                 0x080002c7   Thumb Code     0  startup_stm32h743xx.o(.text)
    UART4_IRQHandler                         0x080002c7   Thumb Code     0  startup_stm32h743xx.o(.text)
    UART5_IRQHandler                         0x080002c7   Thumb Code     0  startup_stm32h743xx.o(.text)
    UART7_IRQHandler                         0x080002c7   Thumb Code     0  startup_stm32h743xx.o(.text)
    UART8_IRQHandler                         0x080002c7   Thumb Code     0  startup_stm32h743xx.o(.text)
    USART1_IRQHandler                        0x080002c7   Thumb Code     0  startup_stm32h743xx.o(.text)
    USART2_IRQHandler                        0x080002c7   Thumb Code     0  startup_stm32h743xx.o(.text)
    USART3_IRQHandler                        0x080002c7   Thumb Code     0  startup_stm32h743xx.o(.text)
    USART6_IRQHandler                        0x080002c7   Thumb Code     0  startup_stm32h743xx.o(.text)
    WAKEUP_PIN_IRQHandler                    0x080002c7   Thumb Code     0  startup_stm32h743xx.o(.text)
    WWDG_IRQHandler                          0x080002c7   Thumb Code     0  startup_stm32h743xx.o(.text)
    __aeabi_uldivmod                         0x080002d1   Thumb Code    98  uldiv.o(.text)
    __aeabi_memset                           0x08000333   Thumb Code    14  memseta.o(.text)
    __aeabi_memset4                          0x08000333   Thumb Code     0  memseta.o(.text)
    __aeabi_memset8                          0x08000333   Thumb Code     0  memseta.o(.text)
    __aeabi_memclr                           0x08000341   Thumb Code     4  memseta.o(.text)
    __aeabi_memclr4                          0x08000341   Thumb Code     0  memseta.o(.text)
    __aeabi_memclr8                          0x08000341   Thumb Code     0  memseta.o(.text)
    _memset$wrapper                          0x08000345   Thumb Code    18  memseta.o(.text)
    __aeabi_uidiv                            0x08000357   Thumb Code     0  uidiv.o(.text)
    __aeabi_uidivmod                         0x08000357   Thumb Code    44  uidiv.o(.text)
    __aeabi_llsl                             0x08000383   Thumb Code    30  llshl.o(.text)
    _ll_shift_l                              0x08000383   Thumb Code     0  llshl.o(.text)
    __aeabi_llsr                             0x080003a1   Thumb Code    32  llushr.o(.text)
    _ll_ushift_r                             0x080003a1   Thumb Code     0  llushr.o(.text)
    __I$use$fp                               0x080003c1   Thumb Code     0  iusefp.o(.text)
    __aeabi_dadd                             0x080003c1   Thumb Code   322  dadd.o(.text)
    __aeabi_dsub                             0x08000503   Thumb Code     6  dadd.o(.text)
    __aeabi_drsub                            0x08000509   Thumb Code     6  dadd.o(.text)
    __aeabi_dmul                             0x0800050f   Thumb Code   228  dmul.o(.text)
    __aeabi_ddiv                             0x080005f3   Thumb Code   222  ddiv.o(.text)
    __aeabi_d2ulz                            0x080006d1   Thumb Code    48  dfixul.o(.text)
    __aeabi_cdrcmple                         0x08000701   Thumb Code    48  cdrcmple.o(.text)
    __scatterload                            0x08000731   Thumb Code    28  init.o(.text)
    __scatterload_rt2                        0x08000731   Thumb Code     0  init.o(.text)
    __aeabi_lasr                             0x08000755   Thumb Code    36  llsshr.o(.text)
    _ll_sshift_r                             0x08000755   Thumb Code     0  llsshr.o(.text)
    _double_round                            0x08000779   Thumb Code    30  depilogue.o(.text)
    _double_epilogue                         0x08000797   Thumb Code   156  depilogue.o(.text)
    ADC_ConfigureBoostMode                   0x08000835   Thumb Code   252  stm32h7xx_hal_adc.o(.text.ADC_ConfigureBoostMode)
    ADC_ConversionStop                       0x08000931   Thumb Code   196  stm32h7xx_hal_adc.o(.text.ADC_ConversionStop)
    ADC_DMAConvCplt                          0x080009f1   Thumb Code    90  stm32h7xx_hal_adc.o(.text.ADC_DMAConvCplt)
    ADC_DMAError                             0x08000a4b   Thumb Code    22  stm32h7xx_hal_adc.o(.text.ADC_DMAError)
    ADC_DMAHalfConvCplt                      0x08000a61   Thumb Code     6  stm32h7xx_hal_adc.o(.text.ADC_DMAHalfConvCplt)
    ADC_Disable                              0x08000a69   Thumb Code   100  stm32h7xx_hal_adc.o(.text.ADC_Disable)
    ADC_Enable                               0x08000ac9   Thumb Code   168  stm32h7xx_hal_adc.o(.text.ADC_Enable)
    ADC_IRQHandler                           0x08000b71   Thumb Code    12  stm32h7xx_it.o(.text.ADC_IRQHandler)
    BusFault_Handler                         0x08000b7d   Thumb Code     2  stm32h7xx_it.o(.text.BusFault_Handler)
    DAC_DMAConvCpltCh2                       0x08000b8f   Thumb Code    16  stm32h7xx_hal_dac_ex.o(.text.DAC_DMAConvCpltCh2)
    DAC_DMAErrorCh2                          0x08000bb7   Thumb Code    24  stm32h7xx_hal_dac_ex.o(.text.DAC_DMAErrorCh2)
    DAC_DMAHalfConvCpltCh2                   0x08000bd5   Thumb Code     6  stm32h7xx_hal_dac_ex.o(.text.DAC_DMAHalfConvCpltCh2)
    DMA1_Stream1_IRQHandler                  0x08000bdd   Thumb Code    12  stm32h7xx_it.o(.text.DMA1_Stream1_IRQHandler)
    DMA1_Stream2_IRQHandler                  0x08000be9   Thumb Code    12  stm32h7xx_it.o(.text.DMA1_Stream2_IRQHandler)
    DebugMon_Handler                         0x08000eed   Thumb Code     2  stm32h7xx_it.o(.text.DebugMon_Handler)
    EXTI15_10_IRQHandler                     0x08000eef   Thumb Code     8  stm32h7xx_it.o(.text.EXTI15_10_IRQHandler)
    Error_Handler                            0x08000ef7   Thumb Code     2  main.o(.text.Error_Handler)
    HAL_ADCEx_Calibration_Start              0x08000ef9   Thumb Code   148  stm32h7xx_hal_adc_ex.o(.text.HAL_ADCEx_Calibration_Start)
    HAL_ADCEx_EndOfSamplingCallback          0x08000f8d   Thumb Code     2  stm32h7xx_hal_adc_ex.o(.text.HAL_ADCEx_EndOfSamplingCallback)
    HAL_ADCEx_InjectedConvCpltCallback       0x08000f8f   Thumb Code     2  stm32h7xx_hal_adc_ex.o(.text.HAL_ADCEx_InjectedConvCpltCallback)
    HAL_ADCEx_InjectedQueueOverflowCallback  0x08000f91   Thumb Code     2  stm32h7xx_hal_adc_ex.o(.text.HAL_ADCEx_InjectedQueueOverflowCallback)
    HAL_ADCEx_LevelOutOfWindow2Callback      0x08000f93   Thumb Code     2  stm32h7xx_hal_adc_ex.o(.text.HAL_ADCEx_LevelOutOfWindow2Callback)
    HAL_ADCEx_LevelOutOfWindow3Callback      0x08000f95   Thumb Code     2  stm32h7xx_hal_adc_ex.o(.text.HAL_ADCEx_LevelOutOfWindow3Callback)
    HAL_ADC_ConfigChannel                    0x08000f99   Thumb Code   932  stm32h7xx_hal_adc.o(.text.HAL_ADC_ConfigChannel)
    HAL_ADC_ConvCpltCallback                 0x08001335   Thumb Code     2  stm32h7xx_hal_adc.o(.text.HAL_ADC_ConvCpltCallback)
    HAL_ADC_ConvHalfCpltCallback             0x08001337   Thumb Code     2  stm32h7xx_hal_adc.o(.text.HAL_ADC_ConvHalfCpltCallback)
    HAL_ADC_ErrorCallback                    0x08001339   Thumb Code    20  main.o(.text.HAL_ADC_ErrorCallback)
    HAL_ADC_IRQHandler                       0x08001349   Thumb Code   608  stm32h7xx_hal_adc.o(.text.HAL_ADC_IRQHandler)
    HAL_ADC_Init                             0x080015a9   Thumb Code   496  stm32h7xx_hal_adc.o(.text.HAL_ADC_Init)
    HAL_ADC_LevelOutOfWindowCallback         0x08001795   Thumb Code     2  stm32h7xx_hal_adc.o(.text.HAL_ADC_LevelOutOfWindowCallback)
    HAL_ADC_MspInit                          0x08001799   Thumb Code   124  adc.o(.text.HAL_ADC_MspInit)
    HAL_ADC_Start_DMA                        0x08001815   Thumb Code   248  stm32h7xx_hal_adc.o(.text.HAL_ADC_Start_DMA)
    HAL_ADC_Stop_DMA                         0x0800190d   Thumb Code   124  stm32h7xx_hal_adc.o(.text.HAL_ADC_Stop_DMA)
    HAL_DACEx_ConvCpltCallbackCh2            0x08001989   Thumb Code     2  stm32h7xx_hal_dac_ex.o(.text.HAL_DACEx_ConvCpltCallbackCh2)
    HAL_DACEx_ConvHalfCpltCallbackCh2        0x0800198b   Thumb Code     2  stm32h7xx_hal_dac_ex.o(.text.HAL_DACEx_ConvHalfCpltCallbackCh2)
    HAL_DACEx_ErrorCallbackCh2               0x0800198d   Thumb Code     2  stm32h7xx_hal_dac_ex.o(.text.HAL_DACEx_ErrorCallbackCh2)
    HAL_DAC_ConfigChannel                    0x08001991   Thumb Code   292  stm32h7xx_hal_dac.o(.text.HAL_DAC_ConfigChannel)
    HAL_DAC_ConvCpltCallbackCh1              0x08001ab9   Thumb Code   148  dac_gen.o(.text.HAL_DAC_ConvCpltCallbackCh1)
    HAL_DAC_ConvHalfCpltCallbackCh1          0x08001b49   Thumb Code     2  stm32h7xx_hal_dac.o(.text.HAL_DAC_ConvHalfCpltCallbackCh1)
    HAL_DAC_ErrorCallbackCh1                 0x08001b4b   Thumb Code     2  stm32h7xx_hal_dac.o(.text.HAL_DAC_ErrorCallbackCh1)
    HAL_DAC_Init                             0x08001b4d   Thumb Code    38  stm32h7xx_hal_dac.o(.text.HAL_DAC_Init)
    HAL_DAC_MspInit                          0x08001b75   Thumb Code   164  dac.o(.text.HAL_DAC_MspInit)
    HAL_DAC_Start_DMA                        0x08001c15   Thumb Code   240  stm32h7xx_hal_dac.o(.text.HAL_DAC_Start_DMA)
    HAL_DMA_Abort                            0x08001d05   Thumb Code   484  stm32h7xx_hal_dma.o(.text.HAL_DMA_Abort)
    HAL_DMA_IRQHandler                       0x08001ee9   Thumb Code  1400  stm32h7xx_hal_dma.o(.text.HAL_DMA_IRQHandler)
    HAL_DMA_Init                             0x08002455   Thumb Code   704  stm32h7xx_hal_dma.o(.text.HAL_DMA_Init)
    HAL_DMA_Start_IT                         0x08002715   Thumb Code   460  stm32h7xx_hal_dma.o(.text.HAL_DMA_Start_IT)
    HAL_Delay                                0x080028e1   Thumb Code    36  stm32h7xx_hal.o(.text.HAL_Delay)
    HAL_GPIO_EXTI_Callback                   0x08002901   Thumb Code    36  main.o(.text.HAL_GPIO_EXTI_Callback)
    HAL_GPIO_EXTI_IRQHandler                 0x08002925   Thumb Code    20  stm32h7xx_hal_gpio.o(.text.HAL_GPIO_EXTI_IRQHandler)
    HAL_GPIO_Init                            0x08002939   Thumb Code   384  stm32h7xx_hal_gpio.o(.text.HAL_GPIO_Init)
    HAL_GPIO_TogglePin                       0x08002ab5   Thumb Code    14  stm32h7xx_hal_gpio.o(.text.HAL_GPIO_TogglePin)
    HAL_GPIO_WritePin                        0x08002ac3   Thumb Code    10  stm32h7xx_hal_gpio.o(.text.HAL_GPIO_WritePin)
    HAL_GetREVID                             0x08002acd   Thumb Code    12  stm32h7xx_hal.o(.text.HAL_GetREVID)
    HAL_GetTick                              0x08002ad9   Thumb Code    12  stm32h7xx_hal.o(.text.HAL_GetTick)
    HAL_IncTick                              0x08002ae1   Thumb Code    24  stm32h7xx_hal.o(.text.HAL_IncTick)
    HAL_Init                                 0x08002af5   Thumb Code    88  stm32h7xx_hal.o(.text.HAL_Init)
    HAL_InitTick                             0x08002b41   Thumb Code    72  stm32h7xx_hal.o(.text.HAL_InitTick)
    HAL_MspInit                              0x08002b85   Thumb Code    32  stm32h7xx_hal_msp.o(.text.HAL_MspInit)
    HAL_NVIC_EnableIRQ                       0x08002ba5   Thumb Code    28  stm32h7xx_hal_cortex.o(.text.HAL_NVIC_EnableIRQ)
    HAL_NVIC_SetPriority                     0x08002bc1   Thumb Code    68  stm32h7xx_hal_cortex.o(.text.HAL_NVIC_SetPriority)
    HAL_NVIC_SetPriorityGrouping             0x08002c01   Thumb Code    32  stm32h7xx_hal_cortex.o(.text.HAL_NVIC_SetPriorityGrouping)
    HAL_PWREx_ConfigSupply                   0x08002c21   Thumb Code    72  stm32h7xx_hal_pwr_ex.o(.text.HAL_PWREx_ConfigSupply)
    HAL_RCCEx_GetD1SysClockFreq              0x08002c69   Thumb Code    44  stm32h7xx_hal_rcc_ex.o(.text.HAL_RCCEx_GetD1SysClockFreq)
    HAL_RCCEx_GetD3PCLK1Freq                 0x08002c91   Thumb Code    36  stm32h7xx_hal_rcc_ex.o(.text.HAL_RCCEx_GetD3PCLK1Freq)
    HAL_RCCEx_GetPLL1ClockFreq               0x08002cb5   Thumb Code   268  stm32h7xx_hal_rcc_ex.o(.text.HAL_RCCEx_GetPLL1ClockFreq)
    HAL_RCCEx_GetPLL2ClockFreq               0x08002dc1   Thumb Code   268  stm32h7xx_hal_rcc_ex.o(.text.HAL_RCCEx_GetPLL2ClockFreq)
    HAL_RCCEx_GetPLL3ClockFreq               0x08002ecd   Thumb Code   268  stm32h7xx_hal_rcc_ex.o(.text.HAL_RCCEx_GetPLL3ClockFreq)
    HAL_RCCEx_GetPeriphCLKFreq               0x08002fd9   Thumb Code   284  stm32h7xx_hal_rcc_ex.o(.text.HAL_RCCEx_GetPeriphCLKFreq)
    HAL_RCCEx_PeriphCLKConfig                0x080030f5   Thumb Code  2252  stm32h7xx_hal_rcc_ex.o(.text.HAL_RCCEx_PeriphCLKConfig)
    HAL_RCC_ClockConfig                      0x080039c1   Thumb Code   524  stm32h7xx_hal_rcc.o(.text.HAL_RCC_ClockConfig)
    HAL_RCC_GetHCLKFreq                      0x08003bc5   Thumb Code    44  stm32h7xx_hal_rcc.o(.text.HAL_RCC_GetHCLKFreq)
    HAL_RCC_GetPCLK1Freq                     0x08003bed   Thumb Code    36  stm32h7xx_hal_rcc.o(.text.HAL_RCC_GetPCLK1Freq)
    HAL_RCC_GetPCLK2Freq                     0x08003c09   Thumb Code    36  stm32h7xx_hal_rcc.o(.text.HAL_RCC_GetPCLK2Freq)
    HAL_RCC_GetSysClockFreq                  0x08003c2d   Thumb Code   252  stm32h7xx_hal_rcc.o(.text.HAL_RCC_GetSysClockFreq)
    HAL_RCC_OscConfig                        0x08003d29   Thumb Code  1140  stm32h7xx_hal_rcc.o(.text.HAL_RCC_OscConfig)
    HAL_SYSTICK_Config                       0x0800419d   Thumb Code    40  stm32h7xx_hal_cortex.o(.text.HAL_SYSTICK_Config)
    HAL_TIMEx_MasterConfigSynchronization    0x080041c5   Thumb Code    96  stm32h7xx_hal_tim_ex.o(.text.HAL_TIMEx_MasterConfigSynchronization)
    HAL_TIM_Base_Init                        0x08004225   Thumb Code    52  stm32h7xx_hal_tim.o(.text.HAL_TIM_Base_Init)
    HAL_TIM_Base_MspInit                     0x08004259   Thumb Code    76  tim.o(.text.HAL_TIM_Base_MspInit)
    HAL_TIM_Base_Start                       0x080042a5   Thumb Code    48  stm32h7xx_hal_tim.o(.text.HAL_TIM_Base_Start)
    HAL_TIM_ConfigClockSource                0x080042d5   Thumb Code   288  stm32h7xx_hal_tim.o(.text.HAL_TIM_ConfigClockSource)
    HAL_UARTEx_DisableFifoMode               0x080043f5   Thumb Code    54  stm32h7xx_hal_uart_ex.o(.text.HAL_UARTEx_DisableFifoMode)
    HAL_UARTEx_SetRxFifoThreshold            0x0800442b   Thumb Code    74  stm32h7xx_hal_uart_ex.o(.text.HAL_UARTEx_SetRxFifoThreshold)
    HAL_UARTEx_SetTxFifoThreshold            0x08004475   Thumb Code    74  stm32h7xx_hal_uart_ex.o(.text.HAL_UARTEx_SetTxFifoThreshold)
    HAL_UART_Init                            0x080044bf   Thumb Code   100  stm32h7xx_hal_uart.o(.text.HAL_UART_Init)
    HAL_UART_MspInit                         0x08004525   Thumb Code   104  usart.o(.text.HAL_UART_MspInit)
    HAL_UART_Transmit                        0x08004589   Thumb Code   198  stm32h7xx_hal_uart.o(.text.HAL_UART_Transmit)
    HardFault_Handler                        0x0800464f   Thumb Code     2  stm32h7xx_it.o(.text.HardFault_Handler)
    MX_ADC2_Init                             0x08004675   Thumb Code   132  adc.o(.text.MX_ADC2_Init)
    MX_DAC1_Init                             0x080046f9   Thumb Code    72  dac.o(.text.MX_DAC1_Init)
    MX_DMA_Init                              0x08004741   Thumb Code    64  dma.o(.text.MX_DMA_Init)
    MX_GPIO_Init                             0x08004781   Thumb Code   196  gpio.o(.text.MX_GPIO_Init)
    MX_TIM3_Init                             0x08004845   Thumb Code   108  tim.o(.text.MX_TIM3_Init)
    MX_TIM6_Init                             0x080048b1   Thumb Code    72  tim.o(.text.MX_TIM6_Init)
    MX_USART3_UART_Init                      0x080048f9   Thumb Code   104  usart.o(.text.MX_USART3_UART_Init)
    MemManage_Handler                        0x08004961   Thumb Code     2  stm32h7xx_it.o(.text.MemManage_Handler)
    NMI_Handler                              0x08004963   Thumb Code     2  stm32h7xx_it.o(.text.NMI_Handler)
    PendSV_Handler                           0x08004965   Thumb Code     2  stm32h7xx_it.o(.text.PendSV_Handler)
    SVC_Handler                              0x08004b69   Thumb Code     2  stm32h7xx_it.o(.text.SVC_Handler)
    SysTick_Handler                          0x08004b6b   Thumb Code     4  stm32h7xx_it.o(.text.SysTick_Handler)
    SystemClock_Config                       0x08004b71   Thumb Code   200  main.o(.text.SystemClock_Config)
    SystemInit                               0x08004c39   Thumb Code   100  system_stm32h7xx.o(.text.SystemInit)
    TIM_Base_SetConfig                       0x08004c9d   Thumb Code   248  stm32h7xx_hal_tim.o(.text.TIM_Base_SetConfig)
    UART_AdvFeatureConfig                    0x08004e31   Thumb Code   198  stm32h7xx_hal_uart.o(.text.UART_AdvFeatureConfig)
    UART_CheckIdleState                      0x08004ef7   Thumb Code   100  stm32h7xx_hal_uart.o(.text.UART_CheckIdleState)
    UART_SetConfig                           0x08004f5d   Thumb Code  1756  stm32h7xx_hal_uart.o(.text.UART_SetConfig)
    UART_WaitOnFlagUntilTimeout              0x08005639   Thumb Code   106  stm32h7xx_hal_uart.o(.text.UART_WaitOnFlagUntilTimeout)
    UsageFault_Handler                       0x080056a3   Thumb Code     2  stm32h7xx_it.o(.text.UsageFault_Handler)
    arm_bitreversal_32                       0x080056c5   Thumb Code    76  arm_bitreversal2.o(.text.arm_bitreversal_32)
    arm_cfft_f32                             0x08005711   Thumb Code   220  arm_cfft_f32.o(.text.arm_cfft_f32)
    arm_cfft_radix8by2_f32                   0x080057ed   Thumb Code   382  arm_cfft_f32.o(.text.arm_cfft_radix8by2_f32)
    arm_cfft_radix8by4_f32                   0x0800596d   Thumb Code   988  arm_cfft_f32.o(.text.arm_cfft_radix8by4_f32)
    arm_cmplx_mag_f32                        0x08005d49   Thumb Code   312  arm_cmplx_mag_f32.o(.text.arm_cmplx_mag_f32)
    arm_radix8_butterfly_f32                 0x08005e81   Thumb Code  1316  arm_cfft_radix8_f32.o(.text.arm_radix8_butterfly_f32)
    arm_rfft_1024_fast_init_f32              0x080063a5   Thumb Code    60  arm_rfft_fast_init_f32.o(.text.arm_rfft_1024_fast_init_f32)
    arm_rfft_128_fast_init_f32               0x080063e1   Thumb Code    54  arm_rfft_fast_init_f32.o(.text.arm_rfft_128_fast_init_f32)
    arm_rfft_2048_fast_init_f32              0x08006417   Thumb Code    60  arm_rfft_fast_init_f32.o(.text.arm_rfft_2048_fast_init_f32)
    arm_rfft_256_fast_init_f32               0x08006453   Thumb Code    56  arm_rfft_fast_init_f32.o(.text.arm_rfft_256_fast_init_f32)
    arm_rfft_32_fast_init_f32                0x0800648b   Thumb Code    54  arm_rfft_fast_init_f32.o(.text.arm_rfft_32_fast_init_f32)
    arm_rfft_4096_fast_init_f32              0x080064c1   Thumb Code    60  arm_rfft_fast_init_f32.o(.text.arm_rfft_4096_fast_init_f32)
    arm_rfft_512_fast_init_f32               0x080064fd   Thumb Code    60  arm_rfft_fast_init_f32.o(.text.arm_rfft_512_fast_init_f32)
    arm_rfft_64_fast_init_f32                0x08006539   Thumb Code    54  arm_rfft_fast_init_f32.o(.text.arm_rfft_64_fast_init_f32)
    arm_rfft_fast_f32                        0x0800656f   Thumb Code    80  arm_rfft_fast_f32.o(.text.arm_rfft_fast_f32)
    arm_rfft_fast_init_f32                   0x080065bf   Thumb Code   144  arm_rfft_fast_init_f32.o(.text.arm_rfft_fast_init_f32)
    dac_gomid                                0x08006651   Thumb Code    48  dac_gen.o(.text.dac_gomid)
    dac_plot_countinue                       0x08006681   Thumb Code   220  dac_gen.o(.text.dac_plot_countinue)
    fast_rfft_64                             0x0800675d   Thumb Code    84  fft.o(.text.fast_rfft_64)
    fputc                                    0x080067ad   Thumb Code    32  main.o(.text.fputc)
    han_win                                  0x080067d1   Thumb Code   128  dac_gen.o(.text.han_win)
    main                                     0x08006851   Thumb Code   256  main.o(.text.main)
    merge_rfft_f32                           0x08006951   Thumb Code   170  arm_rfft_fast_f32.o(.text.merge_rfft_f32)
    stage_rfft_f32                           0x080069fd   Thumb Code   164  arm_rfft_fast_f32.o(.text.stage_rfft_f32)
    __0printf                                0x08006aa1   Thumb Code    22  printfa.o(i.__0printf)
    __1printf                                0x08006aa1   Thumb Code     0  printfa.o(i.__0printf)
    __2printf                                0x08006aa1   Thumb Code     0  printfa.o(i.__0printf)
    __c89printf                              0x08006aa1   Thumb Code     0  printfa.o(i.__0printf)
    printf                                   0x08006aa1   Thumb Code     0  printfa.o(i.__0printf)
    __ARM_fpclassify                         0x08006ac1   Thumb Code    48  fpclassify.o(i.__ARM_fpclassify)
    __hardfp_cos                             0x08006af1   Thumb Code   158  cos.o(i.__hardfp_cos)
    __hardfp_sin                             0x08006ba1   Thumb Code   158  sin.o(i.__hardfp_sin)
    __hardfp_sqrtf                           0x08006c51   Thumb Code    58  sqrtf.o(i.__hardfp_sqrtf)
    __ieee754_rem_pio2                       0x08006c91   Thumb Code   646  rred.o(i.__ieee754_rem_pio2)
    __kernel_cos                             0x08006f99   Thumb Code   182  cos_i.o(i.__kernel_cos)
    __kernel_poly                            0x0800705d   Thumb Code   112  poly.o(i.__kernel_poly)
    __kernel_sin                             0x080070d1   Thumb Code   144  sin_i.o(i.__kernel_sin)
    __mathlib_dbl_invalid                    0x08007171   Thumb Code    10  dunder.o(i.__mathlib_dbl_invalid)
    __mathlib_dbl_underflow                  0x08007189   Thumb Code    10  dunder.o(i.__mathlib_dbl_underflow)
    __scatterload_copy                       0x080071a1   Thumb Code    14  handlers.o(i.__scatterload_copy)
    __scatterload_null                       0x080071af   Thumb Code     2  handlers.o(i.__scatterload_null)
    __scatterload_zeroinit                   0x080071b1   Thumb Code    14  handlers.o(i.__scatterload_zeroinit)
    __set_errno                              0x080071c1   Thumb Code     6  errno.o(i.__set_errno)
    fabs                                     0x08007a7f   Thumb Code    24  fabs.o(i.fabs)
    D1CorePrescTable                         0x08007be4   Data          16  system_stm32h7xx.o(.rodata.D1CorePrescTable)
    armBitRevIndexTable1024                  0x08007bf4   Data        3600  arm_common_tables.o(.rodata.armBitRevIndexTable1024)
    armBitRevIndexTable128                   0x08008a04   Data         416  arm_common_tables.o(.rodata.armBitRevIndexTable128)
    armBitRevIndexTable16                    0x08008ba4   Data          40  arm_common_tables.o(.rodata.armBitRevIndexTable16)
    armBitRevIndexTable2048                  0x08008bcc   Data        7616  arm_common_tables.o(.rodata.armBitRevIndexTable2048)
    armBitRevIndexTable256                   0x0800a98c   Data         880  arm_common_tables.o(.rodata.armBitRevIndexTable256)
    armBitRevIndexTable32                    0x0800acfc   Data          96  arm_common_tables.o(.rodata.armBitRevIndexTable32)
    armBitRevIndexTable512                   0x0800ad5c   Data         896  arm_common_tables.o(.rodata.armBitRevIndexTable512)
    armBitRevIndexTable64                    0x0800b0dc   Data         112  arm_common_tables.o(.rodata.armBitRevIndexTable64)
    twiddleCoef_1024                         0x0800b164   Data        8192  arm_common_tables.o(.rodata.twiddleCoef_1024)
    twiddleCoef_128                          0x0800d164   Data        1024  arm_common_tables.o(.rodata.twiddleCoef_128)
    twiddleCoef_16                           0x0800d564   Data         128  arm_common_tables.o(.rodata.twiddleCoef_16)
    twiddleCoef_2048                         0x0800d5e4   Data       16384  arm_common_tables.o(.rodata.twiddleCoef_2048)
    twiddleCoef_256                          0x080115e4   Data        2048  arm_common_tables.o(.rodata.twiddleCoef_256)
    twiddleCoef_32                           0x08011de4   Data         256  arm_common_tables.o(.rodata.twiddleCoef_32)
    twiddleCoef_512                          0x08011ee4   Data        4096  arm_common_tables.o(.rodata.twiddleCoef_512)
    twiddleCoef_64                           0x08012ee4   Data         512  arm_common_tables.o(.rodata.twiddleCoef_64)
    twiddleCoef_rfft_1024                    0x080130e4   Data        4096  arm_common_tables.o(.rodata.twiddleCoef_rfft_1024)
    twiddleCoef_rfft_128                     0x080140e4   Data         512  arm_common_tables.o(.rodata.twiddleCoef_rfft_128)
    twiddleCoef_rfft_2048                    0x080142e4   Data        8192  arm_common_tables.o(.rodata.twiddleCoef_rfft_2048)
    twiddleCoef_rfft_256                     0x080162e4   Data        1024  arm_common_tables.o(.rodata.twiddleCoef_rfft_256)
    twiddleCoef_rfft_32                      0x080166e4   Data         128  arm_common_tables.o(.rodata.twiddleCoef_rfft_32)
    twiddleCoef_rfft_4096                    0x08016764   Data       16384  arm_common_tables.o(.rodata.twiddleCoef_rfft_4096)
    twiddleCoef_rfft_512                     0x0801a764   Data        2048  arm_common_tables.o(.rodata.twiddleCoef_rfft_512)
    twiddleCoef_rfft_64                      0x0801af64   Data         256  arm_common_tables.o(.rodata.twiddleCoef_rfft_64)
    Region$$Table$$Base                      0x0801b064   Number         0  anon$$obj.o(Region$$Table)
    Region$$Table$$Limit                     0x0801b084   Number         0  anon$$obj.o(Region$$Table)
    __stdout                                 0x24000000   Data           4  stdout.o(.data)
    SystemCoreClock                          0x24000010   Data           4  system_stm32h7xx.o(.data.SystemCoreClock)
    SystemD2Clock                            0x24000014   Data           4  system_stm32h7xx.o(.data.SystemD2Clock)
    DAC_Status                               0x24000018   Data           8  dac_gen.o(.bss.DAC_Status)
    Plot_Bank0                               0x24000020   Data         500  dac_gen.o(.bss.Plot_Bank0)
    Plot_Bank1                               0x24000214   Data         500  dac_gen.o(.bss.Plot_Bank1)
    adc_plot                                 0x24000408   Data         128  main.o(.bss.adc_plot)
    fftouttable                              0x24000488   Data         256  main.o(.bss.fftouttable)
    hadc2                                    0x24000588   Data         100  adc.o(.bss.hadc2)
    hdac1                                    0x240005ec   Data          20  dac.o(.bss.hdac1)
    hdma_adc2                                0x24000600   Data         120  adc.o(.bss.hdma_adc2)
    hdma_dac1_ch1                            0x24000678   Data         120  dac.o(.bss.hdma_dac1_ch1)
    htim3                                    0x240006f0   Data          64  tim.o(.bss.htim3)
    htim6                                    0x24000730   Data          64  tim.o(.bss.htim6)
    huart3                                   0x24000770   Data         140  usart.o(.bss.huart3)
    magoutput                                0x240007fc   Data         128  fft.o(.bss.magoutput)
    string_counter                           0x2400087c   Data           2  main.o(.bss.string_counter)
    __initial_sp                             0x24000c88   Data           0  startup_stm32h743xx.o(STACK)



==============================================================================

Memory Map of the image

  Image Entry point : 0x08000299

  Load Region LR_IROM1 (Base: 0x08000000, Size: 0x0001b0a0, Max: 0x00200000, ABSOLUTE)

    Execution Region ER_IROM1 (Exec base: 0x08000000, Load base: 0x08000000, Size: 0x0001b084, Max: 0x00200000, ABSOLUTE)

    Exec Addr    Load Addr    Size         Type   Attr      Idx    E Section Name        Object

    0x08000000   0x08000000   0x00000298   Data   RO            3    RESET               startup_stm32h743xx.o
    0x08000298   0x08000298   0x00000000   Code   RO         1962  * .ARM.Collect$$$$00000000  mc_w.l(entry.o)
    0x08000298   0x08000298   0x00000004   Code   RO         2258    .ARM.Collect$$$$00000001  mc_w.l(entry2.o)
    0x0800029c   0x0800029c   0x00000004   Code   RO         2261    .ARM.Collect$$$$00000004  mc_w.l(entry5.o)
    0x080002a0   0x080002a0   0x00000000   Code   RO         2263    .ARM.Collect$$$$00000008  mc_w.l(entry7b.o)
    0x080002a0   0x080002a0   0x00000000   Code   RO         2265    .ARM.Collect$$$$0000000A  mc_w.l(entry8b.o)
    0x080002a0   0x080002a0   0x00000008   Code   RO         2266    .ARM.Collect$$$$0000000B  mc_w.l(entry9a.o)
    0x080002a8   0x080002a8   0x00000000   Code   RO         2268    .ARM.Collect$$$$0000000D  mc_w.l(entry10a.o)
    0x080002a8   0x080002a8   0x00000000   Code   RO         2270    .ARM.Collect$$$$0000000F  mc_w.l(entry11a.o)
    0x080002a8   0x080002a8   0x00000004   Code   RO         2259    .ARM.Collect$$$$00002712  mc_w.l(entry2.o)
    0x080002ac   0x080002ac   0x00000024   Code   RO            4    .text               startup_stm32h743xx.o
    0x080002d0   0x080002d0   0x00000062   Code   RO         1965    .text               mc_w.l(uldiv.o)
    0x08000332   0x08000332   0x00000024   Code   RO         1967    .text               mc_w.l(memseta.o)
    0x08000356   0x08000356   0x0000002c   Code   RO         2273    .text               mc_w.l(uidiv.o)
    0x08000382   0x08000382   0x0000001e   Code   RO         2275    .text               mc_w.l(llshl.o)
    0x080003a0   0x080003a0   0x00000020   Code   RO         2277    .text               mc_w.l(llushr.o)
    0x080003c0   0x080003c0   0x00000000   Code   RO         2286    .text               mc_w.l(iusefp.o)
    0x080003c0   0x080003c0   0x0000014e   Code   RO         2287    .text               mf_w.l(dadd.o)
    0x0800050e   0x0800050e   0x000000e4   Code   RO         2289    .text               mf_w.l(dmul.o)
    0x080005f2   0x080005f2   0x000000de   Code   RO         2291    .text               mf_w.l(ddiv.o)
    0x080006d0   0x080006d0   0x00000030   Code   RO         2293    .text               mf_w.l(dfixul.o)
    0x08000700   0x08000700   0x00000030   Code   RO         2295    .text               mf_w.l(cdrcmple.o)
    0x08000730   0x08000730   0x00000024   Code   RO         2307    .text               mc_w.l(init.o)
    0x08000754   0x08000754   0x00000024   Code   RO         2309    .text               mc_w.l(llsshr.o)
    0x08000778   0x08000778   0x000000ba   Code   RO         2311    .text               mf_w.l(depilogue.o)
    0x08000832   0x08000832   0x00000002   PAD
    0x08000834   0x08000834   0x000000fc   Code   RO          210    .text.ADC_ConfigureBoostMode  stm32h7xx_hal_adc.o
    0x08000930   0x08000930   0x000000c0   Code   RO          214    .text.ADC_ConversionStop  stm32h7xx_hal_adc.o
    0x080009f0   0x080009f0   0x0000005a   Code   RO          236    .text.ADC_DMAConvCplt  stm32h7xx_hal_adc.o
    0x08000a4a   0x08000a4a   0x00000016   Code   RO          240    .text.ADC_DMAError  stm32h7xx_hal_adc.o
    0x08000a60   0x08000a60   0x00000006   Code   RO          238    .text.ADC_DMAHalfConvCplt  stm32h7xx_hal_adc.o
    0x08000a66   0x08000a66   0x00000002   PAD
    0x08000a68   0x08000a68   0x00000060   Code   RO          216    .text.ADC_Disable   stm32h7xx_hal_adc.o
    0x08000ac8   0x08000ac8   0x000000a8   Code   RO          222    .text.ADC_Enable    stm32h7xx_hal_adc.o
    0x08000b70   0x08000b70   0x0000000c   Code   RO          185    .text.ADC_IRQHandler  stm32h7xx_it.o
    0x08000b7c   0x08000b7c   0x00000002   Code   RO          169    .text.BusFault_Handler  stm32h7xx_it.o
    0x08000b7e   0x08000b7e   0x00000010   Code   RO          409    .text.DAC_DMAConvCpltCh1  stm32h7xx_hal_dac.o
    0x08000b8e   0x08000b8e   0x00000010   Code   RO          468    .text.DAC_DMAConvCpltCh2  stm32h7xx_hal_dac_ex.o
    0x08000b9e   0x08000b9e   0x00000018   Code   RO          413    .text.DAC_DMAErrorCh1  stm32h7xx_hal_dac.o
    0x08000bb6   0x08000bb6   0x00000018   Code   RO          472    .text.DAC_DMAErrorCh2  stm32h7xx_hal_dac_ex.o
    0x08000bce   0x08000bce   0x00000006   Code   RO          411    .text.DAC_DMAHalfConvCpltCh1  stm32h7xx_hal_dac.o
    0x08000bd4   0x08000bd4   0x00000006   Code   RO          470    .text.DAC_DMAHalfConvCpltCh2  stm32h7xx_hal_dac_ex.o
    0x08000bda   0x08000bda   0x00000002   PAD
    0x08000bdc   0x08000bdc   0x0000000c   Code   RO          181    .text.DMA1_Stream1_IRQHandler  stm32h7xx_it.o
    0x08000be8   0x08000be8   0x0000000c   Code   RO          183    .text.DMA1_Stream2_IRQHandler  stm32h7xx_it.o
    0x08000bf4   0x08000bf4   0x000000a4   Code   RO         1212    .text.DMA_CalcBaseAndBitshift  stm32h7xx_hal_dma.o
    0x08000c98   0x08000c98   0x00000090   Code   RO         1214    .text.DMA_CalcDMAMUXChannelBaseAndMask  stm32h7xx_hal_dma.o
    0x08000d28   0x08000d28   0x00000064   Code   RO         1216    .text.DMA_CalcDMAMUXRequestGenBaseAndMask  stm32h7xx_hal_dma.o
    0x08000d8c   0x08000d8c   0x00000160   Code   RO         1222    .text.DMA_SetConfig  stm32h7xx_hal_dma.o
    0x08000eec   0x08000eec   0x00000002   Code   RO          175    .text.DebugMon_Handler  stm32h7xx_it.o
    0x08000eee   0x08000eee   0x00000008   Code   RO          187    .text.EXTI15_10_IRQHandler  stm32h7xx_it.o
    0x08000ef6   0x08000ef6   0x00000002   Code   RO           58    .text.Error_Handler  main.o
    0x08000ef8   0x08000ef8   0x00000094   Code   RO          275    .text.HAL_ADCEx_Calibration_Start  stm32h7xx_hal_adc_ex.o
    0x08000f8c   0x08000f8c   0x00000002   Code   RO          311    .text.HAL_ADCEx_EndOfSamplingCallback  stm32h7xx_hal_adc_ex.o
    0x08000f8e   0x08000f8e   0x00000002   Code   RO          303    .text.HAL_ADCEx_InjectedConvCpltCallback  stm32h7xx_hal_adc_ex.o
    0x08000f90   0x08000f90   0x00000002   Code   RO          305    .text.HAL_ADCEx_InjectedQueueOverflowCallback  stm32h7xx_hal_adc_ex.o
    0x08000f92   0x08000f92   0x00000002   Code   RO          307    .text.HAL_ADCEx_LevelOutOfWindow2Callback  stm32h7xx_hal_adc_ex.o
    0x08000f94   0x08000f94   0x00000002   Code   RO          309    .text.HAL_ADCEx_LevelOutOfWindow3Callback  stm32h7xx_hal_adc_ex.o
    0x08000f96   0x08000f96   0x00000002   PAD
    0x08000f98   0x08000f98   0x0000039c   Code   RO          256    .text.HAL_ADC_ConfigChannel  stm32h7xx_hal_adc.o
    0x08001334   0x08001334   0x00000002   Code   RO          248    .text.HAL_ADC_ConvCpltCallback  stm32h7xx_hal_adc.o
    0x08001336   0x08001336   0x00000002   Code   RO          254    .text.HAL_ADC_ConvHalfCpltCallback  stm32h7xx_hal_adc.o
    0x08001338   0x08001338   0x00000010   Code   RO           52    .text.HAL_ADC_ErrorCallback  main.o
    0x08001348   0x08001348   0x00000260   Code   RO          246    .text.HAL_ADC_IRQHandler  stm32h7xx_hal_adc.o
    0x080015a8   0x080015a8   0x000001ec   Code   RO          206    .text.HAL_ADC_Init  stm32h7xx_hal_adc.o
    0x08001794   0x08001794   0x00000002   Code   RO          250    .text.HAL_ADC_LevelOutOfWindowCallback  stm32h7xx_hal_adc.o
    0x08001796   0x08001796   0x00000002   PAD
    0x08001798   0x08001798   0x0000007c   Code   RO           86    .text.HAL_ADC_MspInit  adc.o
    0x08001814   0x08001814   0x000000f8   Code   RO          234    .text.HAL_ADC_Start_DMA  stm32h7xx_hal_adc.o
    0x0800190c   0x0800190c   0x0000007c   Code   RO          242    .text.HAL_ADC_Stop_DMA  stm32h7xx_hal_adc.o
    0x08001988   0x08001988   0x00000002   Code   RO          452    .text.HAL_DACEx_ConvCpltCallbackCh2  stm32h7xx_hal_dac_ex.o
    0x0800198a   0x0800198a   0x00000002   Code   RO          454    .text.HAL_DACEx_ConvHalfCpltCallbackCh2  stm32h7xx_hal_dac_ex.o
    0x0800198c   0x0800198c   0x00000002   Code   RO          456    .text.HAL_DACEx_ErrorCallbackCh2  stm32h7xx_hal_dac_ex.o
    0x0800198e   0x0800198e   0x00000002   PAD
    0x08001990   0x08001990   0x00000124   Code   RO          431    .text.HAL_DAC_ConfigChannel  stm32h7xx_hal_dac.o
    0x08001ab4   0x08001ab4   0x00000004   PAD
    0x08001ab8   0x08001ab8   0x00000090   Code   RO           15    .text.HAL_DAC_ConvCpltCallbackCh1  dac_gen.o
    0x08001b48   0x08001b48   0x00000002   Code   RO          425    .text.HAL_DAC_ConvHalfCpltCallbackCh1  stm32h7xx_hal_dac.o
    0x08001b4a   0x08001b4a   0x00000002   Code   RO          427    .text.HAL_DAC_ErrorCallbackCh1  stm32h7xx_hal_dac.o
    0x08001b4c   0x08001b4c   0x00000026   Code   RO          395    .text.HAL_DAC_Init  stm32h7xx_hal_dac.o
    0x08001b72   0x08001b72   0x00000002   PAD
    0x08001b74   0x08001b74   0x000000a0   Code   RO          103    .text.HAL_DAC_MspInit  dac.o
    0x08001c14   0x08001c14   0x000000f0   Code   RO          407    .text.HAL_DAC_Start_DMA  stm32h7xx_hal_dac.o
    0x08001d04   0x08001d04   0x000001e4   Code   RO         1226    .text.HAL_DMA_Abort  stm32h7xx_hal_dma.o
    0x08001ee8   0x08001ee8   0x0000056c   Code   RO         1232    .text.HAL_DMA_IRQHandler  stm32h7xx_hal_dma.o
    0x08002454   0x08002454   0x000002c0   Code   RO         1210    .text.HAL_DMA_Init  stm32h7xx_hal_dma.o
    0x08002714   0x08002714   0x000001cc   Code   RO         1224    .text.HAL_DMA_Start_IT  stm32h7xx_hal_dma.o
    0x080028e0   0x080028e0   0x00000020   Code   RO         1480    .text.HAL_Delay     stm32h7xx_hal.o
    0x08002900   0x08002900   0x00000024   Code   RO           46    .text.HAL_GPIO_EXTI_Callback  main.o
    0x08002924   0x08002924   0x00000014   Code   RO         1166    .text.HAL_GPIO_EXTI_IRQHandler  stm32h7xx_hal_gpio.o
    0x08002938   0x08002938   0x0000017c   Code   RO         1154    .text.HAL_GPIO_Init  stm32h7xx_hal_gpio.o
    0x08002ab4   0x08002ab4   0x0000000e   Code   RO         1162    .text.HAL_GPIO_TogglePin  stm32h7xx_hal_gpio.o
    0x08002ac2   0x08002ac2   0x0000000a   Code   RO         1160    .text.HAL_GPIO_WritePin  stm32h7xx_hal_gpio.o
    0x08002acc   0x08002acc   0x0000000c   Code   RO         1488    .text.HAL_GetREVID  stm32h7xx_hal.o
    0x08002ad8   0x08002ad8   0x00000008   Code   RO         1472    .text.HAL_GetTick   stm32h7xx_hal.o
    0x08002ae0   0x08002ae0   0x00000014   Code   RO         1470    .text.HAL_IncTick   stm32h7xx_hal.o
    0x08002af4   0x08002af4   0x0000004c   Code   RO         1460    .text.HAL_Init      stm32h7xx_hal.o
    0x08002b40   0x08002b40   0x00000044   Code   RO         1462    .text.HAL_InitTick  stm32h7xx_hal.o
    0x08002b84   0x08002b84   0x00000020   Code   RO          197    .text.HAL_MspInit   stm32h7xx_hal_msp.o
    0x08002ba4   0x08002ba4   0x0000001c   Code   RO          350    .text.HAL_NVIC_EnableIRQ  stm32h7xx_hal_cortex.o
    0x08002bc0   0x08002bc0   0x00000040   Code   RO          346    .text.HAL_NVIC_SetPriority  stm32h7xx_hal_cortex.o
    0x08002c00   0x08002c00   0x00000020   Code   RO          344    .text.HAL_NVIC_SetPriorityGrouping  stm32h7xx_hal_cortex.o
    0x08002c20   0x08002c20   0x00000048   Code   RO         1371    .text.HAL_PWREx_ConfigSupply  stm32h7xx_hal_pwr_ex.o
    0x08002c68   0x08002c68   0x00000028   Code   RO         1046    .text.HAL_RCCEx_GetD1SysClockFreq  stm32h7xx_hal_rcc_ex.o
    0x08002c90   0x08002c90   0x00000024   Code   RO         1044    .text.HAL_RCCEx_GetD3PCLK1Freq  stm32h7xx_hal_rcc_ex.o
    0x08002cb4   0x08002cb4   0x0000010c   Code   RO         1036    .text.HAL_RCCEx_GetPLL1ClockFreq  stm32h7xx_hal_rcc_ex.o
    0x08002dc0   0x08002dc0   0x0000010c   Code   RO         1038    .text.HAL_RCCEx_GetPLL2ClockFreq  stm32h7xx_hal_rcc_ex.o
    0x08002ecc   0x08002ecc   0x0000010c   Code   RO         1040    .text.HAL_RCCEx_GetPLL3ClockFreq  stm32h7xx_hal_rcc_ex.o
    0x08002fd8   0x08002fd8   0x0000011c   Code   RO         1034    .text.HAL_RCCEx_GetPeriphCLKFreq  stm32h7xx_hal_rcc_ex.o
    0x080030f4   0x080030f4   0x000008cc   Code   RO         1026    .text.HAL_RCCEx_PeriphCLKConfig  stm32h7xx_hal_rcc_ex.o
    0x080039c0   0x080039c0   0x00000204   Code   RO          993    .text.HAL_RCC_ClockConfig  stm32h7xx_hal_rcc.o
    0x08003bc4   0x08003bc4   0x00000028   Code   RO         1003    .text.HAL_RCC_GetHCLKFreq  stm32h7xx_hal_rcc.o
    0x08003bec   0x08003bec   0x0000001c   Code   RO         1005    .text.HAL_RCC_GetPCLK1Freq  stm32h7xx_hal_rcc.o
    0x08003c08   0x08003c08   0x00000024   Code   RO         1007    .text.HAL_RCC_GetPCLK2Freq  stm32h7xx_hal_rcc.o
    0x08003c2c   0x08003c2c   0x000000fc   Code   RO          995    .text.HAL_RCC_GetSysClockFreq  stm32h7xx_hal_rcc.o
    0x08003d28   0x08003d28   0x00000474   Code   RO          991    .text.HAL_RCC_OscConfig  stm32h7xx_hal_rcc.o
    0x0800419c   0x0800419c   0x00000028   Code   RO          358    .text.HAL_SYSTICK_Config  stm32h7xx_hal_cortex.o
    0x080041c4   0x080041c4   0x00000060   Code   RO          786    .text.HAL_TIMEx_MasterConfigSynchronization  stm32h7xx_hal_tim_ex.o
    0x08004224   0x08004224   0x00000034   Code   RO          483    .text.HAL_TIM_Base_Init  stm32h7xx_hal_tim.o
    0x08004258   0x08004258   0x0000004c   Code   RO          132    .text.HAL_TIM_Base_MspInit  tim.o
    0x080042a4   0x080042a4   0x00000030   Code   RO          493    .text.HAL_TIM_Base_Start  stm32h7xx_hal_tim.o
    0x080042d4   0x080042d4   0x00000120   Code   RO          675    .text.HAL_TIM_ConfigClockSource  stm32h7xx_hal_tim.o
    0x080043f4   0x080043f4   0x00000036   Code   RO          973    .text.HAL_UARTEx_DisableFifoMode  stm32h7xx_hal_uart_ex.o
    0x0800442a   0x0800442a   0x0000004a   Code   RO          977    .text.HAL_UARTEx_SetRxFifoThreshold  stm32h7xx_hal_uart_ex.o
    0x08004474   0x08004474   0x0000004a   Code   RO          975    .text.HAL_UARTEx_SetTxFifoThreshold  stm32h7xx_hal_uart_ex.o
    0x080044be   0x080044be   0x00000064   Code   RO          817    .text.HAL_UART_Init  stm32h7xx_hal_uart.o
    0x08004522   0x08004522   0x00000002   PAD
    0x08004524   0x08004524   0x00000064   Code   RO          149    .text.HAL_UART_MspInit  usart.o
    0x08004588   0x08004588   0x000000c6   Code   RO          837    .text.HAL_UART_Transmit  stm32h7xx_hal_uart.o
    0x0800464e   0x0800464e   0x00000002   Code   RO          165    .text.HardFault_Handler  stm32h7xx_it.o
    0x08004650   0x08004650   0x00000022   Code   RO          258    .text.LL_ADC_SetChannelSamplingTime  stm32h7xx_hal_adc.o
    0x08004672   0x08004672   0x00000002   PAD
    0x08004674   0x08004674   0x00000084   Code   RO           84    .text.MX_ADC2_Init  adc.o
    0x080046f8   0x080046f8   0x00000048   Code   RO          101    .text.MX_DAC1_Init  dac.o
    0x08004740   0x08004740   0x00000040   Code   RO          118    .text.MX_DMA_Init   dma.o
    0x08004780   0x08004780   0x000000c4   Code   RO           73    .text.MX_GPIO_Init  gpio.o
    0x08004844   0x08004844   0x0000006c   Code   RO          128    .text.MX_TIM3_Init  tim.o
    0x080048b0   0x080048b0   0x00000048   Code   RO          130    .text.MX_TIM6_Init  tim.o
    0x080048f8   0x080048f8   0x00000068   Code   RO          147    .text.MX_USART3_UART_Init  usart.o
    0x08004960   0x08004960   0x00000002   Code   RO          167    .text.MemManage_Handler  stm32h7xx_it.o
    0x08004962   0x08004962   0x00000002   Code   RO          163    .text.NMI_Handler   stm32h7xx_it.o
    0x08004964   0x08004964   0x00000002   Code   RO          177    .text.PendSV_Handler  stm32h7xx_it.o
    0x08004966   0x08004966   0x00000002   PAD
    0x08004968   0x08004968   0x00000100   Code   RO         1028    .text.RCCEx_PLL2_Config  stm32h7xx_hal_rcc_ex.o
    0x08004a68   0x08004a68   0x00000100   Code   RO         1030    .text.RCCEx_PLL3_Config  stm32h7xx_hal_rcc_ex.o
    0x08004b68   0x08004b68   0x00000002   Code   RO          173    .text.SVC_Handler   stm32h7xx_it.o
    0x08004b6a   0x08004b6a   0x00000004   Code   RO          179    .text.SysTick_Handler  stm32h7xx_it.o
    0x08004b6e   0x08004b6e   0x00000002   PAD
    0x08004b70   0x08004b70   0x000000c8   Code   RO           56    .text.SystemClock_Config  main.o
    0x08004c38   0x08004c38   0x00000064   Code   RO         1755    .text.SystemInit    system_stm32h7xx.o
    0x08004c9c   0x08004c9c   0x000000f8   Code   RO          487    .text.TIM_Base_SetConfig  stm32h7xx_hal_tim.o
    0x08004d94   0x08004d94   0x00000022   Code   RO          677    .text.TIM_TI1_ConfigInputStage  stm32h7xx_hal_tim.o
    0x08004db6   0x08004db6   0x00000024   Code   RO          679    .text.TIM_TI2_ConfigInputStage  stm32h7xx_hal_tim.o
    0x08004dda   0x08004dda   0x00000002   PAD
    0x08004ddc   0x08004ddc   0x00000054   Code   RO          971    .text.UARTEx_SetNbDataToProcess  stm32h7xx_hal_uart_ex.o
    0x08004e30   0x08004e30   0x000000c6   Code   RO          823    .text.UART_AdvFeatureConfig  stm32h7xx_hal_uart.o
    0x08004ef6   0x08004ef6   0x00000064   Code   RO          825    .text.UART_CheckIdleState  stm32h7xx_hal_uart.o
    0x08004f5a   0x08004f5a   0x00000002   PAD
    0x08004f5c   0x08004f5c   0x000006dc   Code   RO          821    .text.UART_SetConfig  stm32h7xx_hal_uart.o
    0x08005638   0x08005638   0x0000006a   Code   RO          839    .text.UART_WaitOnFlagUntilTimeout  stm32h7xx_hal_uart.o
    0x080056a2   0x080056a2   0x00000002   Code   RO          171    .text.UsageFault_Handler  stm32h7xx_it.o
    0x080056a4   0x080056a4   0x00000020   Code   RO          348    .text.__NVIC_SetPriority  stm32h7xx_hal_cortex.o
    0x080056c4   0x080056c4   0x0000004c   Code   RO         1904    .text.arm_bitreversal_32  arm_cortexM7lfdp_math.lib(arm_bitreversal2.o)
    0x08005710   0x08005710   0x000000dc   Code   RO         1828    .text.arm_cfft_f32  arm_cortexM7lfdp_math.lib(arm_cfft_f32.o)
    0x080057ec   0x080057ec   0x0000017e   Code   RO         1824    .text.arm_cfft_radix8by2_f32  arm_cortexM7lfdp_math.lib(arm_cfft_f32.o)
    0x0800596a   0x0800596a   0x00000002   PAD
    0x0800596c   0x0800596c   0x000003dc   Code   RO         1826    .text.arm_cfft_radix8by4_f32  arm_cortexM7lfdp_math.lib(arm_cfft_f32.o)
    0x08005d48   0x08005d48   0x00000138   Code   RO         1771    .text.arm_cmplx_mag_f32  arm_cortexM7lfdp_math.lib(arm_cmplx_mag_f32.o)
    0x08005e80   0x08005e80   0x00000524   Code   RO         1917    .text.arm_radix8_butterfly_f32  arm_cortexM7lfdp_math.lib(arm_cfft_radix8_f32.o)
    0x080063a4   0x080063a4   0x0000003c   Code   RO         1807    .text.arm_rfft_1024_fast_init_f32  arm_cortexM7lfdp_math.lib(arm_rfft_fast_init_f32.o)
    0x080063e0   0x080063e0   0x00000036   Code   RO         1801    .text.arm_rfft_128_fast_init_f32  arm_cortexM7lfdp_math.lib(arm_rfft_fast_init_f32.o)
    0x08006416   0x08006416   0x0000003c   Code   RO         1809    .text.arm_rfft_2048_fast_init_f32  arm_cortexM7lfdp_math.lib(arm_rfft_fast_init_f32.o)
    0x08006452   0x08006452   0x00000038   Code   RO         1803    .text.arm_rfft_256_fast_init_f32  arm_cortexM7lfdp_math.lib(arm_rfft_fast_init_f32.o)
    0x0800648a   0x0800648a   0x00000036   Code   RO         1797    .text.arm_rfft_32_fast_init_f32  arm_cortexM7lfdp_math.lib(arm_rfft_fast_init_f32.o)
    0x080064c0   0x080064c0   0x0000003c   Code   RO         1811    .text.arm_rfft_4096_fast_init_f32  arm_cortexM7lfdp_math.lib(arm_rfft_fast_init_f32.o)
    0x080064fc   0x080064fc   0x0000003c   Code   RO         1805    .text.arm_rfft_512_fast_init_f32  arm_cortexM7lfdp_math.lib(arm_rfft_fast_init_f32.o)
    0x08006538   0x08006538   0x00000036   Code   RO         1799    .text.arm_rfft_64_fast_init_f32  arm_cortexM7lfdp_math.lib(arm_rfft_fast_init_f32.o)
    0x0800656e   0x0800656e   0x00000050   Code   RO         1786    .text.arm_rfft_fast_f32  arm_cortexM7lfdp_math.lib(arm_rfft_fast_f32.o)
    0x080065be   0x080065be   0x00000090   Code   RO         1813    .text.arm_rfft_fast_init_f32  arm_cortexM7lfdp_math.lib(arm_rfft_fast_init_f32.o)
    0x0800664e   0x0800664e   0x00000002   PAD
    0x08006650   0x08006650   0x00000030   Code   RO           11    .text.dac_gomid     dac_gen.o
    0x08006680   0x08006680   0x000000dc   Code   RO           17    .text.dac_plot_countinue  dac_gen.o
    0x0800675c   0x0800675c   0x00000050   Code   RO           35    .text.fast_rfft_64  fft.o
    0x080067ac   0x080067ac   0x00000020   Code   RO           48    .text.fputc         main.o
    0x080067cc   0x080067cc   0x00000004   PAD
    0x080067d0   0x080067d0   0x00000080   Code   RO           21    .text.han_win       dac_gen.o
    0x08006850   0x08006850   0x00000100   Code   RO           54    .text.main          main.o
    0x08006950   0x08006950   0x000000aa   Code   RO         1784    .text.merge_rfft_f32  arm_cortexM7lfdp_math.lib(arm_rfft_fast_f32.o)
    0x080069fa   0x080069fa   0x00000002   PAD
    0x080069fc   0x080069fc   0x000000a4   Code   RO         1782    .text.stage_rfft_f32  arm_cortexM7lfdp_math.lib(arm_rfft_fast_f32.o)
    0x08006aa0   0x08006aa0   0x00000020   Code   RO         2202    i.__0printf         mc_w.l(printfa.o)
    0x08006ac0   0x08006ac0   0x00000030   Code   RO         2303    i.__ARM_fpclassify  m_wv.l(fpclassify.o)
    0x08006af0   0x08006af0   0x000000b0   Code   RO         1926    i.__hardfp_cos      m_wv.l(cos.o)
    0x08006ba0   0x08006ba0   0x000000b0   Code   RO         1938    i.__hardfp_sin      m_wv.l(sin.o)
    0x08006c50   0x08006c50   0x0000003a   Code   RO         1950    i.__hardfp_sqrtf    m_wv.l(sqrtf.o)
    0x08006c8a   0x08006c8a   0x00000006   PAD
    0x08006c90   0x08006c90   0x00000308   Code   RO         2247    i.__ieee754_rem_pio2  m_wv.l(rred.o)
    0x08006f98   0x08006f98   0x000000c4   Code   RO         2230    i.__kernel_cos      m_wv.l(cos_i.o)
    0x0800705c   0x0800705c   0x00000070   Code   RO         2305    i.__kernel_poly     m_wv.l(poly.o)
    0x080070cc   0x080070cc   0x00000004   PAD
    0x080070d0   0x080070d0   0x000000a0   Code   RO         2252    i.__kernel_sin      m_wv.l(sin_i.o)
    0x08007170   0x08007170   0x00000018   Code   RO         2236    i.__mathlib_dbl_invalid  m_wv.l(dunder.o)
    0x08007188   0x08007188   0x00000018   Code   RO         2239    i.__mathlib_dbl_underflow  m_wv.l(dunder.o)
    0x080071a0   0x080071a0   0x0000000e   Code   RO         2315    i.__scatterload_copy  mc_w.l(handlers.o)
    0x080071ae   0x080071ae   0x00000002   Code   RO         2316    i.__scatterload_null  mc_w.l(handlers.o)
    0x080071b0   0x080071b0   0x0000000e   Code   RO         2317    i.__scatterload_zeroinit  mc_w.l(handlers.o)
    0x080071be   0x080071be   0x00000002   PAD
    0x080071c0   0x080071c0   0x0000000c   Code   RO         2281    i.__set_errno       mc_w.l(errno.o)
    0x080071cc   0x080071cc   0x00000184   Code   RO         2209    i._fp_digits        mc_w.l(printfa.o)
    0x08007350   0x08007350   0x000006dc   Code   RO         2210    i._printf_core      mc_w.l(printfa.o)
    0x08007a2c   0x08007a2c   0x00000024   Code   RO         2211    i._printf_post_padding  mc_w.l(printfa.o)
    0x08007a50   0x08007a50   0x0000002e   Code   RO         2212    i._printf_pre_padding  mc_w.l(printfa.o)
    0x08007a7e   0x08007a7e   0x00000018   Code   RO         2299    i.fabs              m_wv.l(fabs.o)
    0x08007a96   0x08007a96   0x00000002   PAD
    0x08007a98   0x08007a98   0x00000030   Data   RO         2231    .constdata          m_wv.l(cos_i.o)
    0x08007ac8   0x08007ac8   0x000000c8   Data   RO         2249    .constdata          m_wv.l(rred.o)
    0x08007b90   0x08007b90   0x00000028   Data   RO         2253    .constdata          m_wv.l(sin_i.o)
    0x08007bb8   0x08007bb8   0x0000002c   Data   RO          943    .rodata..Lswitch.table.UART_SetConfig.25  stm32h7xx_hal_uart.o
    0x08007be4   0x08007be4   0x00000010   Data   RO         1761    .rodata.D1CorePrescTable  system_stm32h7xx.o
    0x08007bf4   0x08007bf4   0x00000e10   Data   RO         1875    .rodata.armBitRevIndexTable1024  arm_cortexM7lfdp_math.lib(arm_common_tables.o)
    0x08008a04   0x08008a04   0x000001a0   Data   RO         1872    .rodata.armBitRevIndexTable128  arm_cortexM7lfdp_math.lib(arm_common_tables.o)
    0x08008ba4   0x08008ba4   0x00000028   Data   RO         1869    .rodata.armBitRevIndexTable16  arm_cortexM7lfdp_math.lib(arm_common_tables.o)
    0x08008bcc   0x08008bcc   0x00001dc0   Data   RO         1876    .rodata.armBitRevIndexTable2048  arm_cortexM7lfdp_math.lib(arm_common_tables.o)
    0x0800a98c   0x0800a98c   0x00000370   Data   RO         1873    .rodata.armBitRevIndexTable256  arm_cortexM7lfdp_math.lib(arm_common_tables.o)
    0x0800acfc   0x0800acfc   0x00000060   Data   RO         1870    .rodata.armBitRevIndexTable32  arm_cortexM7lfdp_math.lib(arm_common_tables.o)
    0x0800ad5c   0x0800ad5c   0x00000380   Data   RO         1874    .rodata.armBitRevIndexTable512  arm_cortexM7lfdp_math.lib(arm_common_tables.o)
    0x0800b0dc   0x0800b0dc   0x00000070   Data   RO         1871    .rodata.armBitRevIndexTable64  arm_cortexM7lfdp_math.lib(arm_common_tables.o)
    0x0800b14c   0x0800b14c   0x00000010   Data   RO          979    .rodata.cst8        stm32h7xx_hal_uart_ex.o
    0x0800b15c   0x0800b15c   0x00000008   Data   RO         1242    .rodata.cst8        stm32h7xx_hal_dma.o
    0x0800b164   0x0800b164   0x00002000   Data   RO         1846    .rodata.twiddleCoef_1024  arm_cortexM7lfdp_math.lib(arm_common_tables.o)
    0x0800d164   0x0800d164   0x00000400   Data   RO         1843    .rodata.twiddleCoef_128  arm_cortexM7lfdp_math.lib(arm_common_tables.o)
    0x0800d564   0x0800d564   0x00000080   Data   RO         1840    .rodata.twiddleCoef_16  arm_cortexM7lfdp_math.lib(arm_common_tables.o)
    0x0800d5e4   0x0800d5e4   0x00004000   Data   RO         1847    .rodata.twiddleCoef_2048  arm_cortexM7lfdp_math.lib(arm_common_tables.o)
    0x080115e4   0x080115e4   0x00000800   Data   RO         1844    .rodata.twiddleCoef_256  arm_cortexM7lfdp_math.lib(arm_common_tables.o)
    0x08011de4   0x08011de4   0x00000100   Data   RO         1841    .rodata.twiddleCoef_32  arm_cortexM7lfdp_math.lib(arm_common_tables.o)
    0x08011ee4   0x08011ee4   0x00001000   Data   RO         1845    .rodata.twiddleCoef_512  arm_cortexM7lfdp_math.lib(arm_common_tables.o)
    0x08012ee4   0x08012ee4   0x00000200   Data   RO         1842    .rodata.twiddleCoef_64  arm_cortexM7lfdp_math.lib(arm_common_tables.o)
    0x080130e4   0x080130e4   0x00001000   Data   RO         1892    .rodata.twiddleCoef_rfft_1024  arm_cortexM7lfdp_math.lib(arm_common_tables.o)
    0x080140e4   0x080140e4   0x00000200   Data   RO         1889    .rodata.twiddleCoef_rfft_128  arm_cortexM7lfdp_math.lib(arm_common_tables.o)
    0x080142e4   0x080142e4   0x00002000   Data   RO         1893    .rodata.twiddleCoef_rfft_2048  arm_cortexM7lfdp_math.lib(arm_common_tables.o)
    0x080162e4   0x080162e4   0x00000400   Data   RO         1890    .rodata.twiddleCoef_rfft_256  arm_cortexM7lfdp_math.lib(arm_common_tables.o)
    0x080166e4   0x080166e4   0x00000080   Data   RO         1887    .rodata.twiddleCoef_rfft_32  arm_cortexM7lfdp_math.lib(arm_common_tables.o)
    0x08016764   0x08016764   0x00004000   Data   RO         1894    .rodata.twiddleCoef_rfft_4096  arm_cortexM7lfdp_math.lib(arm_common_tables.o)
    0x0801a764   0x0801a764   0x00000800   Data   RO         1891    .rodata.twiddleCoef_rfft_512  arm_cortexM7lfdp_math.lib(arm_common_tables.o)
    0x0801af64   0x0801af64   0x00000100   Data   RO         1888    .rodata.twiddleCoef_rfft_64  arm_cortexM7lfdp_math.lib(arm_common_tables.o)
    0x0801b064   0x0801b064   0x00000020   Data   RO         2314    Region$$Table       anon$$obj.o


    Execution Region RW_IRAM1 (Exec base: 0x24000000, Load base: 0x0801b088, Size: 0x00000c88, Max: 0x00800000, ABSOLUTE)

    Exec Addr    Load Addr    Size         Type   Attr      Idx    E Section Name        Object

    0x24000000   0x0801b088   0x00000004   Data   RW         2272    .data               mc_w.l(stdout.o)
    0x24000004   0x0801b08c   0x00000004   Data   RW         2282    .data               mc_w.l(errno.o)
    0x24000008   0x0801b090   0x00000008   Data   RW         1559    .data..L_MergedGlobals  stm32h7xx_hal.o
    0x24000010   0x0801b098   0x00000004   Data   RW         1759    .data.SystemCoreClock  system_stm32h7xx.o
    0x24000014   0x0801b09c   0x00000004   Data   RW         1760    .data.SystemD2Clock  system_stm32h7xx.o
    0x24000018        -       0x00000008   Zero   RW           25    .bss.DAC_Status     dac_gen.o
    0x24000020        -       0x000001f4   Zero   RW           23    .bss.Plot_Bank0     dac_gen.o
    0x24000214        -       0x000001f4   Zero   RW           24    .bss.Plot_Bank1     dac_gen.o
    0x24000408        -       0x00000080   Zero   RW           60    .bss.adc_plot       main.o
    0x24000488        -       0x00000100   Zero   RW           62    .bss.fftouttable    main.o
    0x24000588        -       0x00000064   Zero   RW           90    .bss.hadc2          adc.o
    0x240005ec        -       0x00000014   Zero   RW          107    .bss.hdac1          dac.o
    0x24000600        -       0x00000078   Zero   RW           91    .bss.hdma_adc2      adc.o
    0x24000678        -       0x00000078   Zero   RW          108    .bss.hdma_dac1_ch1  dac.o
    0x240006f0        -       0x00000040   Zero   RW          136    .bss.htim3          tim.o
    0x24000730        -       0x00000040   Zero   RW          137    .bss.htim6          tim.o
    0x24000770        -       0x0000008c   Zero   RW          153    .bss.huart3         usart.o
    0x240007fc        -       0x00000080   Zero   RW           37    .bss.magoutput      fft.o
    0x2400087c        -       0x00000002   Zero   RW           61    .bss.string_counter  main.o
    0x2400087e   0x0801b0a0   0x00000002   PAD
    0x24000880        -       0x00000004   Zero   RW         1558    .bss.uwTick         stm32h7xx_hal.o
    0x24000884   0x0801b0a0   0x00000004   PAD
    0x24000888        -       0x00000400   Zero   RW            1    STACK               startup_stm32h743xx.o


==============================================================================

Image component sizes


      Code (inc. data)   RO Data    RW Data    ZI Data      Debug   Object Name

       256         24          0          0        220       9746   adc.o
       232         24          0          0        140       6267   dac.o
       540         72          0          0       1008       5267   dac_gen.o
        64          4          0          0          0       5277   dma.o
        80          0          0          0        128       1343   fft.o
       196         12          0          0          0       6066   gpio.o
       542         84          0          0        386       9199   main.o
        36          8        664          0       1024        816   startup_stm32h743xx.o
       216         16          0          8          4      14535   stm32h7xx_hal.o
      3262        164          0          0          0      24518   stm32h7xx_hal_adc.o
       158          8          0          0          0      24437   stm32h7xx_hal_adc_ex.o
       196         28          0          0          0      11730   stm32h7xx_hal_cortex.o
       620         28          0          0          0       8207   stm32h7xx_hal_dac.o
        52          0          0          0          0       6806   stm32h7xx_hal_dac_ex.o
      3796        496          8          0          0      13207   stm32h7xx_hal_dma.o
       424         20          0          0          0       6624   stm32h7xx_hal_gpio.o
        32          4          0          0          0       2188   stm32h7xx_hal_msp.o
        72          4          0          0          0       9871   stm32h7xx_hal_pwr_ex.o
      2012         60          0          0          0      10464   stm32h7xx_hal_rcc.o
      3928        236          0          0          0      15582   stm32h7xx_hal_rcc_ex.o
       706         56          0          0          0      38732   stm32h7xx_hal_tim.o
        96          4          0          0          0      15878   stm32h7xx_hal_tim_ex.o
      2458        232         44          0          0      23535   stm32h7xx_hal_uart.o
       286          8         16          0          0       7431   stm32h7xx_hal_uart_ex.o
        64         12          0          0          0       1507   stm32h7xx_it.o
       100         16         16          8          0       4530   system_stm32h7xx.o
       256         28          0          0        128       6366   tim.o
       204         16          0          0        140       6292   usart.o

    ----------------------------------------------------------------------
     20916       1672        780         16       3184     296421   Object Totals
         0          0         32          0          0          0   (incl. Generated)
        32          8          0          0          6          0   (incl. Padding)

    ----------------------------------------------------------------------

      Code (inc. data)   RO Data    RW Data    ZI Data      Debug   Library Member Name

        76          0          0          0          0       1254   arm_bitreversal2.o
      1590          0          0          0          0       6240   arm_cfft_f32.o
      1316          8          0          0          0       4914   arm_cfft_radix8_f32.o
       312          0          0          0          0       2021   arm_cmplx_mag_f32.o
         0          0      78936          0          0       3698   arm_common_tables.o
       414          0          0          0          0       2844   arm_rfft_fast_f32.o
       602          0          0          0          0       3549   arm_rfft_fast_init_f32.o
       176         18          0          0          0        156   cos.o
       196         14         48          0          0        176   cos_i.o
        48         28          0          0          0        232   dunder.o
        24          0          0          0          0        124   fabs.o
        48          0          0          0          0        124   fpclassify.o
       112          0          0          0          0        116   poly.o
       776        130        200          0          0        172   rred.o
       176         18          0          0          0        160   sin.o
       160         16         40          0          0        196   sin_i.o
        58          0          0          0          0        136   sqrtf.o
         0          0          0          0          0          0   entry.o
         0          0          0          0          0          0   entry10a.o
         0          0          0          0          0          0   entry11a.o
         8          4          0          0          0          0   entry2.o
         4          0          0          0          0          0   entry5.o
         0          0          0          0          0          0   entry7b.o
         0          0          0          0          0          0   entry8b.o
         8          4          0          0          0          0   entry9a.o
        12          6          0          4          0         68   errno.o
        30          0          0          0          0          0   handlers.o
        36          8          0          0          0         68   init.o
         0          0          0          0          0          0   iusefp.o
        30          0          0          0          0         68   llshl.o
        36          0          0          0          0         68   llsshr.o
        32          0          0          0          0         68   llushr.o
        36          0          0          0          0        108   memseta.o
      2258         90          0          0          0        452   printfa.o
         0          0          0          4          0          0   stdout.o
        44          0          0          0          0         80   uidiv.o
        98          0          0          0          0         92   uldiv.o
        48          0          0          0          0         68   cdrcmple.o
       334          0          0          0          0        148   dadd.o
       222          0          0          0          0        100   ddiv.o
       186          0          0          0          0        176   depilogue.o
        48          0          0          0          0         68   dfixul.o
       228          0          0          0          0         96   dmul.o

    ----------------------------------------------------------------------
      9804        344      79224          8          0      27840   Library Totals
        22          0          0          0          0          0   (incl. Padding)

    ----------------------------------------------------------------------

      Code (inc. data)   RO Data    RW Data    ZI Data      Debug   Library Name

      4310          8      78936          0          0      24520   arm_cortexM7lfdp_math.lib
      1774        224        288          0          0       1592   m_wv.l
      2632        112          0          8          0       1072   mc_w.l
      1066          0          0          0          0        656   mf_w.l

    ----------------------------------------------------------------------
      9804        344      79224          8          0      27840   Library Totals

    ----------------------------------------------------------------------

==============================================================================


      Code (inc. data)   RO Data    RW Data    ZI Data      Debug   

     30720       2016      80004         24       3184     322121   Grand Totals
     30720       2016      80004         24       3184     322121   ELF Image Totals
     30720       2016      80004         24          0          0   ROM Totals

==============================================================================

    Total RO  Size (Code + RO Data)               110724 ( 108.13kB)
    Total RW  Size (RW Data + ZI Data)              3208 (   3.13kB)
    Total ROM Size (Code + RO Data + RW Data)     110748 ( 108.15kB)

==============================================================================

