Component: ARM Compiler 6.10.1 Tool: armlink [5d142800]

==============================================================================

Section Cross References

    startup_stm32h743xx.o(RESET) refers to startup_stm32h743xx.o(STACK) for __initial_sp
    startup_stm32h743xx.o(RESET) refers to startup_stm32h743xx.o(.text) for Reset_Handler
    startup_stm32h743xx.o(RESET) refers to stm32h7xx_it.o(.text.NMI_Handler) for NMI_Handler
    startup_stm32h743xx.o(RESET) refers to stm32h7xx_it.o(.text.HardFault_Handler) for HardFault_Handler
    startup_stm32h743xx.o(RESET) refers to stm32h7xx_it.o(.text.MemManage_Handler) for MemManage_Handler
    startup_stm32h743xx.o(RESET) refers to stm32h7xx_it.o(.text.BusFault_Handler) for BusFault_Handler
    startup_stm32h743xx.o(RESET) refers to stm32h7xx_it.o(.text.UsageFault_Handler) for UsageFault_Handler
    startup_stm32h743xx.o(RESET) refers to stm32h7xx_it.o(.text.SVC_Handler) for SVC_Handler
    startup_stm32h743xx.o(RESET) refers to stm32h7xx_it.o(.text.DebugMon_Handler) for DebugMon_Handler
    startup_stm32h743xx.o(RESET) refers to stm32h7xx_it.o(.text.PendSV_Handler) for PendSV_Handler
    startup_stm32h743xx.o(RESET) refers to stm32h7xx_it.o(.text.SysTick_Handler) for SysTick_Handler
    startup_stm32h743xx.o(RESET) refers to stm32h7xx_it.o(.text.DMA1_Stream1_IRQHandler) for DMA1_Stream1_IRQHandler
    startup_stm32h743xx.o(RESET) refers to stm32h7xx_it.o(.text.DMA1_Stream2_IRQHandler) for DMA1_Stream2_IRQHandler
    startup_stm32h743xx.o(RESET) refers to stm32h7xx_it.o(.text.ADC_IRQHandler) for ADC_IRQHandler
    startup_stm32h743xx.o(RESET) refers to stm32h7xx_it.o(.text.EXTI15_10_IRQHandler) for EXTI15_10_IRQHandler
    startup_stm32h743xx.o(.text) refers to system_stm32h7xx.o(.text.SystemInit) for SystemInit
    startup_stm32h743xx.o(.text) refers to entry.o(.ARM.Collect$$$$00000000) for __main
    dac_gen.o(.text.dac_gomid) refers to stm32h7xx_hal_dac.o(.text.HAL_DAC_Start_DMA) for HAL_DAC_Start_DMA
    dac_gen.o(.ARM.exidx.text.dac_gomid) refers to dac_gen.o(.text.dac_gomid) for [Anonymous Symbol]
    dac_gen.o(.text.dac_run) refers to stm32h7xx_hal_dac.o(.text.HAL_DAC_Start_DMA) for HAL_DAC_Start_DMA
    dac_gen.o(.text.dac_run) refers to dac.o(.bss.hdac1) for hdac1
    dac_gen.o(.ARM.exidx.text.dac_run) refers to dac_gen.o(.text.dac_run) for [Anonymous Symbol]
    dac_gen.o(.text.HAL_DAC_ConvCpltCallbackCh1) refers to dac_gen.o(.text.dac_gomid) for dac_gomid
    dac_gen.o(.text.HAL_DAC_ConvCpltCallbackCh1) refers to stm32h7xx_hal_dac.o(.text.HAL_DAC_Start_DMA) for HAL_DAC_Start_DMA
    dac_gen.o(.text.HAL_DAC_ConvCpltCallbackCh1) refers to dac_gen.o(.text.dac_plot_countinue) for dac_plot_countinue
    dac_gen.o(.text.HAL_DAC_ConvCpltCallbackCh1) refers to dac_gen.o(.bss.DAC_Status) for DAC_Status
    dac_gen.o(.text.HAL_DAC_ConvCpltCallbackCh1) refers to dac.o(.bss.hdac1) for hdac1
    dac_gen.o(.text.HAL_DAC_ConvCpltCallbackCh1) refers to dac_gen.o(.bss.Plot_Bank0) for Plot_Bank0
    dac_gen.o(.text.HAL_DAC_ConvCpltCallbackCh1) refers to dac_gen.o(.bss.Plot_Bank1) for Plot_Bank1
    dac_gen.o(.ARM.exidx.text.HAL_DAC_ConvCpltCallbackCh1) refers to dac_gen.o(.text.HAL_DAC_ConvCpltCallbackCh1) for [Anonymous Symbol]
    dac_gen.o(.text.dac_plot_countinue) refers to sin.o(i.__hardfp_sin) for __hardfp_sin
    dac_gen.o(.ARM.exidx.text.dac_plot_countinue) refers to dac_gen.o(.text.dac_plot_countinue) for [Anonymous Symbol]
    dac_gen.o(.text.dac_plot) refers to sin.o(i.__hardfp_sin) for __hardfp_sin
    dac_gen.o(.ARM.exidx.text.dac_plot) refers to dac_gen.o(.text.dac_plot) for [Anonymous Symbol]
    dac_gen.o(.text.han_win) refers to cos.o(i.__hardfp_cos) for __hardfp_cos
    dac_gen.o(.ARM.exidx.text.han_win) refers to dac_gen.o(.text.han_win) for [Anonymous Symbol]
    main.o(.text.HAL_GPIO_EXTI_Callback) refers to stm32h7xx_hal_gpio.o(.text.HAL_GPIO_TogglePin) for HAL_GPIO_TogglePin
    main.o(.text.HAL_GPIO_EXTI_Callback) refers to stm32h7xx_hal.o(.text.HAL_Delay) for HAL_Delay
    main.o(.ARM.exidx.text.HAL_GPIO_EXTI_Callback) refers to main.o(.text.HAL_GPIO_EXTI_Callback) for [Anonymous Symbol]
    main.o(.text.fputc) refers to stm32h7xx_hal_uart.o(.text.HAL_UART_Transmit) for HAL_UART_Transmit
    main.o(.text.fputc) refers to usart.o(.bss.huart3) for huart3
    main.o(.ARM.exidx.text.fputc) refers to main.o(.text.fputc) for [Anonymous Symbol]
    main.o(.text.__io_putchar) refers to stm32h7xx_hal_uart.o(.text.HAL_UART_Transmit) for HAL_UART_Transmit
    main.o(.text.__io_putchar) refers to usart.o(.bss.huart3) for huart3
    main.o(.ARM.exidx.text.__io_putchar) refers to main.o(.text.__io_putchar) for [Anonymous Symbol]
    main.o(.text.HAL_ADC_ErrorCallback) refers to stm32h7xx_hal_adc.o(.text.HAL_ADC_Stop_DMA) for HAL_ADC_Stop_DMA
    main.o(.ARM.exidx.text.HAL_ADC_ErrorCallback) refers to main.o(.text.HAL_ADC_ErrorCallback) for [Anonymous Symbol]
    main.o(.text.main) refers to stm32h7xx_hal.o(.text.HAL_Init) for HAL_Init
[...]
    __arm_cp.0_0                             0x08004cd4   Number         4  dma.o(.text.MX_DMA_Init)
    [Anonymous Symbol]                       0x08004cd8   Section        0  gpio.o(.text.MX_GPIO_Init)
    __arm_cp.0_0                             0x08004d90   Number         4  gpio.o(.text.MX_GPIO_Init)
    __arm_cp.0_1                             0x08004d94   Number         4  gpio.o(.text.MX_GPIO_Init)
    __arm_cp.0_2                             0x08004d98   Number         4  gpio.o(.text.MX_GPIO_Init)
    [Anonymous Symbol]                       0x08004d9c   Section        0  tim.o(.text.MX_TIM3_Init)
    __arm_cp.0_0                             0x08004e00   Number         4  tim.o(.text.MX_TIM3_Init)
    __arm_cp.0_1                             0x08004e04   Number         4  tim.o(.text.MX_TIM3_Init)
    [Anonymous Symbol]                       0x08004e08   Section        0  tim.o(.text.MX_TIM6_Init)
    __arm_cp.1_0                             0x08004e44   Number         4  tim.o(.text.MX_TIM6_Init)
    __arm_cp.1_1                             0x08004e48   Number         4  tim.o(.text.MX_TIM6_Init)
    [Anonymous Symbol]                       0x08004e4c   Section        0  usart.o(.text.MX_USART3_UART_Init)
    __arm_cp.0_0                             0x08004e84   Number         4  usart.o(.text.MX_USART3_UART_Init)
    __arm_cp.0_1                             0x08004e88   Number         4  usart.o(.text.MX_USART3_UART_Init)
    [Anonymous Symbol]                       0x08004e8c   Section        0  stm32h7xx_it.o(.text.MemManage_Handler)
    [Anonymous Symbol]                       0x08004e8e   Section        0  stm32h7xx_it.o(.text.NMI_Handler)
    [Anonymous Symbol]                       0x08004e90   Section        0  stm32h7xx_it.o(.text.PendSV_Handler)
    [Anonymous Symbol]                       0x08004e94   Section        0  stm32h7xx_hal_rcc_ex.o(.text.RCCEx_PLL2_Config)
    RCCEx_PLL2_Config                        0x08004e95   Thumb Code   236  stm32h7xx_hal_rcc_ex.o(.text.RCCEx_PLL2_Config)
    [Anonymous Symbol]                       0x08004f7c   Section        0  stm32h7xx_hal_rcc_ex.o(.text.RCCEx_PLL3_Config)
    RCCEx_PLL3_Config                        0x08004f7d   Thumb Code   236  stm32h7xx_hal_rcc_ex.o(.text.RCCEx_PLL3_Config)
    [Anonymous Symbol]                       0x08005064   Section        0  stm32h7xx_it.o(.text.SVC_Handler)
    [Anonymous Symbol]                       0x08005066   Section        0  stm32h7xx_it.o(.text.SysTick_Handler)
    [Anonymous Symbol]                       0x0800506c   Section        0  main.o(.text.SystemClock_Config)
    __arm_cp.5_0                             0x0800511c   Number         4  main.o(.text.SystemClock_Config)
    __arm_cp.5_1                             0x08005120   Number         4  main.o(.text.SystemClock_Config)
    [Anonymous Symbol]                       0x08005124   Section        0  system_stm32h7xx.o(.text.SystemInit)
    __arm_cp.0_0                             0x08005178   Number         4  system_stm32h7xx.o(.text.SystemInit)
    __arm_cp.0_1                             0x0800517c   Number         4  system_stm32h7xx.o(.text.SystemInit)
    __arm_cp.0_2                             0x08005180   Number         4  system_stm32h7xx.o(.text.SystemInit)
    __arm_cp.0_3                             0x08005184   Number         4  system_stm32h7xx.o(.text.SystemInit)
    [Anonymous Symbol]                       0x08005188   Section        0  stm32h7xx_hal_tim.o(.text.TIM_Base_SetConfig)
    __arm_cp.2_0                             0x08005264   Number         4  stm32h7xx_hal_tim.o(.text.TIM_Base_SetConfig)
    __arm_cp.2_1                             0x08005268   Number         4  stm32h7xx_hal_tim.o(.text.TIM_Base_SetConfig)
    __arm_cp.2_2                             0x0800526c   Number         4  stm32h7xx_hal_tim.o(.text.TIM_Base_SetConfig)
    __arm_cp.2_3                             0x08005270   Number         4  stm32h7xx_hal_tim.o(.text.TIM_Base_SetConfig)
    __arm_cp.2_4                             0x08005274   Number         4  stm32h7xx_hal_tim.o(.text.TIM_Base_SetConfig)
    __arm_cp.2_5                             0x08005278   Number         4  stm32h7xx_hal_tim.o(.text.TIM_Base_SetConfig)
    __arm_cp.2_6                             0x0800527c   Number         4  stm32h7xx_hal_tim.o(.text.TIM_Base_SetConfig)
    __arm_cp.2_7                             0x08005280   Number         4  stm32h7xx_hal_tim.o(.text.TIM_Base_SetConfig)
    [Anonymous Symbol]                       0x08005284   Section        0  stm32h7xx_hal_tim.o(.text.TIM_TI1_ConfigInputStage)
    TIM_TI1_ConfigInputStage                 0x08005285   Thumb Code    34  stm32h7xx_hal_tim.o(.text.TIM_TI1_ConfigInputStage)
    [Anonymous Symbol]                       0x080052a6   Section        0  stm32h7xx_hal_tim.o(.text.TIM_TI2_ConfigInputStage)
    TIM_TI2_ConfigInputStage                 0x080052a7   Thumb Code    34  stm32h7xx_hal_tim.o(.text.TIM_TI2_ConfigInputStage)
    [Anonymous Symbol]                       0x080052c8   Section        0  stm32h7xx_hal_uart.o(.text.UART_AdvFeatureConfig)
    [Anonymous Symbol]                       0x0800539c   Section        0  stm32h7xx_hal_uart.o(.text.UART_CheckIdleState)
    __arm_cp.4_0                             0x08005400   Number         4  stm32h7xx_hal_uart.o(.text.UART_CheckIdleState)
    [Anonymous Symbol]                       0x08005404   Section        0  stm32h7xx_hal_uart.o(.text.UART_SetConfig)
    __arm_cp.2_28                            0x0800568c   Number         4  stm32h7xx_hal_uart.o(.text.UART_SetConfig)
    __arm_cp.2_29                            0x08005690   Number         4  stm32h7xx_hal_uart.o(.text.UART_SetConfig)
    __arm_cp.2_30                            0x08005694   Number         4  stm32h7xx_hal_uart.o(.text.UART_SetConfig)
    __arm_cp.2_31                            0x08005698   Number         4  stm32h7xx_hal_uart.o(.text.UART_SetConfig)
    __arm_cp.2_32                            0x0800569c   Number         4  stm32h7xx_hal_uart.o(.text.UART_SetConfig)
    __arm_cp.2_33                            0x080056a0   Number         4  stm32h7xx_hal_uart.o(.text.UART_SetConfig)
    __arm_cp.2_34                            0x080056a4   Number         4  stm32h7xx_hal_uart.o(.text.UART_SetConfig)
    __arm_cp.2_35                            0x080056a8   Number         4  stm32h7xx_hal_uart.o(.text.UART_SetConfig)
    __arm_cp.2_36                            0x080056ac   Number         4  stm32h7xx_hal_uart.o(.text.UART_SetConfig)
    __arm_cp.2_37                            0x080056b0   Number         4  stm32h7xx_hal_uart.o(.text.UART_SetConfig)
    __arm_cp.2_38                            0x080056b4   Number         4  stm32h7xx_hal_uart.o(.text.UART_SetConfig)
    __arm_cp.2_39                            0x080056b8   Number         4  stm32h7xx_hal_uart.o(.text.UART_SetConfig)
    __arm_cp.2_40                            0x080056bc   Number         4  stm32h7xx_hal_uart.o(.text.UART_SetConfig)
    __arm_cp.2_13                            0x080058f0   Number         4  stm32h7xx_hal_uart.o(.text.UART_SetConfig)
    __arm_cp.2_14                            0x080058f4   Number         4  stm32h7xx_hal_uart.o(.text.UART_SetConfig)
    __arm_cp.2_15                            0x080058f8   Number         4  stm32h7xx_hal_uart.o(.text.UART_SetConfig)
    __arm_cp.2_16                            0x080058fc   Number         4  stm32h7xx_hal_uart.o(.text.UART_SetConfig)
    [Anonymous Symbol]                       0x08005900   Section        0  stm32h7xx_hal_uart.o(.text.UART_WaitOnFlagUntilTimeout)
    [Anonymous Symbol]                       0x0800596c   Section        0  stm32h7xx_it.o(.text.UsageFault_Handler)
    [Anonymous Symbol]                       0x08005970   Section        0  stm32h7xx_hal_cortex.o(.text.__NVIC_SetPriority)
    __NVIC_SetPriority                       0x08005971   Thumb Code    36  stm32h7xx_hal_cortex.o(.text.__NVIC_SetPriority)
    __arm_cp.2_0                             0x0800598c   Number         4  stm32h7xx_hal_cortex.o(.text.__NVIC_SetPriority)
    __arm_cp.2_1                             0x08005990   Number         4  stm32h7xx_hal_cortex.o(.text.__NVIC_SetPriority)
    [Anonymous Symbol]                       0x08005994   Section        0  dac_gen.o(.text.dac_gomid)
    __arm_cp.0_0                             0x080059bc   Number         4  dac_gen.o(.text.dac_gomid)
    [Anonymous Symbol]                       0x080059c0   Section        0  dac_gen.o(.text.dac_plot_countinue)
    __arm_cp.3_1                             0x08005aa8   Number         4  dac_gen.o(.text.dac_plot_countinue)
    [Anonymous Symbol]                       0x08005aac   Section        0  fft.o(.text.fast_rfft_64)
    [Anonymous Symbol]                       0x08005afc   Section        0  main.o(.text.fputc)
    __arm_cp.1_0                             0x08005b18   Number         4  main.o(.text.fputc)
    [Anonymous Symbol]                       0x08005b20   Section        0  dac_gen.o(.text.han_win)
    [Anonymous Symbol]                       0x08005ba0   Section        0  main.o(.text.main)
    __arm_cp.4_0                             0x08005c68   Number         4  main.o(.text.main)
    __arm_cp.4_1                             0x08005c6c   Number         4  main.o(.text.main)
    __arm_cp.4_2                             0x08005c70   Number         4  main.o(.text.main)
    __arm_cp.4_4                             0x08005c74   Number         4  main.o(.text.main)
    __arm_cp.4_5                             0x08005c78   Number         4  main.o(.text.main)
    __arm_cp.4_6                             0x08005c7c   Number         4  main.o(.text.main)
    __arm_cp.4_7                             0x08005c80   Number         4  main.o(.text.main)
    __arm_cp.4_8                             0x08005c84   Number         4  main.o(.text.main)
    __arm_cp.4_9                             0x08005c88   Number         4  main.o(.text.main)
    __arm_cp.4_10                            0x08005c8c   Number         4  main.o(.text.main)
    __arm_cp.4_11                            0x08005c90   Number         4  main.o(.text.main)
    __arm_cp.4_12                            0x08005c94   Number         4  main.o(.text.main)
    i.__0printf                              0x08005ca0   Section        0  printfa.o(i.__0printf)
    i.__ARM_fpclassify                       0x08005cc0   Section        0  fpclassify.o(i.__ARM_fpclassify)
    i.__hardfp_cos                           0x08005cf0   Section        0  cos.o(i.__hardfp_cos)
    i.__hardfp_sin                           0x08005da0   Section        0  sin.o(i.__hardfp_sin)
    i.__ieee754_rem_pio2                     0x08005e50   Section        0  rred.o(i.__ieee754_rem_pio2)
    i.__kernel_cos                           0x08006158   Section        0  cos_i.o(i.__kernel_cos)
    i.__kernel_poly                          0x0800621c   Section        0  poly.o(i.__kernel_poly)
    i.__kernel_sin                           0x08006290   Section        0  sin_i.o(i.__kernel_sin)
    i.__mathlib_dbl_invalid                  0x08006330   Section        0  dunder.o(i.__mathlib_dbl_invalid)
    i.__mathlib_dbl_underflow                0x08006348   Section        0  dunder.o(i.__mathlib_dbl_underflow)
    i.__scatterload_copy                     0x08006360   Section       14  handlers.o(i.__scatterload_copy)
    i.__scatterload_null                     0x0800636e   Section        2  handlers.o(i.__scatterload_null)
    i.__scatterload_zeroinit                 0x08006370   Section       14  handlers.o(i.__scatterload_zeroinit)
    i.__set_errno                            0x08006380   Section        0  errno.o(i.__set_errno)
    i._fp_digits                             0x0800638c   Section        0  printfa.o(i._fp_digits)
    _fp_digits                               0x0800638d   Thumb Code   366  printfa.o(i._fp_digits)
    i._printf_core                           0x08006510   Section        0  printfa.o(i._printf_core)
    _printf_core                             0x08006511   Thumb Code  1744  printfa.o(i._printf_core)
    i._printf_post_padding                   0x08006bec   Section        0  printfa.o(i._printf_post_padding)
    _printf_post_padding                     0x08006bed   Thumb Code    36  printfa.o(i._printf_post_padding)
    i._printf_pre_padding                    0x08006c10   Section        0  printfa.o(i._printf_pre_padding)
    _printf_pre_padding                      0x08006c11   Thumb Code    46  printfa.o(i._printf_pre_padding)
    i.fabs                                   0x08006c3e   Section        0  fabs.o(i.fabs)
    .constdata                               0x08006c58   Section      128  arm_common_tables.o(.constdata)
    .constdata                               0x08006cd8   Section      256  arm_common_tables.o(.constdata)
    .constdata                               0x08006dd8   Section      512  arm_common_tables.o(.constdata)
    .constdata                               0x08006fd8   Section     1024  arm_common_tables.o(.constdata)
    .constdata                               0x080073d8   Section     2048  arm_common_tables.o(.constdata)
    .constdata                               0x08007bd8   Section     4096  arm_common_tables.o(.constdata)
    .constdata                               0x08008bd8   Section     8192  arm_common_tables.o(.constdata)
    .constdata                               0x0800abd8   Section    16384  arm_common_tables.o(.constdata)
    .constdata                               0x0800ebd8   Section       40  arm_common_tables.o(.constdata)
    .constdata                               0x0800ec00   Section       96  arm_common_tables.o(.constdata)
    .constdata                               0x0800ec60   Section      112  arm_common_tables.o(.constdata)
    .constdata                               0x0800ecd0   Section      416  arm_common_tables.o(.constdata)
    .constdata                               0x0800ee70   Section      880  arm_common_tables.o(.constdata)
    .constdata                               0x0800f1e0   Section      896  arm_common_tables.o(.constdata)
    .constdata                               0x0800f560   Section     3600  arm_common_tables.o(.constdata)
    .constdata                               0x08010370   Section     7616  arm_common_tables.o(.constdata)
    .constdata                               0x08012130   Section      128  arm_common_tables.o(.constdata)
    .constdata                               0x080121b0   Section      256  arm_common_tables.o(.constdata)
    .constdata                               0x080122b0   Section      512  arm_common_tables.o(.constdata)
    .constdata                               0x080124b0   Section     1024  arm_common_tables.o(.constdata)
    .constdata                               0x080128b0   Section     2048  arm_common_tables.o(.constdata)
    .constdata                               0x080130b0   Section     4096  arm_common_tables.o(.constdata)
    .constdata                               0x080140b0   Section     8192  arm_common_tables.o(.constdata)
    .constdata                               0x080160b0   Section    16384  arm_common_tables.o(.constdata)
    .constdata                               0x0801a0b0   Section       48  cos_i.o(.constdata)
    C                                        0x0801a0b0   Data          48  cos_i.o(.constdata)
    .constdata                               0x0801a0e0   Section      200  rred.o(.constdata)
    pio2s                                    0x0801a0e0   Data          48  rred.o(.constdata)
    twooverpi                                0x0801a110   Data         152  rred.o(.constdata)
    .constdata                               0x0801a1a8   Section       40  sin_i.o(.constdata)
    S                                        0x0801a1a8   Data          40  sin_i.o(.constdata)
    [Anonymous Symbol]                       0x0801a1e0   Section        0  stm32h7xx_hal_uart.o(.rodata.UARTPrescTable)
    UARTPrescTable                           0x0801a1e0   Data          24  stm32h7xx_hal_uart.o(.rodata.UARTPrescTable)
    .data                                    0x24000000   Section        4  stdout.o(.data)
    .data                                    0x24000004   Section        4  errno.o(.data)
    _errno                                   0x24000004   Data           4  errno.o(.data)
    [Anonymous Symbol]                       0x24000008   Section        0  stm32h7xx_hal.o(.data..L_MergedGlobals)
    uwTickFreq                               0x24000008   Data           1  stm32h7xx_hal.o(.data..L_MergedGlobals)
    uwTickPrio                               0x2400000c   Data           4  stm32h7xx_hal.o(.data..L_MergedGlobals)
    [Anonymous Symbol]                       0x24000874   Section        0  stm32h7xx_hal.o(.bss.uwTick)
    uwTick                                   0x24000874   Data           4  stm32h7xx_hal.o(.bss.uwTick)
    STACK                                    0x24000878   Section     1024  startup_stm32h743xx.o(STACK)

    Global Symbols

    Symbol Name                              Value     Ov Type        Size  Object(Section)

    BuildAttributes$$THM_ISAv4$E$P$D$K$B$S$7EM$VFPv5_D16$PE$PLD8$A:L22UL41UL21$X:L11$S22US41US21$IEEE1$IW$~IW$USESV6$~STKCKD$USESV7$~SHL$OTIME$ROPI$IEEEX$EBA8$MICROLIB$REQ8$PRES8$EABIv2 0x00000000   Number         0  anon$$obj.o ABSOLUTE
    _printf_a                                0x00000000   Number         0  stubs.o ABSOLUTE
    _printf_c                                0x00000000   Number         0  stubs.o ABSOLUTE
    _printf_charcount                        0x00000000   Number         0  stubs.o ABSOLUTE
    _printf_d                                0x00000000   Number         0  stubs.o ABSOLUTE
    _printf_e                                0x00000000   Number         0  stubs.o ABSOLUTE
    _printf_f                                0x00000000   Number         0  stubs.o ABSOLUTE
    _printf_flags                            0x00000000   Number         0  stubs.o ABSOLUTE
    _printf_fp_dec                           0x00000000   Number         0  stubs.o ABSOLUTE
    _printf_fp_hex                           0x00000000   Number         0  stubs.o ABSOLUTE
    _printf_g                                0x00000000   Number         0  stubs.o ABSOLUTE
    _printf_i                                0x00000000   Number         0  stubs.o ABSOLUTE
    _printf_int_dec                          0x00000000   Number         0  stubs.o ABSOLUTE
    _printf_l                                0x00000000   Number         0  stubs.o ABSOLUTE
    _printf_lc                               0x00000000   Number         0  stubs.o ABSOLUTE
    _printf_ll                               0x00000000   Number         0  stubs.o ABSOLUTE
    _printf_lld                              0x00000000   Number         0  stubs.o ABSOLUTE
    _printf_lli                              0x00000000   Number         0  stubs.o ABSOLUTE
    _printf_llo                              0x00000000   Number         0  stubs.o ABSOLUTE
    _printf_llu                              0x00000000   Number         0  stubs.o ABSOLUTE
    _printf_llx                              0x00000000   Number         0  stubs.o ABSOLUTE
    _printf_longlong_dec                     0x00000000   Number         0  stubs.o ABSOLUTE
    _printf_longlong_hex                     0x00000000   Number         0  stubs.o ABSOLUTE
    _printf_longlong_oct                     0x00000000   Number         0  stubs.o ABSOLUTE
    _printf_ls                               0x00000000   Number         0  stubs.o ABSOLUTE
    _printf_mbtowc                           0x00000000   Number         0  stubs.o ABSOLUTE
    _printf_n                                0x00000000   Number         0  stubs.o ABSOLUTE
    _printf_o                                0x00000000   Number         0  stubs.o ABSOLUTE
    _printf_p                                0x00000000   Number         0  stubs.o ABSOLUTE
    _printf_percent                          0x00000000   Number         0  stubs.o ABSOLUTE
    _printf_pre_padding                      0x00000000   Number         0  stubs.o ABSOLUTE
    _printf_return_value                     0x00000000   Number         0  stubs.o ABSOLUTE
    _printf_s                                0x00000000   Number         0  stubs.o ABSOLUTE
    _printf_sizespec                         0x00000000   Number         0  stubs.o ABSOLUTE
    _printf_str                              0x00000000   Number         0  stubs.o ABSOLUTE
    _printf_truncate_signed                  0x00000000   Number         0  stubs.o ABSOLUTE
    _printf_truncate_unsigned                0x00000000   Number         0  stubs.o ABSOLUTE
    _printf_u                                0x00000000   Number         0  stubs.o ABSOLUTE
    _printf_wc                               0x00000000   Number         0  stubs.o ABSOLUTE
    _printf_wctomb                           0x00000000   Number         0  stubs.o ABSOLUTE
    _printf_widthprec                        0x00000000   Number         0  stubs.o ABSOLUTE
    _printf_x                                0x00000000   Number         0  stubs.o ABSOLUTE
    __cpp_initialize__aeabi_                  - Undefined Weak Reference
    __cxa_finalize                            - Undefined Weak Reference
    __decompress                              - Undefined Weak Reference
    _clock_init                               - Undefined Weak Reference
    _microlib_exit                            - Undefined Weak Reference
    __Vectors_Size                           0x00000298   Number         0  startup_stm32h743xx.o ABSOLUTE
    __Vectors                                0x08000000   Data           4  startup_stm32h743xx.o(RESET)
    __Vectors_End                            0x08000298   Data           0  startup_stm32h743xx.o(RESET)
    arm_bitreversal_32                       0x08000299   Thumb Code   106  arm_bitreversal2.o(. text)
    arm_bitreversal_16                       0x08000303   Thumb Code    86  arm_bitreversal2.o(. text)
    __main                                   0x08000359   Thumb Code     0  entry.o(.ARM.Collect$$$$00000000)
    _main_stk                                0x08000359   Thumb Code     0  entry2.o(.ARM.Collect$$$$00000001)
    _main_scatterload                        0x0800035d   Thumb Code     0  entry5.o(.ARM.Collect$$$$00000004)
    __main_after_scatterload                 0x08000361   Thumb Code     0  entry5.o(.ARM.Collect$$$$00000004)
    _main_clock                              0x08000361   Thumb Code     0  entry7b.o(.ARM.Collect$$$$00000008)
    _main_cpp_init                           0x08000361   Thumb Code     0  entry8b.o(.ARM.Collect$$$$0000000A)
    _main_init                               0x08000361   Thumb Code     0  entry9a.o(.ARM.Collect$$$$0000000B)
    __rt_final_cpp                           0x08000369   Thumb Code     0  entry10a.o(.ARM.Collect$$$$0000000D)
    __rt_final_exit                          0x08000369   Thumb Code     0  entry11a.o(.ARM.Collect$$$$0000000F)
    Reset_Handler                            0x0800036d   Thumb Code     8  startup_stm32h743xx.o(.text)
    ADC3_IRQHandler                          0x08000387   Thumb Code     0  startup_stm32h743xx.o(.text)
    BDMA_Channel0_IRQHandler                 0x08000387   Thumb Code     0  startup_stm32h743xx.o(.text)
    BDMA_Channel1_IRQHandler                 0x08000387   Thumb Code     0  startup_stm32h743xx.o(.text)
    BDMA_Channel2_IRQHandler                 0x08000387   Thumb Code     0  startup_stm32h743xx.o(.text)
    BDMA_Channel3_IRQHandler                 0x08000387   Thumb Code     0  startup_stm32h743xx.o(.text)
    BDMA_Channel4_IRQHandler                 0x08000387   Thumb Code     0  startup_stm32h743xx.o(.text)
    BDMA_Channel5_IRQHandler                 0x08000387   Thumb Code     0  startup_stm32h743xx.o(.text)
    BDMA_Channel6_IRQHandler                 0x08000387   Thumb Code     0  startup_stm32h743xx.o(.text)
    BDMA_Channel7_IRQHandler                 0x08000387   Thumb Code     0  startup_stm32h743xx.o(.text)
    CEC_IRQHandler                           0x08000387   Thumb Code     0  startup_stm32h743xx.o(.text)
    COMP1_IRQHandler                         0x08000387   Thumb Code     0  startup_stm32h743xx.o(.text)
    CRS_IRQHandler                           0x08000387   Thumb Code     0  startup_stm32h743xx.o(.text)
    DCMI_IRQHandler                          0x08000387   Thumb Code     0  startup_stm32h743xx.o(.text)
    DFSDM1_FLT0_IRQHandler                   0x08000387   Thumb Code     0  startup_stm32h743xx.o(.text)
    DFSDM1_FLT1_IRQHandler                   0x08000387   Thumb Code     0  startup_stm32h743xx.o(.text)
    DFSDM1_FLT2_IRQHandler                   0x08000387   Thumb Code     0  startup_stm32h743xx.o(.text)
    DFSDM1_FLT3_IRQHandler                   0x08000387   Thumb Code     0  startup_stm32h743xx.o(.text)
    DMA1_Stream0_IRQHandler                  0x08000387   Thumb Code     0  startup_stm32h743xx.o(.text)
    DMA1_Stream3_IRQHandler                  0x08000387   Thumb Code     0  startup_stm32h743xx.o(.text)
    DMA1_Stream4_IRQHandler                  0x08000387   Thumb Code     0  startup_stm32h743xx.o(.text)
    DMA1_Stream5_IRQHandler                  0x08000387   Thumb Code     0  startup_stm32h743xx.o(.text)
    DMA1_Stream6_IRQHandler                  0x08000387   Thumb Code     0  startup_stm32h743xx.o(.text)
    DMA1_Stream7_IRQHandler                  0x08000387   Thumb Code     0  startup_stm32h743xx.o(.text)
    DMA2D_IRQHandler                         0x08000387   Thumb Code     0  startup_stm32h743xx.o(.text)
    DMA2_Stream0_IRQHandler                  0x08000387   Thumb Code     0  startup_stm32h743xx.o(.text)
    DMA2_Stream1_IRQHandler                  0x08000387   Thumb Code     0  startup_stm32h743xx.o(.text)
    DMA2_Stream2_IRQHandler                  0x08000387   Thumb Code     0  startup_stm32h743xx.o(.text)
    DMA2_Stream3_IRQHandler                  0x08000387   Thumb Code     0  startup_stm32h743xx.o(.text)
    DMA2_Stream4_IRQHandler                  0x08000387   Thumb Code     0  startup_stm32h743xx.o(.text)
    DMA2_Stream5_IRQHandler                  0x08000387   Thumb Code     0  startup_stm32h743xx.o(.text)
    DMA2_Stream6_IRQHandler                  0x08000387   Thumb Code     0  startup_stm32h743xx.o(.text)
    DMA2_Stream7_IRQHandler                  0x08000387   Thumb Code     0  startup_stm32h743xx.o(.text)
    DMAMUX1_OVR_IRQHandler                   0x08000387   Thumb Code     0  startup_stm32h743xx.o(.text)
    DMAMUX2_OVR_IRQHandler                   0x08000387   Thumb Code     0  startup_stm32h743xx.o(.text)
    ETH_IRQHandler                           0x08000387   Thumb Code     0  startup_stm32h743xx.o(.text)
    ETH_WKUP_IRQHandler                      0x08000387   Thumb Code     0  startup_stm32h743xx.o(.text)
    EXTI0_IRQHandler                         0x08000387   Thumb Code     0  startup_stm32h743xx.o(.text)
    EXTI1_IRQHandler                         0x08000387   Thumb Code     0  startup_stm32h743xx.o(.text)
    EXTI2_IRQHandler                         0x08000387   Thumb Code     0  startup_stm32h743xx.o(.text)
    EXTI3_IRQHandler                         0x08000387   Thumb Code     0  startup_stm32h743xx.o(.text)
    EXTI4_IRQHandler                         0x08000387   Thumb Code     0  startup_stm32h743xx.o(.text)
    EXTI9_5_IRQHandler                       0x08000387   Thumb Code     0  startup_stm32h743xx.o(.text)
    FDCAN1_IT0_IRQHandler                    0x08000387   Thumb Code     0  startup_stm32h743xx.o(.text)
    FDCAN1_IT1_IRQHandler                    0x08000387   Thumb Code     0  startup_stm32h743xx.o(.text)
    FDCAN2_IT0_IRQHandler                    0x08000387   Thumb Code     0  startup_stm32h743xx.o(.text)
    FDCAN2_IT1_IRQHandler                    0x08000387   Thumb Code     0  startup_stm32h743xx.o(.text)
    FDCAN_CAL_IRQHandler                     0x08000387   Thumb Code     0  startup_stm32h743xx.o(.text)
    FLASH_IRQHandler                         0x08000387   Thumb Code     0  startup_stm32h743xx.o(.text)
    FMC_IRQHandler                           0x08000387   Thumb Code     0  startup_stm32h743xx.o(.text)
    FPU_IRQHandler                           0x08000387   Thumb Code     0  startup_stm32h743xx.o(.text)
    HRTIM1_FLT_IRQHandler                    0x08000387   Thumb Code     0  startup_stm32h743xx.o(.text)
    HRTIM1_Master_IRQHandler                 0x08000387   Thumb Code     0  startup_stm32h743xx.o(.text)
    HRTIM1_TIMA_IRQHandler                   0x08000387   Thumb Code     0  startup_stm32h743xx.o(.text)
    HRTIM1_TIMB_IRQHandler                   0x08000387   Thumb Code     0  startup_stm32h743xx.o(.text)
    HRTIM1_TIMC_IRQHandler                   0x08000387   Thumb Code     0  startup_stm32h743xx.o(.text)
    HRTIM1_TIMD_IRQHandler                   0x08000387   Thumb Code     0  startup_stm32h743xx.o(.text)
    HRTIM1_TIME_IRQHandler                   0x08000387   Thumb Code     0  startup_stm32h743xx.o(.text)
    HSEM1_IRQHandler                         0x08000387   Thumb Code     0  startup_stm32h743xx.o(.text)
    I2C1_ER_IRQHandler                       0x08000387   Thumb Code     0  startup_stm32h743xx.o(.text)
    I2C1_EV_IRQHandler                       0x08000387   Thumb Code     0  startup_stm32h743xx.o(.text)
    I2C2_ER_IRQHandler                       0x08000387   Thumb Code     0  startup_stm32h743xx.o(.text)
    I2C2_EV_IRQHandler                       0x08000387   Thumb Code     0  startup_stm32h743xx.o(.text)
    I2C3_ER_IRQHandler                       0x08000387   Thumb Code     0  startup_stm32h743xx.o(.text)
    I2C3_EV_IRQHandler                       0x08000387   Thumb Code     0  startup_stm32h743xx.o(.text)
    I2C4_ER_IRQHandler                       0x08000387   Thumb Code     0  startup_stm32h743xx.o(.text)
    I2C4_EV_IRQHandler                       0x08000387   Thumb Code     0  startup_stm32h743xx.o(.text)
    JPEG_IRQHandler                          0x08000387   Thumb Code     0  startup_stm32h743xx.o(.text)
    LPTIM1_IRQHandler                        0x08000387   Thumb Code     0  startup_stm32h743xx.o(.text)
    LPTIM2_IRQHandler                        0x08000387   Thumb Code     0  startup_stm32h743xx.o(.text)
    LPTIM3_IRQHandler                        0x08000387   Thumb Code     0  startup_stm32h743xx.o(.text)
    LPTIM4_IRQHandler                        0x08000387   Thumb Code     0  startup_stm32h743xx.o(.text)
    LPTIM5_IRQHandler                        0x08000387   Thumb Code     0  startup_stm32h743xx.o(.text)
    LPUART1_IRQHandler                       0x08000387   Thumb Code     0  startup_stm32h743xx.o(.text)
    LTDC_ER_IRQHandler                       0x08000387   Thumb Code     0  startup_stm32h743xx.o(.text)
    LTDC_IRQHandler                          0x08000387   Thumb Code     0  startup_stm32h743xx.o(.text)
    MDIOS_IRQHandler                         0x08000387   Thumb Code     0  startup_stm32h743xx.o(.text)
    MDIOS_WKUP_IRQHandler                    0x08000387   Thumb Code     0  startup_stm32h743xx.o(.text)
    MDMA_IRQHandler                          0x08000387   Thumb Code     0  startup_stm32h743xx.o(.text)
    OTG_FS_EP1_IN_IRQHandler                 0x08000387   Thumb Code     0  startup_stm32h743xx.o(.text)
    OTG_FS_EP1_OUT_IRQHandler                0x08000387   Thumb Code     0  startup_stm32h743xx.o(.text)
    OTG_FS_IRQHandler                        0x08000387   Thumb Code     0  startup_stm32h743xx.o(.text)
    OTG_FS_WKUP_IRQHandler                   0x08000387   Thumb Code     0  startup_stm32h743xx.o(.text)
    OTG_HS_EP1_IN_IRQHandler                 0x08000387   Thumb Code     0  startup_stm32h743xx.o(.text)
    OTG_HS_EP1_OUT_IRQHandler                0x08000387   Thumb Code     0  startup_stm32h743xx.o(.text)
    OTG_HS_IRQHandler                        0x08000387   Thumb Code     0  startup_stm32h743xx.o(.text)
    OTG_HS_WKUP_IRQHandler                   0x08000387   Thumb Code     0  startup_stm32h743xx.o(.text)
    PVD_AVD_IRQHandler                       0x08000387   Thumb Code     0  startup_stm32h743xx.o(.text)
    QUADSPI_IRQHandler                       0x08000387   Thumb Code     0  startup_stm32h743xx.o(.text)
    RCC_IRQHandler                           0x08000387   Thumb Code     0  startup_stm32h743xx.o(.text)
    RNG_IRQHandler                           0x08000387   Thumb Code     0  startup_stm32h743xx.o(.text)
    RTC_Alarm_IRQHandler                     0x08000387   Thumb Code     0  startup_stm32h743xx.o(.text)
    RTC_WKUP_IRQHandler                      0x08000387   Thumb Code     0  startup_stm32h743xx.o(.text)
    SAI1_IRQHandler                          0x08000387   Thumb Code     0  startup_stm32h743xx.o(.text)
    SAI2_IRQHandler                          0x08000387   Thumb Code     0  startup_stm32h743xx.o(.text)
    SAI3_IRQHandler                          0x08000387   Thumb Code     0  startup_stm32h743xx.o(.text)
    SAI4_IRQHandler                          0x08000387   Thumb Code     0  startup_stm32h743xx.o(.text)
    SDMMC1_IRQHandler                        0x08000387   Thumb Code     0  startup_stm32h743xx.o(.text)
    SDMMC2_IRQHandler                        0x08000387   Thumb Code     0  startup_stm32h743xx.o(.text)
    SPDIF_RX_IRQHandler                      0x08000387   Thumb Code     0  startup_stm32h743xx.o(.text)
    SPI1_IRQHandler                          0x08000387   Thumb Code     0  startup_stm32h743xx.o(.text)
    SPI2_IRQHandler                          0x08000387   Thumb Code     0  startup_stm32h743xx.o(.text)
    SPI3_IRQHandler                          0x08000387   Thumb Code     0  startup_stm32h743xx.o(.text)
    SPI4_IRQHandler                          0x08000387   Thumb Code     0  startup_stm32h743xx.o(.text)
    SPI5_IRQHandler                          0x08000387   Thumb Code     0  startup_stm32h743xx.o(.text)
    SPI6_IRQHandler                          0x08000387   Thumb Code     0  startup_stm32h743xx.o(.text)
    SWPMI1_IRQHandler                        0x08000387   Thumb Code     0  startup_stm32h743xx.o(.text)
    TAMP_STAMP_IRQHandler                    0x08000387   Thumb Code     0  startup_stm32h743xx.o(.text)
    TIM15_IRQHandler                         0x08000387   Thumb Code     0  startup_stm32h743xx.o(.text)
    TIM16_IRQHandler                         0x08000387   Thumb Code     0  startup_stm32h743xx.o(.text)
    TIM17_IRQHandler                         0x08000387   Thumb Code     0  startup_stm32h743xx.o(.text)
    TIM1_BRK_IRQHandler                      0x08000387   Thumb Code     0  startup_stm32h743xx.o(.text)
    TIM1_CC_IRQHandler                       0x08000387   Thumb Code     0  startup_stm32h743xx.o(.text)
    TIM1_TRG_COM_IRQHandler                  0x08000387   Thumb Code     0  startup_stm32h743xx.o(.text)
    TIM1_UP_IRQHandler                       0x08000387   Thumb Code     0  startup_stm32h743xx.o(.text)
    TIM2_IRQHandler                          0x08000387   Thumb Code     0  startup_stm32h743xx.o(.text)
    TIM3_IRQHandler                          0x08000387   Thumb Code     0  startup_stm32h743xx.o(.text)
    TIM4_IRQHandler                          0x08000387   Thumb Code     0  startup_stm32h743xx.o(.text)
    TIM5_IRQHandler                          0x08000387   Thumb Code     0  startup_stm32h743xx.o(.text)
    TIM6_DAC_IRQHandler                      0x08000387   Thumb Code     0  startup_stm32h743xx.o(.text)
    TIM7_IRQHandler                          0x08000387   Thumb Code     0  startup_stm32h743xx.o(.text)
    TIM8_BRK_TIM12_IRQHandler                0x08000387   Thumb Code     0  startup_stm32h743xx.o(.text)
    TIM8_CC_IRQHandler                       0x08000387   Thumb Code     0  startup_stm32h743xx.o(.text)
    TIM8_TRG_COM_TIM14_IRQHandler            0x08000387   Thumb Code     0  startup_stm32h743xx.o(.text)
    TIM8_UP_TIM13_IRQHandler                 0x08000387   Thumb Code     0  startup_stm32h743xx.o(.text)
    UART4_IRQHandler                         0x08000387   Thumb Code     0  startup_stm32h743xx.o(.text)
    UART5_IRQHandler                         0x08000387   Thumb Code     0  startup_stm32h743xx.o(.text)
    UART7_IRQHandler                         0x08000387   Thumb Code     0  startup_stm32h743xx.o(.text)
    UART8_IRQHandler                         0x08000387   Thumb Code     0  startup_stm32h743xx.o(.text)
    USART1_IRQHandler                        0x08000387   Thumb Code     0  startup_stm32h743xx.o(.text)
    USART2_IRQHandler                        0x08000387   Thumb Code     0  startup_stm32h743xx.o(.text)
    USART3_IRQHandler                        0x08000387   Thumb Code     0  startup_stm32h743xx.o(.text)
    USART6_IRQHandler                        0x08000387   Thumb Code     0  startup_stm32h743xx.o(.text)
    WAKEUP_PIN_IRQHandler                    0x08000387   Thumb Code     0  startup_stm32h743xx.o(.text)
    WWDG_IRQHandler                          0x08000387   Thumb Code     0  startup_stm32h743xx.o(.text)
    arm_cmplx_mag_f32                        0x08000391   Thumb Code   250  arm_cmplx_mag_f32.o(.text)
    stage_rfft_f32                           0x08000491   Thumb Code   170  arm_rfft_fast_f32.o(.text)
    merge_rfft_f32                           0x0800053b   Thumb Code   168  arm_rfft_fast_f32.o(.text)
    arm_rfft_fast_f32                        0x080005e3   Thumb Code    66  arm_rfft_fast_f32.o(.text)
    arm_rfft_fast_init_f32                   0x08000625   Thumb Code   198  arm_rfft_fast_init_f32.o(.text)
    arm_cfft_radix8by2_f32                   0x0800074d   Thumb Code   418  arm_cfft_f32.o(.text)
    arm_cfft_radix8by4_f32                   0x080008ef   Thumb Code  1118  arm_cfft_f32.o(.text)
    arm_cfft_f32                             0x08000d4d   Thumb Code   336  arm_cfft_f32.o(.text)
    arm_radix8_butterfly_f32                 0x08000e9d   Thumb Code  1226  arm_cfft_radix8_f32.o(.text)
    __aeabi_uldivmod                         0x08001367   Thumb Code    98  uldiv.o(.text)
    __aeabi_memset                           0x080013c9   Thumb Code    14  memseta.o(.text)
    __aeabi_memset4                          0x080013c9   Thumb Code     0  memseta.o(.text)
    __aeabi_memset8                          0x080013c9   Thumb Code     0  memseta.o(.text)
    __aeabi_memclr                           0x080013d7   Thumb Code     4  memseta.o(.text)
    __aeabi_memclr4                          0x080013d7   Thumb Code     0  memseta.o(.text)
    __aeabi_memclr8                          0x080013d7   Thumb Code     0  memseta.o(.text)
    _memset$wrapper                          0x080013db   Thumb Code    18  memseta.o(.text)
    __aeabi_uidiv                            0x080013ed   Thumb Code     0  uidiv.o(.text)
    __aeabi_uidivmod                         0x080013ed   Thumb Code    44  uidiv.o(.text)
    __aeabi_llsl                             0x08001419   Thumb Code    30  llshl.o(.text)
    _ll_shift_l                              0x08001419   Thumb Code     0  llshl.o(.text)
    __aeabi_llsr                             0x08001437   Thumb Code    32  llushr.o(.text)
    _ll_ushift_r                             0x08001437   Thumb Code     0  llushr.o(.text)
    __I$use$fp                               0x08001457   Thumb Code     0  iusefp.o(.text)
    __aeabi_dadd                             0x08001457   Thumb Code   322  dadd.o(.text)
    __aeabi_dsub                             0x08001599   Thumb Code     6  dadd.o(.text)
    __aeabi_drsub                            0x0800159f   Thumb Code     6  dadd.o(.text)
    __aeabi_dmul                             0x080015a5   Thumb Code   228  dmul.o(.text)
    __aeabi_ddiv                             0x08001689   Thumb Code   222  ddiv.o(.text)
    __aeabi_d2ulz                            0x08001767   Thumb Code    48  dfixul.o(.text)
    __aeabi_cdrcmple                         0x08001799   Thumb Code    48  cdrcmple.o(.text)
    __scatterload                            0x080017c9   Thumb Code    28  init.o(.text)
    __scatterload_rt2                        0x080017c9   Thumb Code     0  init.o(.text)
    __aeabi_lasr                             0x080017ed   Thumb Code    36  llsshr.o(.text)
    _ll_sshift_r                             0x080017ed   Thumb Code     0  llsshr.o(.text)
    _double_round                            0x08001811   Thumb Code    30  depilogue.o(.text)
    _double_epilogue                         0x0800182f   Thumb Code   156  depilogue.o(.text)
    ADC_ConversionStop                       0x080018cd   Thumb Code   192  stm32h7xx_hal_adc.o(.text.ADC_ConversionStop)
    ADC_DMAConvCplt                          0x0800198d   Thumb Code    92  stm32h7xx_hal_adc.o(.text.ADC_DMAConvCplt)
    ADC_DMAError                             0x080019e9   Thumb Code    22  stm32h7xx_hal_adc.o(.text.ADC_DMAError)
    ADC_DMAHalfConvCplt                      0x080019ff   Thumb Code     6  stm32h7xx_hal_adc.o(.text.ADC_DMAHalfConvCplt)
    ADC_Disable                              0x08001a05   Thumb Code    96  stm32h7xx_hal_adc.o(.text.ADC_Disable)
    ADC_Enable                               0x08001a65   Thumb Code   104  stm32h7xx_hal_adc.o(.text.ADC_Enable)
    ADC_IRQHandler                           0x08001acd   Thumb Code    12  stm32h7xx_it.o(.text.ADC_IRQHandler)
    BusFault_Handler                         0x08001ad9   Thumb Code     2  stm32h7xx_it.o(.text.BusFault_Handler)
    DAC_DMAConvCpltCh2                       0x08001aeb   Thumb Code    16  stm32h7xx_hal_dac_ex.o(.text.DAC_DMAConvCpltCh2)
    DAC_DMAErrorCh2                          0x08001b13   Thumb Code    24  stm32h7xx_hal_dac_ex.o(.text.DAC_DMAErrorCh2)
    DAC_DMAHalfConvCpltCh2                   0x08001b31   Thumb Code     6  stm32h7xx_hal_dac_ex.o(.text.DAC_DMAHalfConvCpltCh2)
    DMA1_Stream1_IRQHandler                  0x08001b39   Thumb Code    12  stm32h7xx_it.o(.text.DMA1_Stream1_IRQHandler)
    DMA1_Stream2_IRQHandler                  0x08001b45   Thumb Code    12  stm32h7xx_it.o(.text.DMA1_Stream2_IRQHandler)
    DebugMon_Handler                         0x08001ca9   Thumb Code     2  stm32h7xx_it.o(.text.DebugMon_Handler)
    EXTI15_10_IRQHandler                     0x08001cab   Thumb Code     8  stm32h7xx_it.o(.text.EXTI15_10_IRQHandler)
    Error_Handler                            0x08001cb3   Thumb Code     2  main.o(.text.Error_Handler)
    HAL_ADCEx_Calibration_Start              0x08001cb5   Thumb Code   138  stm32h7xx_hal_adc_ex.o(.text.HAL_ADCEx_Calibration_Start)
    HAL_ADCEx_EndOfSamplingCallback          0x08001d3f   Thumb Code     2  stm32h7xx_hal_adc_ex.o(.text.HAL_ADCEx_EndOfSamplingCallback)
    HAL_ADCEx_InjectedConvCpltCallback       0x08001d41   Thumb Code     2  stm32h7xx_hal_adc_ex.o(.text.HAL_ADCEx_InjectedConvCpltCallback)
    HAL_ADCEx_InjectedQueueOverflowCallback  0x08001d43   Thumb Code     2  stm32h7xx_hal_adc_ex.o(.text.HAL_ADCEx_InjectedQueueOverflowCallback)
    HAL_ADCEx_LevelOutOfWindow2Callback      0x08001d45   Thumb Code     2  stm32h7xx_hal_adc_ex.o(.text.HAL_ADCEx_LevelOutOfWindow2Callback)
    HAL_ADCEx_LevelOutOfWindow3Callback      0x08001d47   Thumb Code     2  stm32h7xx_hal_adc_ex.o(.text.HAL_ADCEx_LevelOutOfWindow3Callback)
    HAL_ADC_ConfigChannel                    0x08001d49   Thumb Code  1372  stm32h7xx_hal_adc.o(.text.HAL_ADC_ConfigChannel)
    HAL_ADC_ConvCpltCallback                 0x080022a1   Thumb Code     2  stm32h7xx_hal_adc.o(.text.HAL_ADC_ConvCpltCallback)
    HAL_ADC_ConvHalfCpltCallback             0x080022a3   Thumb Code     2  stm32h7xx_hal_adc.o(.text.HAL_ADC_ConvHalfCpltCallback)
    HAL_ADC_ErrorCallback                    0x080022a5   Thumb Code    28  main.o(.text.HAL_ADC_ErrorCallback)
    HAL_ADC_IRQHandler                       0x080022c1   Thumb Code   680  stm32h7xx_hal_adc.o(.text.HAL_ADC_IRQHandler)
    HAL_ADC_Init                             0x08002569   Thumb Code   632  stm32h7xx_hal_adc.o(.text.HAL_ADC_Init)
    HAL_ADC_LevelOutOfWindowCallback         0x080027e1   Thumb Code     2  stm32h7xx_hal_adc.o(.text.HAL_ADC_LevelOutOfWindowCallback)
    HAL_ADC_MspInit                          0x080027e5   Thumb Code   124  adc.o(.text.HAL_ADC_MspInit)
    HAL_ADC_Start_DMA                        0x08002861   Thumb Code   240  stm32h7xx_hal_adc.o(.text.HAL_ADC_Start_DMA)
    HAL_ADC_Stop_DMA                         0x08002951   Thumb Code   112  stm32h7xx_hal_adc.o(.text.HAL_ADC_Stop_DMA)
    HAL_DACEx_ConvCpltCallbackCh2            0x080029c1   Thumb Code     2  stm32h7xx_hal_dac_ex.o(.text.HAL_DACEx_ConvCpltCallbackCh2)
    HAL_DACEx_ConvHalfCpltCallbackCh2        0x080029c3   Thumb Code     2  stm32h7xx_hal_dac_ex.o(.text.HAL_DACEx_ConvHalfCpltCallbackCh2)
    HAL_DACEx_ErrorCallbackCh2               0x080029c5   Thumb Code     2  stm32h7xx_hal_dac_ex.o(.text.HAL_DACEx_ErrorCallbackCh2)
    HAL_DAC_ConfigChannel                    0x080029c9   Thumb Code   252  stm32h7xx_hal_dac.o(.text.HAL_DAC_ConfigChannel)
    HAL_DAC_ConvCpltCallbackCh1              0x08002ac9   Thumb Code   140  dac_gen.o(.text.HAL_DAC_ConvCpltCallbackCh1)
    HAL_DAC_ConvHalfCpltCallbackCh1          0x08002b51   Thumb Code     2  stm32h7xx_hal_dac.o(.text.HAL_DAC_ConvHalfCpltCallbackCh1)
    HAL_DAC_ErrorCallbackCh1                 0x08002b53   Thumb Code     2  stm32h7xx_hal_dac.o(.text.HAL_DAC_ErrorCallbackCh1)
    HAL_DAC_Init                             0x08002b55   Thumb Code    38  stm32h7xx_hal_dac.o(.text.HAL_DAC_Init)
    HAL_DAC_MspInit                          0x08002b7d   Thumb Code   168  dac.o(.text.HAL_DAC_MspInit)
    HAL_DAC_Start_DMA                        0x08002c25   Thumb Code   224  stm32h7xx_hal_dac.o(.text.HAL_DAC_Start_DMA)
    HAL_DMA_Abort                            0x08002d05   Thumb Code   236  stm32h7xx_hal_dma.o(.text.HAL_DMA_Abort)
    HAL_DMA_IRQHandler                       0x08002de5   Thumb Code   732  stm32h7xx_hal_dma.o(.text.HAL_DMA_IRQHandler)
    HAL_DMA_Init                             0x080030c1   Thumb Code   504  stm32h7xx_hal_dma.o(.text.HAL_DMA_Init)
    HAL_DMA_Start_IT                         0x080032b5   Thumb Code   212  stm32h7xx_hal_dma.o(.text.HAL_DMA_Start_IT)
    HAL_Delay                                0x08003389   Thumb Code    36  stm32h7xx_hal.o(.text.HAL_Delay)
    HAL_GPIO_EXTI_Callback                   0x080033a9   Thumb Code    36  main.o(.text.HAL_GPIO_EXTI_Callback)
    HAL_GPIO_EXTI_IRQHandler                 0x080033cd   Thumb Code    20  stm32h7xx_hal_gpio.o(.text.HAL_GPIO_EXTI_IRQHandler)
    HAL_GPIO_Init                            0x080033e1   Thumb Code   392  stm32h7xx_hal_gpio.o(.text.HAL_GPIO_Init)
    HAL_GPIO_TogglePin                       0x08003565   Thumb Code     8  stm32h7xx_hal_gpio.o(.text.HAL_GPIO_TogglePin)
    HAL_GPIO_WritePin                        0x0800356d   Thumb Code    10  stm32h7xx_hal_gpio.o(.text.HAL_GPIO_WritePin)
    HAL_GetTick                              0x08003579   Thumb Code    12  stm32h7xx_hal.o(.text.HAL_GetTick)
    HAL_IncTick                              0x08003581   Thumb Code    24  stm32h7xx_hal.o(.text.HAL_IncTick)
    HAL_Init                                 0x08003595   Thumb Code    28  stm32h7xx_hal.o(.text.HAL_Init)
    HAL_InitTick                             0x080035b1   Thumb Code    64  stm32h7xx_hal.o(.text.HAL_InitTick)
    HAL_MspInit                              0x080035ed   Thumb Code    32  stm32h7xx_hal_msp.o(.text.HAL_MspInit)
    HAL_NVIC_EnableIRQ                       0x0800360d   Thumb Code    28  stm32h7xx_hal_cortex.o(.text.HAL_NVIC_EnableIRQ)
    HAL_NVIC_SetPriority                     0x08003629   Thumb Code    72  stm32h7xx_hal_cortex.o(.text.HAL_NVIC_SetPriority)
    HAL_NVIC_SetPriorityGrouping             0x0800366d   Thumb Code    32  stm32h7xx_hal_cortex.o(.text.HAL_NVIC_SetPriorityGrouping)
    HAL_RCCEx_GetD1SysClockFreq              0x0800368d   Thumb Code    52  stm32h7xx_hal_rcc_ex.o(.text.HAL_RCCEx_GetD1SysClockFreq)
    HAL_RCCEx_GetD3PCLK1Freq                 0x080036bd   Thumb Code    44  stm32h7xx_hal_rcc_ex.o(.text.HAL_RCCEx_GetD3PCLK1Freq)
    HAL_RCCEx_GetPLL2ClockFreq               0x080036e9   Thumb Code   224  stm32h7xx_hal_rcc_ex.o(.text.HAL_RCCEx_GetPLL2ClockFreq)
    HAL_RCCEx_GetPLL3ClockFreq               0x080037c9   Thumb Code   224  stm32h7xx_hal_rcc_ex.o(.text.HAL_RCCEx_GetPLL3ClockFreq)
    HAL_RCCEx_PeriphCLKConfig                0x080038a9   Thumb Code  2008  stm32h7xx_hal_rcc_ex.o(.text.HAL_RCCEx_PeriphCLKConfig)
    HAL_RCC_ClockConfig                      0x08004081   Thumb Code   452  stm32h7xx_hal_rcc.o(.text.HAL_RCC_ClockConfig)
    HAL_RCC_GetHCLKFreq                      0x0800423d   Thumb Code    52  stm32h7xx_hal_rcc.o(.text.HAL_RCC_GetHCLKFreq)
    HAL_RCC_GetPCLK1Freq                     0x0800426d   Thumb Code    44  stm32h7xx_hal_rcc.o(.text.HAL_RCC_GetPCLK1Freq)
    HAL_RCC_GetPCLK2Freq                     0x08004291   Thumb Code    44  stm32h7xx_hal_rcc.o(.text.HAL_RCC_GetPCLK2Freq)
    HAL_RCC_GetSysClockFreq                  0x080042bd   Thumb Code   220  stm32h7xx_hal_rcc.o(.text.HAL_RCC_GetSysClockFreq)
    HAL_RCC_OscConfig                        0x08004399   Thumb Code  1144  stm32h7xx_hal_rcc.o(.text.HAL_RCC_OscConfig)
    HAL_SYSTICK_Config                       0x08004811   Thumb Code    40  stm32h7xx_hal_cortex.o(.text.HAL_SYSTICK_Config)
    HAL_TIMEx_MasterConfigSynchronization    0x08004839   Thumb Code    84  stm32h7xx_hal_tim_ex.o(.text.HAL_TIMEx_MasterConfigSynchronization)
    HAL_TIM_Base_Init                        0x0800488d   Thumb Code    52  stm32h7xx_hal_tim.o(.text.HAL_TIM_Base_Init)
    HAL_TIM_Base_MspInit                     0x080048c1   Thumb Code    76  tim.o(.text.HAL_TIM_Base_MspInit)
    HAL_TIM_Base_Start                       0x0800490d   Thumb Code    26  stm32h7xx_hal_tim.o(.text.HAL_TIM_Base_Start)
    HAL_TIM_ConfigClockSource                0x08004929   Thumb Code   304  stm32h7xx_hal_tim.o(.text.HAL_TIM_ConfigClockSource)
    HAL_UART_Init                            0x08004a59   Thumb Code   100  stm32h7xx_hal_uart.o(.text.HAL_UART_Init)
    HAL_UART_MspInit                         0x08004abd   Thumb Code   104  usart.o(.text.HAL_UART_MspInit)
    HAL_UART_Transmit                        0x08004b1d   Thumb Code   184  stm32h7xx_hal_uart.o(.text.HAL_UART_Transmit)
    HardFault_Handler                        0x08004bd5   Thumb Code     2  stm32h7xx_it.o(.text.HardFault_Handler)
    MX_ADC2_Init                             0x08004bd9   Thumb Code   120  adc.o(.text.MX_ADC2_Init)
    MX_DAC1_Init                             0x08004c51   Thumb Code    72  dac.o(.text.MX_DAC1_Init)
    MX_DMA_Init                              0x08004c99   Thumb Code    64  dma.o(.text.MX_DMA_Init)
    MX_GPIO_Init                             0x08004cd9   Thumb Code   196  gpio.o(.text.MX_GPIO_Init)
    MX_TIM3_Init                             0x08004d9d   Thumb Code   108  tim.o(.text.MX_TIM3_Init)
    MX_TIM6_Init                             0x08004e09   Thumb Code    68  tim.o(.text.MX_TIM6_Init)
    MX_USART3_UART_Init                      0x08004e4d   Thumb Code    64  usart.o(.text.MX_USART3_UART_Init)
    MemManage_Handler                        0x08004e8d   Thumb Code     2  stm32h7xx_it.o(.text.MemManage_Handler)
    NMI_Handler                              0x08004e8f   Thumb Code     2  stm32h7xx_it.o(.text.NMI_Handler)
    PendSV_Handler                           0x08004e91   Thumb Code     2  stm32h7xx_it.o(.text.PendSV_Handler)
    SVC_Handler                              0x08005065   Thumb Code     2  stm32h7xx_it.o(.text.SVC_Handler)
    SysTick_Handler                          0x08005067   Thumb Code     4  stm32h7xx_it.o(.text.SysTick_Handler)
    SystemClock_Config                       0x0800506d   Thumb Code   184  main.o(.text.SystemClock_Config)
    SystemInit                               0x08005125   Thumb Code   100  system_stm32h7xx.o(.text.SystemInit)
    TIM_Base_SetConfig                       0x08005189   Thumb Code   252  stm32h7xx_hal_tim.o(.text.TIM_Base_SetConfig)
    UART_AdvFeatureConfig                    0x080052c9   Thumb Code   212  stm32h7xx_hal_uart.o(.text.UART_AdvFeatureConfig)
    UART_CheckIdleState                      0x0800539d   Thumb Code   104  stm32h7xx_hal_uart.o(.text.UART_CheckIdleState)
    UART_SetConfig                           0x08005405   Thumb Code  1276  stm32h7xx_hal_uart.o(.text.UART_SetConfig)
    UART_WaitOnFlagUntilTimeout              0x08005901   Thumb Code   108  stm32h7xx_hal_uart.o(.text.UART_WaitOnFlagUntilTimeout)
    UsageFault_Handler                       0x0800596d   Thumb Code     2  stm32h7xx_it.o(.text.UsageFault_Handler)
    dac_gomid                                0x08005995   Thumb Code    44  dac_gen.o(.text.dac_gomid)
    dac_plot_countinue                       0x080059c1   Thumb Code   236  dac_gen.o(.text.dac_plot_countinue)
    fast_rfft_64                             0x08005aad   Thumb Code    84  fft.o(.text.fast_rfft_64)
    fputc                                    0x08005afd   Thumb Code    32  main.o(.text.fputc)
    han_win                                  0x08005b21   Thumb Code   128  dac_gen.o(.text.han_win)
    main                                     0x08005ba1   Thumb Code   256  main.o(.text.main)
    __0printf                                0x08005ca1   Thumb Code    22  printfa.o(i.__0printf)
    __1printf                                0x08005ca1   Thumb Code     0  printfa.o(i.__0printf)
    __2printf                                0x08005ca1   Thumb Code     0  printfa.o(i.__0printf)
    __c89printf                              0x08005ca1   Thumb Code     0  printfa.o(i.__0printf)
    printf                                   0x08005ca1   Thumb Code     0  printfa.o(i.__0printf)
    __ARM_fpclassify                         0x08005cc1   Thumb Code    48  fpclassify.o(i.__ARM_fpclassify)
    __hardfp_cos                             0x08005cf1   Thumb Code   158  cos.o(i.__hardfp_cos)
    __hardfp_sin                             0x08005da1   Thumb Code   158  sin.o(i.__hardfp_sin)
    __ieee754_rem_pio2                       0x08005e51   Thumb Code   646  rred.o(i.__ieee754_rem_pio2)
    __kernel_cos                             0x08006159   Thumb Code   182  cos_i.o(i.__kernel_cos)
    __kernel_poly                            0x0800621d   Thumb Code   112  poly.o(i.__kernel_poly)
    __kernel_sin                             0x08006291   Thumb Code   144  sin_i.o(i.__kernel_sin)
    __mathlib_dbl_invalid                    0x08006331   Thumb Code    10  dunder.o(i.__mathlib_dbl_invalid)
    __mathlib_dbl_underflow                  0x08006349   Thumb Code    10  dunder.o(i.__mathlib_dbl_underflow)
    __scatterload_copy                       0x08006361   Thumb Code    14  handlers.o(i.__scatterload_copy)
    __scatterload_null                       0x0800636f   Thumb Code     2  handlers.o(i.__scatterload_null)
    __scatterload_zeroinit                   0x08006371   Thumb Code    14  handlers.o(i.__scatterload_zeroinit)
    __set_errno                              0x08006381   Thumb Code     6  errno.o(i.__set_errno)
    fabs                                     0x08006c3f   Thumb Code    24  fabs.o(i.fabs)
    twiddleCoef_16                           0x08006c58   Data         128  arm_common_tables.o(.constdata)
    twiddleCoef_32                           0x08006cd8   Data         256  arm_common_tables.o(.constdata)
    twiddleCoef_64                           0x08006dd8   Data         512  arm_common_tables.o(.constdata)
    twiddleCoef_128                          0x08006fd8   Data        1024  arm_common_tables.o(.constdata)
    twiddleCoef_256                          0x080073d8   Data        2048  arm_common_tables.o(.constdata)
    twiddleCoef_512                          0x08007bd8   Data        4096  arm_common_tables.o(.constdata)
    twiddleCoef_1024                         0x08008bd8   Data        8192  arm_common_tables.o(.constdata)
    twiddleCoef_2048                         0x0800abd8   Data       16384  arm_common_tables.o(.constdata)
    armBitRevIndexTable16                    0x0800ebd8   Data          40  arm_common_tables.o(.constdata)
    armBitRevIndexTable32                    0x0800ec00   Data          96  arm_common_tables.o(.constdata)
    armBitRevIndexTable64                    0x0800ec60   Data         112  arm_common_tables.o(.constdata)
    armBitRevIndexTable128                   0x0800ecd0   Data         416  arm_common_tables.o(.constdata)
    armBitRevIndexTable256                   0x0800ee70   Data         880  arm_common_tables.o(.constdata)
    armBitRevIndexTable512                   0x0800f1e0   Data         896  arm_common_tables.o(.constdata)
    armBitRevIndexTable1024                  0x0800f560   Data        3600  arm_common_tables.o(.constdata)
    armBitRevIndexTable2048                  0x08010370   Data        7616  arm_common_tables.o(.constdata)
    twiddleCoef_rfft_32                      0x08012130   Data         128  arm_common_tables.o(.constdata)
    twiddleCoef_rfft_64                      0x080121b0   Data         256  arm_common_tables.o(.constdata)
    twiddleCoef_rfft_128                     0x080122b0   Data         512  arm_common_tables.o(.constdata)
    twiddleCoef_rfft_256                     0x080124b0   Data        1024  arm_common_tables.o(.constdata)
    twiddleCoef_rfft_512                     0x080128b0   Data        2048  arm_common_tables.o(.constdata)
    twiddleCoef_rfft_1024                    0x080130b0   Data        4096  arm_common_tables.o(.constdata)
    twiddleCoef_rfft_2048                    0x080140b0   Data        8192  arm_common_tables.o(.constdata)
    twiddleCoef_rfft_4096                    0x080160b0   Data       16384  arm_common_tables.o(.constdata)
    D1CorePrescTable                         0x0801a1d0   Data          16  system_stm32h7xx.o(.rodata.D1CorePrescTable)
    Region$$Table$$Base                      0x0801a1f8   Number         0  anon$$obj.o(Region$$Table)
    Region$$Table$$Limit                     0x0801a218   Number         0  anon$$obj.o(Region$$Table)
    __stdout                                 0x24000000   Data           4  stdout.o(.data)
    SystemCoreClock                          0x24000010   Data           4  system_stm32h7xx.o(.data.SystemCoreClock)
    SystemD2Clock                            0x24000014   Data           4  system_stm32h7xx.o(.data.SystemD2Clock)
    DAC_Status                               0x24000018   Data           8  dac_gen.o(.bss.DAC_Status)
    Plot_Bank0                               0x24000020   Data         500  dac_gen.o(.bss.Plot_Bank0)
    Plot_Bank1                               0x24000214   Data         500  dac_gen.o(.bss.Plot_Bank1)
    adc_plot                                 0x24000408   Data         128  main.o(.bss.adc_plot)
    fftouttable                              0x24000488   Data         256  main.o(.bss.fftouttable)
    hadc2                                    0x24000588   Data         100  adc.o(.bss.hadc2)
    hdac1                                    0x240005ec   Data          20  dac.o(.bss.hdac1)
    hdma_adc2                                0x24000600   Data         120  adc.o(.bss.hdma_adc2)
    hdma_dac1_ch1                            0x24000678   Data         120  dac.o(.bss.hdma_dac1_ch1)
    htim3                                    0x240006f0   Data          64  tim.o(.bss.htim3)
    htim6                                    0x24000730   Data          64  tim.o(.bss.htim6)
    huart3                                   0x24000770   Data         128  usart.o(.bss.huart3)
    magoutput                                0x240007f0   Data         128  fft.o(.bss.magoutput)
    string_counter                           0x24000870   Data           2  main.o(.bss.string_counter)
    __initial_sp                             0x24000c78   Data           0  startup_stm32h743xx.o(STACK)



==============================================================================

Memory Map of the image

  Image Entry point : 0x08000359

  Load Region LR_IROM1 (Base: 0x08000000, Size: 0x0001a230, Max: 0x00200000, ABSOLUTE)

    Execution Region ER_IROM1 (Exec base: 0x08000000, Load base: 0x08000000, Size: 0x0001a218, Max: 0x00200000, ABSOLUTE)

    Exec Addr    Load Addr    Size         Type   Attr      Idx    E Section Name        Object

    0x08000000   0x08000000   0x00000298   Data   RO            3    RESET               startup_stm32h743xx.o
    0x08000298   0x08000298   0x000000c0   Code   RO         1993    . text              arm_cortexM7lfdp_math.lib(arm_bitreversal2.o)
    0x08000358   0x08000358   0x00000000   Code   RO         2021  * .ARM.Collect$$$$00000000  mc_w.l(entry.o)
    0x08000358   0x08000358   0x00000004   Code   RO         2317    .ARM.Collect$$$$00000001  mc_w.l(entry2.o)
    0x0800035c   0x0800035c   0x00000004   Code   RO         2320    .ARM.Collect$$$$00000004  mc_w.l(entry5.o)
    0x08000360   0x08000360   0x00000000   Code   RO         2322    .ARM.Collect$$$$00000008  mc_w.l(entry7b.o)
    0x08000360   0x08000360   0x00000000   Code   RO         2324    .ARM.Collect$$$$0000000A  mc_w.l(entry8b.o)
    0x08000360   0x08000360   0x00000008   Code   RO         2325    .ARM.Collect$$$$0000000B  mc_w.l(entry9a.o)
    0x08000368   0x08000368   0x00000000   Code   RO         2327    .ARM.Collect$$$$0000000D  mc_w.l(entry10a.o)
    0x08000368   0x08000368   0x00000000   Code   RO         2329    .ARM.Collect$$$$0000000F  mc_w.l(entry11a.o)
    0x08000368   0x08000368   0x00000004   Code   RO         2318    .ARM.Collect$$$$00002712  mc_w.l(entry2.o)
    0x0800036c   0x0800036c   0x00000024   Code   RO            4    .text               startup_stm32h743xx.o
    0x08000390   0x08000390   0x00000100   Code   RO         1763    .text               arm_cortexM7lfdp_math.lib(arm_cmplx_mag_f32.o)
    0x08000490   0x08000490   0x00000194   Code   RO         1810    .text               arm_cortexM7lfdp_math.lib(arm_rfft_fast_f32.o)
    0x08000624   0x08000624   0x00000128   Code   RO         1838    .text               arm_cortexM7lfdp_math.lib(arm_rfft_fast_init_f32.o)
    0x0800074c   0x0800074c   0x00000750   Code   RO         1866    .text               arm_cortexM7lfdp_math.lib(arm_cfft_f32.o)
    0x08000e9c   0x08000e9c   0x000004ca   Code   RO         1972    .text               arm_cortexM7lfdp_math.lib(arm_cfft_radix8_f32.o)
    0x08001366   0x08001366   0x00000062   Code   RO         2024    .text               mc_w.l(uldiv.o)
    0x080013c8   0x080013c8   0x00000024   Code   RO         2026    .text               mc_w.l(memseta.o)
    0x080013ec   0x080013ec   0x0000002c   Code   RO         2332    .text               mc_w.l(uidiv.o)
    0x08001418   0x08001418   0x0000001e   Code   RO         2334    .text               mc_w.l(llshl.o)
    0x08001436   0x08001436   0x00000020   Code   RO         2336    .text               mc_w.l(llushr.o)
    0x08001456   0x08001456   0x00000000   Code   RO         2345    .text               mc_w.l(iusefp.o)
    0x08001456   0x08001456   0x0000014e   Code   RO         2346    .text               mf_w.l(dadd.o)
    0x080015a4   0x080015a4   0x000000e4   Code   RO         2348    .text               mf_w.l(dmul.o)
    0x08001688   0x08001688   0x000000de   Code   RO         2350    .text               mf_w.l(ddiv.o)
    0x08001766   0x08001766   0x00000030   Code   RO         2352    .text               mf_w.l(dfixul.o)
    0x08001796   0x08001796   0x00000002   PAD
    0x08001798   0x08001798   0x00000030   Code   RO         2354    .text               mf_w.l(cdrcmple.o)
    0x080017c8   0x080017c8   0x00000024   Code   RO         2366    .text               mc_w.l(init.o)
    0x080017ec   0x080017ec   0x00000024   Code   RO         2368    .text               mc_w.l(llsshr.o)
    0x08001810   0x08001810   0x000000ba   Code   RO         2370    .text               mf_w.l(depilogue.o)
    0x080018ca   0x080018ca   0x00000002   PAD
    0x080018cc   0x080018cc   0x000000c0   Code   RO          238    .text.ADC_ConversionStop  stm32h7xx_hal_adc.o
    0x0800198c   0x0800198c   0x0000005c   Code   RO          260    .text.ADC_DMAConvCplt  stm32h7xx_hal_adc.o
    0x080019e8   0x080019e8   0x00000016   Code   RO          264    .text.ADC_DMAError  stm32h7xx_hal_adc.o
    0x080019fe   0x080019fe   0x00000006   Code   RO          262    .text.ADC_DMAHalfConvCplt  stm32h7xx_hal_adc.o
    0x08001a04   0x08001a04   0x00000060   Code   RO          240    .text.ADC_Disable   stm32h7xx_hal_adc.o
    0x08001a64   0x08001a64   0x00000068   Code   RO          246    .text.ADC_Enable    stm32h7xx_hal_adc.o
    0x08001acc   0x08001acc   0x0000000c   Code   RO          191    .text.ADC_IRQHandler  stm32h7xx_it.o
    0x08001ad8   0x08001ad8   0x00000002   Code   RO          175    .text.BusFault_Handler  stm32h7xx_it.o
    0x08001ada   0x08001ada   0x00000010   Code   RO          435    .text.DAC_DMAConvCpltCh1  stm32h7xx_hal_dac.o
    0x08001aea   0x08001aea   0x00000010   Code   RO          496    .text.DAC_DMAConvCpltCh2  stm32h7xx_hal_dac_ex.o
    0x08001afa   0x08001afa   0x00000018   Code   RO          439    .text.DAC_DMAErrorCh1  stm32h7xx_hal_dac.o
    0x08001b12   0x08001b12   0x00000018   Code   RO          500    .text.DAC_DMAErrorCh2  stm32h7xx_hal_dac_ex.o
    0x08001b2a   0x08001b2a   0x00000006   Code   RO          437    .text.DAC_DMAHalfConvCpltCh1  stm32h7xx_hal_dac.o
    0x08001b30   0x08001b30   0x00000006   Code   RO          498    .text.DAC_DMAHalfConvCpltCh2  stm32h7xx_hal_dac_ex.o
    0x08001b36   0x08001b36   0x00000002   PAD
    0x08001b38   0x08001b38   0x0000000c   Code   RO          187    .text.DMA1_Stream1_IRQHandler  stm32h7xx_it.o
    0x08001b44   0x08001b44   0x0000000c   Code   RO          189    .text.DMA1_Stream2_IRQHandler  stm32h7xx_it.o
    0x08001b50   0x08001b50   0x00000034   Code   RO         1201    .text.DMA_CalcBaseAndBitshift  stm32h7xx_hal_dma.o
    0x08001b84   0x08001b84   0x00000054   Code   RO         1203    .text.DMA_CalcDMAMUXChannelBaseAndMask  stm32h7xx_hal_dma.o
    0x08001bd8   0x08001bd8   0x00000048   Code   RO         1205    .text.DMA_CalcDMAMUXRequestGenBaseAndMask  stm32h7xx_hal_dma.o
    0x08001c20   0x08001c20   0x00000088   Code   RO         1211    .text.DMA_SetConfig  stm32h7xx_hal_dma.o
    0x08001ca8   0x08001ca8   0x00000002   Code   RO          181    .text.DebugMon_Handler  stm32h7xx_it.o
    0x08001caa   0x08001caa   0x00000008   Code   RO          193    .text.EXTI15_10_IRQHandler  stm32h7xx_it.o
    0x08001cb2   0x08001cb2   0x00000002   Code   RO           49    .text.Error_Handler  main.o
    0x08001cb4   0x08001cb4   0x0000008a   Code   RO          299    .text.HAL_ADCEx_Calibration_Start  stm32h7xx_hal_adc_ex.o
    0x08001d3e   0x08001d3e   0x00000002   Code   RO          335    .text.HAL_ADCEx_EndOfSamplingCallback  stm32h7xx_hal_adc_ex.o
    0x08001d40   0x08001d40   0x00000002   Code   RO          327    .text.HAL_ADCEx_InjectedConvCpltCallback  stm32h7xx_hal_adc_ex.o
    0x08001d42   0x08001d42   0x00000002   Code   RO          329    .text.HAL_ADCEx_InjectedQueueOverflowCallback  stm32h7xx_hal_adc_ex.o
    0x08001d44   0x08001d44   0x00000002   Code   RO          331    .text.HAL_ADCEx_LevelOutOfWindow2Callback  stm32h7xx_hal_adc_ex.o
    0x08001d46   0x08001d46   0x00000002   Code   RO          333    .text.HAL_ADCEx_LevelOutOfWindow3Callback  stm32h7xx_hal_adc_ex.o
    0x08001d48   0x08001d48   0x00000558   Code   RO          280    .text.HAL_ADC_ConfigChannel  stm32h7xx_hal_adc.o
    0x080022a0   0x080022a0   0x00000002   Code   RO          272    .text.HAL_ADC_ConvCpltCallback  stm32h7xx_hal_adc.o
    0x080022a2   0x080022a2   0x00000002   Code   RO          278    .text.HAL_ADC_ConvHalfCpltCallback  stm32h7xx_hal_adc.o
    0x080022a4   0x080022a4   0x0000001c   Code   RO           43    .text.HAL_ADC_ErrorCallback  main.o
    0x080022c0   0x080022c0   0x000002a8   Code   RO          270    .text.HAL_ADC_IRQHandler  stm32h7xx_hal_adc.o
    0x08002568   0x08002568   0x00000278   Code   RO          232    .text.HAL_ADC_Init  stm32h7xx_hal_adc.o
    0x080027e0   0x080027e0   0x00000002   Code   RO          274    .text.HAL_ADC_LevelOutOfWindowCallback  stm32h7xx_hal_adc.o
    0x080027e2   0x080027e2   0x00000002   PAD
    0x080027e4   0x080027e4   0x0000007c   Code   RO           81    .text.HAL_ADC_MspInit  adc.o
    0x08002860   0x08002860   0x000000f0   Code   RO          258    .text.HAL_ADC_Start_DMA  stm32h7xx_hal_adc.o
    0x08002950   0x08002950   0x00000070   Code   RO          266    .text.HAL_ADC_Stop_DMA  stm32h7xx_hal_adc.o
    0x080029c0   0x080029c0   0x00000002   Code   RO          480    .text.HAL_DACEx_ConvCpltCallbackCh2  stm32h7xx_hal_dac_ex.o
    0x080029c2   0x080029c2   0x00000002   Code   RO          482    .text.HAL_DACEx_ConvHalfCpltCallbackCh2  stm32h7xx_hal_dac_ex.o
    0x080029c4   0x080029c4   0x00000002   Code   RO          484    .text.HAL_DACEx_ErrorCallbackCh2  stm32h7xx_hal_dac_ex.o
    0x080029c6   0x080029c6   0x00000002   PAD
    0x080029c8   0x080029c8   0x000000fc   Code   RO          457    .text.HAL_DAC_ConfigChannel  stm32h7xx_hal_dac.o
    0x08002ac4   0x08002ac4   0x00000004   PAD
    0x08002ac8   0x08002ac8   0x00000088   Code   RO           15    .text.HAL_DAC_ConvCpltCallbackCh1  dac_gen.o
    0x08002b50   0x08002b50   0x00000002   Code   RO          451    .text.HAL_DAC_ConvHalfCpltCallbackCh1  stm32h7xx_hal_dac.o
    0x08002b52   0x08002b52   0x00000002   Code   RO          453    .text.HAL_DAC_ErrorCallbackCh1  stm32h7xx_hal_dac.o
    0x08002b54   0x08002b54   0x00000026   Code   RO          421    .text.HAL_DAC_Init  stm32h7xx_hal_dac.o
    0x08002b7a   0x08002b7a   0x00000002   PAD
    0x08002b7c   0x08002b7c   0x000000a8   Code   RO          100    .text.HAL_DAC_MspInit  dac.o
    0x08002c24   0x08002c24   0x000000e0   Code   RO          433    .text.HAL_DAC_Start_DMA  stm32h7xx_hal_dac.o
    0x08002d04   0x08002d04   0x000000e0   Code   RO         1215    .text.HAL_DMA_Abort  stm32h7xx_hal_dma.o
    0x08002de4   0x08002de4   0x000002dc   Code   RO         1221    .text.HAL_DMA_IRQHandler  stm32h7xx_hal_dma.o
    0x080030c0   0x080030c0   0x000001f4   Code   RO         1199    .text.HAL_DMA_Init  stm32h7xx_hal_dma.o
    0x080032b4   0x080032b4   0x000000d4   Code   RO         1213    .text.HAL_DMA_Start_IT  stm32h7xx_hal_dma.o
    0x08003388   0x08003388   0x00000020   Code   RO         1474    .text.HAL_Delay     stm32h7xx_hal.o
    0x080033a8   0x080033a8   0x00000024   Code   RO           37    .text.HAL_GPIO_EXTI_Callback  main.o
    0x080033cc   0x080033cc   0x00000014   Code   RO         1151    .text.HAL_GPIO_EXTI_IRQHandler  stm32h7xx_hal_gpio.o
    0x080033e0   0x080033e0   0x00000184   Code   RO         1139    .text.HAL_GPIO_Init  stm32h7xx_hal_gpio.o
    0x08003564   0x08003564   0x00000008   Code   RO         1147    .text.HAL_GPIO_TogglePin  stm32h7xx_hal_gpio.o
    0x0800356c   0x0800356c   0x0000000a   Code   RO         1145    .text.HAL_GPIO_WritePin  stm32h7xx_hal_gpio.o
    0x08003576   0x08003576   0x00000002   PAD
    0x08003578   0x08003578   0x00000008   Code   RO         1466    .text.HAL_GetTick   stm32h7xx_hal.o
    0x08003580   0x08003580   0x00000014   Code   RO         1464    .text.HAL_IncTick   stm32h7xx_hal.o
    0x08003594   0x08003594   0x0000001c   Code   RO         1454    .text.HAL_Init      stm32h7xx_hal.o
    0x080035b0   0x080035b0   0x0000003c   Code   RO         1456    .text.HAL_InitTick  stm32h7xx_hal.o
    0x080035ec   0x080035ec   0x00000020   Code   RO          205    .text.HAL_MspInit   stm32h7xx_hal_msp.o
    0x0800360c   0x0800360c   0x0000001c   Code   RO          374    .text.HAL_NVIC_EnableIRQ  stm32h7xx_hal_cortex.o
    0x08003628   0x08003628   0x00000044   Code   RO          370    .text.HAL_NVIC_SetPriority  stm32h7xx_hal_cortex.o
    0x0800366c   0x0800366c   0x00000020   Code   RO          368    .text.HAL_NVIC_SetPriorityGrouping  stm32h7xx_hal_cortex.o
    0x0800368c   0x0800368c   0x00000030   Code   RO         1027    .text.HAL_RCCEx_GetD1SysClockFreq  stm32h7xx_hal_rcc_ex.o
    0x080036bc   0x080036bc   0x0000002c   Code   RO         1025    .text.HAL_RCCEx_GetD3PCLK1Freq  stm32h7xx_hal_rcc_ex.o
    0x080036e8   0x080036e8   0x000000e0   Code   RO         1019    .text.HAL_RCCEx_GetPLL2ClockFreq  stm32h7xx_hal_rcc_ex.o
    0x080037c8   0x080037c8   0x000000e0   Code   RO         1021    .text.HAL_RCCEx_GetPLL3ClockFreq  stm32h7xx_hal_rcc_ex.o
    0x080038a8   0x080038a8   0x000007d8   Code   RO         1007    .text.HAL_RCCEx_PeriphCLKConfig  stm32h7xx_hal_rcc_ex.o
    0x08004080   0x08004080   0x000001bc   Code   RO          974    .text.HAL_RCC_ClockConfig  stm32h7xx_hal_rcc.o
    0x0800423c   0x0800423c   0x00000030   Code   RO          982    .text.HAL_RCC_GetHCLKFreq  stm32h7xx_hal_rcc.o
    0x0800426c   0x0800426c   0x00000024   Code   RO          984    .text.HAL_RCC_GetPCLK1Freq  stm32h7xx_hal_rcc.o
    0x08004290   0x08004290   0x0000002c   Code   RO          986    .text.HAL_RCC_GetPCLK2Freq  stm32h7xx_hal_rcc.o
    0x080042bc   0x080042bc   0x000000dc   Code   RO          976    .text.HAL_RCC_GetSysClockFreq  stm32h7xx_hal_rcc.o
    0x08004398   0x08004398   0x00000478   Code   RO          972    .text.HAL_RCC_OscConfig  stm32h7xx_hal_rcc.o
    0x08004810   0x08004810   0x00000028   Code   RO          382    .text.HAL_SYSTICK_Config  stm32h7xx_hal_cortex.o
    0x08004838   0x08004838   0x00000054   Code   RO          796    .text.HAL_TIMEx_MasterConfigSynchronization  stm32h7xx_hal_tim_ex.o
    0x0800488c   0x0800488c   0x00000034   Code   RO          513    .text.HAL_TIM_Base_Init  stm32h7xx_hal_tim.o
    0x080048c0   0x080048c0   0x0000004c   Code   RO          134    .text.HAL_TIM_Base_MspInit  tim.o
    0x0800490c   0x0800490c   0x0000001a   Code   RO          523    .text.HAL_TIM_Base_Start  stm32h7xx_hal_tim.o
    0x08004926   0x08004926   0x00000002   PAD
    0x08004928   0x08004928   0x00000130   Code   RO          693    .text.HAL_TIM_ConfigClockSource  stm32h7xx_hal_tim.o
    0x08004a58   0x08004a58   0x00000064   Code   RO          825    .text.HAL_UART_Init  stm32h7xx_hal_uart.o
    0x08004abc   0x08004abc   0x00000060   Code   RO          153    .text.HAL_UART_MspInit  usart.o
    0x08004b1c   0x08004b1c   0x000000b8   Code   RO          845    .text.HAL_UART_Transmit  stm32h7xx_hal_uart.o
    0x08004bd4   0x08004bd4   0x00000002   Code   RO          171    .text.HardFault_Handler  stm32h7xx_it.o
    0x08004bd6   0x08004bd6   0x00000002   PAD
    0x08004bd8   0x08004bd8   0x00000078   Code   RO           79    .text.MX_ADC2_Init  adc.o
    0x08004c50   0x08004c50   0x00000048   Code   RO           98    .text.MX_DAC1_Init  dac.o
    0x08004c98   0x08004c98   0x00000040   Code   RO          117    .text.MX_DMA_Init   dma.o
    0x08004cd8   0x08004cd8   0x000000c4   Code   RO           66    .text.MX_GPIO_Init  gpio.o
    0x08004d9c   0x08004d9c   0x0000006c   Code   RO          130    .text.MX_TIM3_Init  tim.o
    0x08004e08   0x08004e08   0x00000044   Code   RO          132    .text.MX_TIM6_Init  tim.o
    0x08004e4c   0x08004e4c   0x00000040   Code   RO          151    .text.MX_USART3_UART_Init  usart.o
    0x08004e8c   0x08004e8c   0x00000002   Code   RO          173    .text.MemManage_Handler  stm32h7xx_it.o
    0x08004e8e   0x08004e8e   0x00000002   Code   RO          169    .text.NMI_Handler   stm32h7xx_it.o
    0x08004e90   0x08004e90   0x00000002   Code   RO          183    .text.PendSV_Handler  stm32h7xx_it.o
    0x08004e92   0x08004e92   0x00000002   PAD
    0x08004e94   0x08004e94   0x000000e8   Code   RO         1009    .text.RCCEx_PLL2_Config  stm32h7xx_hal_rcc_ex.o
    0x08004f7c   0x08004f7c   0x000000e8   Code   RO         1011    .text.RCCEx_PLL3_Config  stm32h7xx_hal_rcc_ex.o
    0x08005064   0x08005064   0x00000002   Code   RO          179    .text.SVC_Handler   stm32h7xx_it.o
    0x08005066   0x08005066   0x00000004   Code   RO          185    .text.SysTick_Handler  stm32h7xx_it.o
    0x0800506a   0x0800506a   0x00000002   PAD
    0x0800506c   0x0800506c   0x000000b8   Code   RO           47    .text.SystemClock_Config  main.o
    0x08005124   0x08005124   0x00000064   Code   RO         1743    .text.SystemInit    system_stm32h7xx.o
    0x08005188   0x08005188   0x000000fc   Code   RO          517    .text.TIM_Base_SetConfig  stm32h7xx_hal_tim.o
    0x08005284   0x08005284   0x00000022   Code   RO          695    .text.TIM_TI1_ConfigInputStage  stm32h7xx_hal_tim.o
    0x080052a6   0x080052a6   0x00000022   Code   RO          697    .text.TIM_TI2_ConfigInputStage  stm32h7xx_hal_tim.o
    0x080052c8   0x080052c8   0x000000d4   Code   RO          831    .text.UART_AdvFeatureConfig  stm32h7xx_hal_uart.o
    0x0800539c   0x0800539c   0x00000068   Code   RO          833    .text.UART_CheckIdleState  stm32h7xx_hal_uart.o
    0x08005404   0x08005404   0x000004fc   Code   RO          829    .text.UART_SetConfig  stm32h7xx_hal_uart.o
    0x08005900   0x08005900   0x0000006c   Code   RO          847    .text.UART_WaitOnFlagUntilTimeout  stm32h7xx_hal_uart.o
    0x0800596c   0x0800596c   0x00000002   Code   RO          177    .text.UsageFault_Handler  stm32h7xx_it.o
    0x0800596e   0x0800596e   0x00000002   PAD
    0x08005970   0x08005970   0x00000024   Code   RO          372    .text.__NVIC_SetPriority  stm32h7xx_hal_cortex.o
    0x08005994   0x08005994   0x0000002c   Code   RO           11    .text.dac_gomid     dac_gen.o
    0x080059c0   0x080059c0   0x000000ec   Code   RO           17    .text.dac_plot_countinue  dac_gen.o
    0x08005aac   0x08005aac   0x00000050   Code   RO          218    .text.fast_rfft_64  fft.o
    0x08005afc   0x08005afc   0x00000020   Code   RO           39    .text.fputc         main.o
    0x08005b1c   0x08005b1c   0x00000004   PAD
    0x08005b20   0x08005b20   0x00000080   Code   RO           21    .text.han_win       dac_gen.o
    0x08005ba0   0x08005ba0   0x00000100   Code   RO           45    .text.main          main.o
    0x08005ca0   0x08005ca0   0x00000020   Code   RO         2261    i.__0printf         mc_w.l(printfa.o)
    0x08005cc0   0x08005cc0   0x00000030   Code   RO         2362    i.__ARM_fpclassify  m_wv.l(fpclassify.o)
    0x08005cf0   0x08005cf0   0x000000b0   Code   RO         1997    i.__hardfp_cos      m_wv.l(cos.o)
    0x08005da0   0x08005da0   0x000000b0   Code   RO         2009    i.__hardfp_sin      m_wv.l(sin.o)
    0x08005e50   0x08005e50   0x00000308   Code   RO         2306    i.__ieee754_rem_pio2  m_wv.l(rred.o)
    0x08006158   0x08006158   0x000000c4   Code   RO         2289    i.__kernel_cos      m_wv.l(cos_i.o)
    0x0800621c   0x0800621c   0x00000070   Code   RO         2364    i.__kernel_poly     m_wv.l(poly.o)
    0x0800628c   0x0800628c   0x00000004   PAD
    0x08006290   0x08006290   0x000000a0   Code   RO         2311    i.__kernel_sin      m_wv.l(sin_i.o)
    0x08006330   0x08006330   0x00000018   Code   RO         2295    i.__mathlib_dbl_invalid  m_wv.l(dunder.o)
    0x08006348   0x08006348   0x00000018   Code   RO         2298    i.__mathlib_dbl_underflow  m_wv.l(dunder.o)
    0x08006360   0x08006360   0x0000000e   Code   RO         2374    i.__scatterload_copy  mc_w.l(handlers.o)
    0x0800636e   0x0800636e   0x00000002   Code   RO         2375    i.__scatterload_null  mc_w.l(handlers.o)
    0x08006370   0x08006370   0x0000000e   Code   RO         2376    i.__scatterload_zeroinit  mc_w.l(handlers.o)
    0x0800637e   0x0800637e   0x00000002   PAD
    0x08006380   0x08006380   0x0000000c   Code   RO         2340    i.__set_errno       mc_w.l(errno.o)
    0x0800638c   0x0800638c   0x00000184   Code   RO         2268    i._fp_digits        mc_w.l(printfa.o)
    0x08006510   0x08006510   0x000006dc   Code   RO         2269    i._printf_core      mc_w.l(printfa.o)
    0x08006bec   0x08006bec   0x00000024   Code   RO         2270    i._printf_post_padding  mc_w.l(printfa.o)
    0x08006c10   0x08006c10   0x0000002e   Code   RO         2271    i._printf_pre_padding  mc_w.l(printfa.o)
    0x08006c3e   0x08006c3e   0x00000018   Code   RO         2358    i.fabs              m_wv.l(fabs.o)
    0x08006c56   0x08006c56   0x00000002   PAD
    0x08006c58   0x08006c58   0x00000080   Data   RO         1891    .constdata          arm_cortexM7lfdp_math.lib(arm_common_tables.o)
    0x08006cd8   0x08006cd8   0x00000100   Data   RO         1892    .constdata          arm_cortexM7lfdp_math.lib(arm_common_tables.o)
    0x08006dd8   0x08006dd8   0x00000200   Data   RO         1893    .constdata          arm_cortexM7lfdp_math.lib(arm_common_tables.o)
    0x08006fd8   0x08006fd8   0x00000400   Data   RO         1894    .constdata          arm_cortexM7lfdp_math.lib(arm_common_tables.o)
    0x080073d8   0x080073d8   0x00000800   Data   RO         1895    .constdata          arm_cortexM7lfdp_math.lib(arm_common_tables.o)
    0x08007bd8   0x08007bd8   0x00001000   Data   RO         1896    .constdata          arm_cortexM7lfdp_math.lib(arm_common_tables.o)
    0x08008bd8   0x08008bd8   0x00002000   Data   RO         1897    .constdata          arm_cortexM7lfdp_math.lib(arm_common_tables.o)
    0x0800abd8   0x0800abd8   0x00004000   Data   RO         1898    .constdata          arm_cortexM7lfdp_math.lib(arm_common_tables.o)
    0x0800ebd8   0x0800ebd8   0x00000028   Data   RO         1920    .constdata          arm_cortexM7lfdp_math.lib(arm_common_tables.o)
    0x0800ec00   0x0800ec00   0x00000060   Data   RO         1921    .constdata          arm_cortexM7lfdp_math.lib(arm_common_tables.o)
    0x0800ec60   0x0800ec60   0x00000070   Data   RO         1922    .constdata          arm_cortexM7lfdp_math.lib(arm_common_tables.o)
    0x0800ecd0   0x0800ecd0   0x000001a0   Data   RO         1923    .constdata          arm_cortexM7lfdp_math.lib(arm_common_tables.o)
    0x0800ee70   0x0800ee70   0x00000370   Data   RO         1924    .constdata          arm_cortexM7lfdp_math.lib(arm_common_tables.o)
    0x0800f1e0   0x0800f1e0   0x00000380   Data   RO         1925    .constdata          arm_cortexM7lfdp_math.lib(arm_common_tables.o)
    0x0800f560   0x0800f560   0x00000e10   Data   RO         1926    .constdata          arm_cortexM7lfdp_math.lib(arm_common_tables.o)
    0x08010370   0x08010370   0x00001dc0   Data   RO         1927    .constdata          arm_cortexM7lfdp_math.lib(arm_common_tables.o)
    0x08012130   0x08012130   0x00000080   Data   RO         1938    .constdata          arm_cortexM7lfdp_math.lib(arm_common_tables.o)
    0x080121b0   0x080121b0   0x00000100   Data   RO         1939    .constdata          arm_cortexM7lfdp_math.lib(arm_common_tables.o)
    0x080122b0   0x080122b0   0x00000200   Data   RO         1940    .constdata          arm_cortexM7lfdp_math.lib(arm_common_tables.o)
    0x080124b0   0x080124b0   0x00000400   Data   RO         1941    .constdata          arm_cortexM7lfdp_math.lib(arm_common_tables.o)
    0x080128b0   0x080128b0   0x00000800   Data   RO         1942    .constdata          arm_cortexM7lfdp_math.lib(arm_common_tables.o)
    0x080130b0   0x080130b0   0x00001000   Data   RO         1943    .constdata          arm_cortexM7lfdp_math.lib(arm_common_tables.o)
    0x080140b0   0x080140b0   0x00002000   Data   RO         1944    .constdata          arm_cortexM7lfdp_math.lib(arm_common_tables.o)
    0x080160b0   0x080160b0   0x00004000   Data   RO         1945    .constdata          arm_cortexM7lfdp_math.lib(arm_common_tables.o)
    0x0801a0b0   0x0801a0b0   0x00000030   Data   RO         2290    .constdata          m_wv.l(cos_i.o)
    0x0801a0e0   0x0801a0e0   0x000000c8   Data   RO         2308    .constdata          m_wv.l(rred.o)
    0x0801a1a8   0x0801a1a8   0x00000028   Data   RO         2312    .constdata          m_wv.l(sin_i.o)
    0x0801a1d0   0x0801a1d0   0x00000010   Data   RO         1749    .rodata.D1CorePrescTable  system_stm32h7xx.o
    0x0801a1e0   0x0801a1e0   0x00000018   Data   RO          935    .rodata.UARTPrescTable  stm32h7xx_hal_uart.o
    0x0801a1f8   0x0801a1f8   0x00000020   Data   RO         2372    Region$$Table       anon$$obj.o


    Execution Region RW_IRAM1 (Exec base: 0x24000000, Load base: 0x0801a218, Size: 0x00000c78, Max: 0x00800000, ABSOLUTE)

    Exec Addr    Load Addr    Size         Type   Attr      Idx    E Section Name        Object

    0x24000000   0x0801a218   0x00000004   Data   RW         2331    .data               mc_w.l(stdout.o)
    0x24000004   0x0801a21c   0x00000004   Data   RW         2341    .data               mc_w.l(errno.o)
    0x24000008   0x0801a220   0x00000008   Data   RW         1553    .data..L_MergedGlobals  stm32h7xx_hal.o
    0x24000010   0x0801a228   0x00000004   Data   RW         1747    .data.SystemCoreClock  system_stm32h7xx.o
    0x24000014   0x0801a22c   0x00000004   Data   RW         1748    .data.SystemD2Clock  system_stm32h7xx.o
    0x24000018        -       0x00000008   Zero   RW           25    .bss.DAC_Status     dac_gen.o
    0x24000020        -       0x000001f4   Zero   RW           23    .bss.Plot_Bank0     dac_gen.o
    0x24000214        -       0x000001f4   Zero   RW           24    .bss.Plot_Bank1     dac_gen.o
    0x24000408        -       0x00000080   Zero   RW           51    .bss.adc_plot       main.o
    0x24000488        -       0x00000100   Zero   RW           53    .bss.fftouttable    main.o
    0x24000588        -       0x00000064   Zero   RW           85    .bss.hadc2          adc.o
    0x240005ec        -       0x00000014   Zero   RW          104    .bss.hdac1          dac.o
    0x24000600        -       0x00000078   Zero   RW           86    .bss.hdma_adc2      adc.o
    0x24000678        -       0x00000078   Zero   RW          105    .bss.hdma_dac1_ch1  dac.o
    0x240006f0        -       0x00000040   Zero   RW          138    .bss.htim3          tim.o
    0x24000730        -       0x00000040   Zero   RW          139    .bss.htim6          tim.o
    0x24000770        -       0x00000080   Zero   RW          157    .bss.huart3         usart.o
    0x240007f0        -       0x00000080   Zero   RW          220    .bss.magoutput      fft.o
    0x24000870        -       0x00000002   Zero   RW           52    .bss.string_counter  main.o
    0x24000872   0x0801a230   0x00000002   PAD
    0x24000874        -       0x00000004   Zero   RW         1552    .bss.uwTick         stm32h7xx_hal.o
    0x24000878        -       0x00000400   Zero   RW            1    STACK               startup_stm32h743xx.o


==============================================================================

Image component sizes


      Code (inc. data)   RO Data    RW Data    ZI Data      Debug   Object Name

       244         20          0          0        220      10391   adc.o
       240         28          0          0        140       6977   dac.o
       544         72          0          0       1008       5883   dac_gen.o
        64          4          0          0          0       5374   dma.o
        80          0          0          0        128       1534   fft.o
       196         12          0          0          0       6368   gpio.o
       538         84          0          0        386       9762   main.o
        36          8        664          0       1024        820   startup_stm32h743xx.o
       148          8          0          8          4      16320   stm32h7xx_hal.o
      3550        100          0          0          0      18513   stm32h7xx_hal_adc.o
       148          0          0          0          0      18385   stm32h7xx_hal_adc_ex.o
       204         28          0          0          0      12889   stm32h7xx_hal_cortex.o
       564         28          0          0          0       9009   stm32h7xx_hal_dac.o
        52          0          0          0          0       7837   stm32h7xx_hal_dac_ex.o
      2012         96          0          0          0      11322   stm32h7xx_hal_dma.o
       426         24          0          0          0       7163   stm32h7xx_hal_gpio.o
        32          4          0          0          0       2299   stm32h7xx_hal_msp.o
      1936         48          0          0          0      11886   stm32h7xx_hal_rcc.o
      3012        154          0          0          0      17185   stm32h7xx_hal_rcc_ex.o
       702         44          0          0          0      39154   stm32h7xx_hal_tim.o
        84          4          0          0          0      17973   stm32h7xx_hal_tim_ex.o
      1984        162         24          0          0      22831   stm32h7xx_hal_uart.o
        64         12          0          0          0       1861   stm32h7xx_it.o
       100         16         16          8          0       4784   system_stm32h7xx.o
       252         28          0          0        128       7151   tim.o
       160         12          0          0        128       7122   usart.o

    ----------------------------------------------------------------------
     17400       1004        736         16       3168     280793   Object Totals
         0          0         32          0          0          0   (incl. Generated)
        28          8          0          0          2          0   (incl. Padding)

    ----------------------------------------------------------------------

      Code (inc. data)   RO Data    RW Data    ZI Data      Debug   Library Member Name

       192          0          0          0          0        572   arm_bitreversal2.o
      1872          0          0          0          0       4441   arm_cfft_f32.o
      1226          6          0          0          0       3323   arm_cfft_radix8_f32.o
       256          6          0          0          0      19096   arm_cmplx_mag_f32.o
         0          0      78936          0          0       4704   arm_common_tables.o
       404          0          0          0          0      15964   arm_rfft_fast_f32.o
       296         98          0          0          0       1297   arm_rfft_fast_init_f32.o
       176         18          0          0          0        156   cos.o
       196         14         48          0          0        176   cos_i.o
        48         28          0          0          0        232   dunder.o
        24          0          0          0          0        124   fabs.o
        48          0          0          0          0        124   fpclassify.o
       112          0          0          0          0        116   poly.o
       776        130        200          0          0        172   rred.o
       176         18          0          0          0        160   sin.o
       160         16         40          0          0        196   sin_i.o
         0          0          0          0          0          0   entry.o
         0          0          0          0          0          0   entry10a.o
         0          0          0          0          0          0   entry11a.o
         8          4          0          0          0          0   entry2.o
         4          0          0          0          0          0   entry5.o
         0          0          0          0          0          0   entry7b.o
         0          0          0          0          0          0   entry8b.o
         8          4          0          0          0          0   entry9a.o
        12          6          0          4          0         68   errno.o
        30          0          0          0          0          0   handlers.o
        36          8          0          0          0         68   init.o
         0          0          0          0          0          0   iusefp.o
        30          0          0          0          0         68   llshl.o
        36          0          0          0          0         68   llsshr.o
        32          0          0          0          0         68   llushr.o
        36          0          0          0          0        108   memseta.o
      2258         90          0          0          0        452   printfa.o
         0          0          0          4          0          0   stdout.o
        44          0          0          0          0         80   uidiv.o
        98          0          0          0          0         92   uldiv.o
        48          0          0          0          0         68   cdrcmple.o
       334          0          0          0          0        148   dadd.o
       222          0          0          0          0        100   ddiv.o
       186          0          0          0          0        176   depilogue.o
        48          0          0          0          0         68   dfixul.o
       228          0          0          0          0         96   dmul.o

    ----------------------------------------------------------------------
      9672        446      79224          8          0      52581   Library Totals
        12          0          0          0          0          0   (incl. Padding)

    ----------------------------------------------------------------------

      Code (inc. data)   RO Data    RW Data    ZI Data      Debug   Library Name

      4246        110      78936          0          0      49397   arm_cortexM7lfdp_math.lib
      1716        224        288          0          0       1456   m_wv.l
      2632        112          0          8          0       1072   mc_w.l
      1066          0          0          0          0        656   mf_w.l

    ----------------------------------------------------------------------
      9672        446      79224          8          0      52581   Library Totals

    ----------------------------------------------------------------------

==============================================================================


      Code (inc. data)   RO Data    RW Data    ZI Data      Debug   

     27072       1450      79960         24       3168     331062   Grand Totals
     27072       1450      79960         24       3168     331062   ELF Image Totals
     27072       1450      79960         24          0          0   ROM Totals

==============================================================================

    Total RO  Size (Code + RO Data)               107032 ( 104.52kB)
    Total RW  Size (RW Data + ZI Data)              3192 (   3.12kB)
    Total ROM Size (Code + RO Data + RW Data)     107056 ( 104.55kB)

==============================================================================

